Component: ARM Compiler 5.06 update 7 (build 960) Tool: armlink [4d3601]

==============================================================================

Section Cross References

    startup_stm32f407xx.o(RESET) refers to startup_stm32f407xx.o(STACK) for __initial_sp
    startup_stm32f407xx.o(RESET) refers to startup_stm32f407xx.o(.text) for Reset_Handler
    startup_stm32f407xx.o(RESET) refers to stm32f4xx_it.o(i.NMI_Handler) for NMI_Handler
    startup_stm32f407xx.o(RESET) refers to stm32f4xx_it.o(i.HardFault_Handler) for HardFault_Handler
    startup_stm32f407xx.o(RESET) refers to stm32f4xx_it.o(i.MemManage_Handler) for MemManage_Handler
    startup_stm32f407xx.o(RESET) refers to stm32f4xx_it.o(i.BusFault_Handler) for BusFault_Handler
    startup_stm32f407xx.o(RESET) refers to stm32f4xx_it.o(i.UsageFault_Handler) for UsageFault_Handler
    startup_stm32f407xx.o(RESET) refers to port.o(.emb_text) for SVC_Handler
    startup_stm32f407xx.o(RESET) refers to stm32f4xx_it.o(i.DebugMon_Handler) for DebugMon_Handler
    startup_stm32f407xx.o(RESET) refers to delay.o(i.SysTick_Handler) for SysTick_Handler
    startup_stm32f407xx.o(RESET) refers to usmart_port.o(i.TIM4_IRQHandler) for TIM4_IRQHandler
    startup_stm32f407xx.o(RESET) refers to usart.o(i.USART1_IRQHandler) for USART1_IRQHandler
    startup_stm32f407xx.o(RESET) refers to ethernet.o(i.ETH_IRQHandler) for ETH_IRQHandler
    startup_stm32f407xx.o(.text) refers to system_stm32f4xx.o(i.SystemInit) for SystemInit
    startup_stm32f407xx.o(.text) refers to entry.o(.ARM.Collect$$$$00000000) for __main
    main.o(i.main) refers to stm32f4xx_hal.o(i.HAL_Init) for HAL_Init
    main.o(i.main) refers to sys.o(i.sys_stm32_clock_init) for sys_stm32_clock_init
    main.o(i.main) refers to delay.o(i.delay_init) for delay_init
    main.o(i.main) refers to usart.o(i.usart_init) for usart_init
    main.o(i.main) refers to led.o(i.led_init) for led_init
    main.o(i.main) refers to lcd.o(i.lcd_init) for lcd_init
    main.o(i.main) refers to key.o(i.key_init) for key_init
    main.o(i.main) refers to sram.o(i.sram_init) for sram_init
    main.o(i.main) refers to malloc.o(i.my_mem_init) for my_mem_init
    main.o(i.main) refers to freertos_demo.o(i.freertos_demo) for freertos_demo
    main.o(i.main) refers to usmart_config.o(.data) for usmart_dev
    system_stm32f4xx.o(i.SystemCoreClockUpdate) refers to system_stm32f4xx.o(.data) for SystemCoreClock
    system_stm32f4xx.o(i.SystemCoreClockUpdate) refers to system_stm32f4xx.o(.constdata) for AHBPrescTable
    freertos_demo.o(i.display_task) refers to malloc.o(i.mymalloc) for mymalloc
    freertos_demo.o(i.display_task) refers to memseta.o(.text) for __aeabi_memclr
    freertos_demo.o(i.display_task) refers to queue.o(i.xQueueReceive) for xQueueReceive
    freertos_demo.o(i.display_task) refers to lcd.o(i.lcd_fill) for lcd_fill
    freertos_demo.o(i.display_task) refers to lcd.o(i.lcd_show_string) for lcd_show_string
    freertos_demo.o(i.display_task) refers to malloc.o(i.myfree) for myfree
    freertos_demo.o(i.display_task) refers to tasks.o(i.vTaskDelay) for vTaskDelay
    freertos_demo.o(i.display_task) refers to freertos_demo.o(.data) for g_display_queue
    freertos_demo.o(i.display_task) refers to lcd.o(.bss) for lcddev
    freertos_demo.o(i.freertos_demo) refers to tasks.o(i.xTaskCreate) for xTaskCreate
    freertos_demo.o(i.freertos_demo) refers to tasks.o(i.vTaskStartScheduler) for vTaskStartScheduler
    freertos_demo.o(i.freertos_demo) refers to freertos_demo.o(.data) for StartTask_Handler
    freertos_demo.o(i.freertos_demo) refers to freertos_demo.o(i.start_task) for start_task
    freertos_demo.o(i.key_task) refers to key.o(i.key_scan) for key_scan
    freertos_demo.o(i.key_task) refers to sensor.o(i.GetDegreeo) for GetDegreeo
    freertos_demo.o(i.key_task) refers to lcd.o(i.lcd_show_string) for lcd_show_string
    freertos_demo.o(i.key_task) refers to tasks.o(i.vTaskDelay) for vTaskDelay
    freertos_demo.o(i.key_task) refers to lcd.o(i.lcd_fill) for lcd_fill
    freertos_demo.o(i.key_task) refers to lwip_demo.o(.data) for g_lwip_send_flag
    freertos_demo.o(i.led_task) refers to stm32f4xx_hal_gpio.o(i.HAL_GPIO_TogglePin) for HAL_GPIO_TogglePin
    freertos_demo.o(i.led_task) refers to tasks.o(i.vTaskDelay) for vTaskDelay
    freertos_demo.o(i.lwip_demo_task) refers to lwip_demo.o(i.lwip_demo) for lwip_demo
    freertos_demo.o(i.lwip_demo_task) refers to tasks.o(i.vTaskDelay) for vTaskDelay
    freertos_demo.o(i.lwip_test_ui) refers to lcd.o(i.lcd_show_string) for lcd_show_string
    freertos_demo.o(i.lwip_test_ui) refers to printfa.o(i.__0sprintf) for __2sprintf
    freertos_demo.o(i.lwip_test_ui) refers to ethernet.o(i.ethernet_chip_get_speed) for ethernet_chip_get_speed
    freertos_demo.o(i.lwip_test_ui) refers to lcd.o(.bss) for lcddev
    freertos_demo.o(i.lwip_test_ui) refers to lwip_comm.o(.bss) for g_lwipdev
[...]
    asc2_1608                                0x0801bcac   Data        1520  lcd.o(.constdata)
    asc2_2412                                0x0801c29c   Data        3420  lcd.o(.constdata)
    asc2_3216                                0x0801cff8   Data        6080  lcd.o(.constdata)
    memtblsize                               0x0801e7b8   Data          12  malloc.o(.constdata)
    memblksize                               0x0801e7c4   Data          12  malloc.o(.constdata)
    memsize                                  0x0801e7d0   Data          12  malloc.o(.constdata)
    netconn_aborted                          0x0801e7dc   Data           1  api_msg.o(.constdata)
    netconn_reset                            0x0801e7dd   Data           1  api_msg.o(.constdata)
    netconn_closed                           0x0801e7de   Data           1  api_msg.o(.constdata)
    memp_UDP_PCB                             0x0801e7e0   Data          16  memp.o(.constdata)
    memp_TCP_PCB                             0x0801e7f0   Data          16  memp.o(.constdata)
    memp_TCP_PCB_LISTEN                      0x0801e800   Data          16  memp.o(.constdata)
    memp_TCP_SEG                             0x0801e810   Data          16  memp.o(.constdata)
    memp_REASSDATA                           0x0801e820   Data          16  memp.o(.constdata)
    memp_FRAG_PBUF                           0x0801e830   Data          16  memp.o(.constdata)
    memp_NETBUF                              0x0801e840   Data          16  memp.o(.constdata)
    memp_NETCONN                             0x0801e850   Data          16  memp.o(.constdata)
    memp_TCPIP_MSG_API                       0x0801e860   Data          16  memp.o(.constdata)
    memp_TCPIP_MSG_INPKT                     0x0801e870   Data          16  memp.o(.constdata)
    memp_SYS_TIMEOUT                         0x0801e880   Data          16  memp.o(.constdata)
    memp_NETDB                               0x0801e890   Data          16  memp.o(.constdata)
    memp_PBUF                                0x0801e8a0   Data          16  memp.o(.constdata)
    memp_PBUF_POOL                           0x0801e8b0   Data          16  memp.o(.constdata)
    memp_pools                               0x0801e8c0   Data          56  memp.o(.constdata)
    tcp_pcb_lists                            0x0801e938   Data          16  tcp.o(.constdata)
    lwip_cyclic_timers                       0x0801e948   Data          48  timeouts.o(.constdata)
    lwip_num_cyclic_timers                   0x0801e978   Data           4  timeouts.o(.constdata)
    ip_addr_any                              0x0801e97c   Data           4  ip4_addr.o(.constdata)
    ip_addr_broadcast                        0x0801e980   Data           4  ip4_addr.o(.constdata)
    ethbroadcast                             0x0801e984   Data           6  ethernet_1.o(.constdata)
    ethzero                                  0x0801e98a   Data           6  ethernet_1.o(.constdata)
    Region$$Table$$Base                      0x0801ecf4   Number         0  anon$$obj.o(Region$$Table)
    Region$$Table$$Limit                     0x0801ed14   Number         0  anon$$obj.o(Region$$Table)
    SystemCoreClock                          0x20000000   Data           4  system_stm32f4xx.o(.data)
    StartTask_Handler                        0x20000004   Data           4  freertos_demo.o(.data)
    LWIP_Task_Handler                        0x20000008   Data           4  freertos_demo.o(.data)
    LEDTask_Handler                          0x2000000c   Data           4  freertos_demo.o(.data)
    KEYTask_Handler                          0x20000010   Data           4  freertos_demo.o(.data)
    DISPLAYTask_Handler                      0x20000014   Data           4  freertos_demo.o(.data)
    g_display_queue                          0x20000018   Data           4  freertos_demo.o(.data)
    __stdout                                 0x20000020   Data           4  usart.o(.data)
    g_usart_rx_sta                           0x20000024   Data           2  usart.o(.data)
    g_rx_buffer                              0x20000026   Data           1  usart.o(.data)
    uwTick                                   0x20000028   Data           4  stm32f4xx_hal.o(.data)
    uwTickPrio                               0x2000002c   Data           4  stm32f4xx_hal.o(.data)
    uwTickFreq                               0x20000030   Data           1  stm32f4xx_hal.o(.data)
    g_point_color                            0x20000034   Data           4  lcd.o(.data)
    g_back_color                             0x20000038   Data           4  lcd.o(.data)
    g_eth_dma_rx_dscr_tab                    0x20000040   Data           4  ethernet.o(.data)
    g_eth_dma_tx_dscr_tab                    0x20000044   Data           4  ethernet.o(.data)
    g_eth_rx_buf                             0x20000048   Data           4  ethernet.o(.data)
    g_eth_tx_buf                             0x2000004c   Data           4  ethernet.o(.data)
    ADDR                                     0x20000050   Data           1  sensor.o(.data)
    ZF_flag                                  0x20000051   Data           6  sensor.o(.data)
    xun                                      0x20000057   Data           1  sensor.o(.data)
    Rx_Buffer                                0x20000058   Data           6  sensor.o(.data)
    Rx_Cnt                                   0x2000005e   Data           1  sensor.o(.data)
    Rx_Cmd                                   0x2000005f   Data           1  sensor.o(.data)
    Rx_Num                                   0x20000060   Data           1  sensor.o(.data)
    Rx_Flag                                  0x20000061   Data           1  sensor.o(.data)
    sys_cmd_tab                              0x20000064   Data          28  usmart.o(.data)
    usmart_nametab                           0x20000080   Data          56  usmart_config.o(.data)
    usmart_dev                               0x200000b8   Data         244  usmart_config.o(.data)
    mallco_dev                               0x200001ac   Data          36  malloc.o(.data)
    lock_tcpip_core                          0x200001dc   Data           4  tcpip.o(.data)
    netif_list                               0x20000234   Data           4  netif.o(.data)
    netif_default                            0x20000238   Data           4  netif.o(.data)
    tcp_ticks                                0x20000244   Data           4  tcp.o(.data)
    tcp_bound_pcbs                           0x20000248   Data           4  tcp.o(.data)
    tcp_listen_pcbs                          0x2000024c   Data           4  tcp.o(.data)
    tcp_active_pcbs                          0x20000250   Data           4  tcp.o(.data)
    tcp_tw_pcbs                              0x20000254   Data           4  tcp.o(.data)
    tcp_active_pcbs_changed                  0x20000258   Data           1  tcp.o(.data)
    tcp_input_pcb                            0x20000284   Data           4  tcp_in.o(.data)
    udp_pcbs                                 0x20000298   Data           4  udp.o(.data)
    g_rx_semaphore                           0x200002b8   Data           4  ethernetif.o(.data)
    g_lwip_dhcp_state                        0x200002bc   Data           1  lwip_comm.o(.data)
    g_lwip_demo_sendbuf                      0x200002c0   Data           4  lwip_demo.o(.data)
    g_lwip_send_flag                         0x200002c4   Data           1  lwip_demo.o(.data)
    pxCurrentTCB                             0x200002d4   Data           4  tasks.o(.data)
    uxTopUsedPriority                        0x2000030c   Data           4  tasks.o(.data)
    g_usart_rx_buf                           0x20000358   Data         200  usart.o(.bss)
    g_uart1_handle                           0x20000420   Data          68  usart.o(.bss)
    g_sram_handle                            0x20000464   Data          80  lcd.o(.bss)
    lcddev                                   0x200004b4   Data          14  lcd.o(.bss)
    g_sram_handler                           0x200004c4   Data          80  sram.o(.bss)
    g_eth_handler                            0x20000514   Data          72  ethernet.o(.bss)
    out                                      0x2000055c   Data          24  sensor.o(.bss)
    out2                                     0x20000574   Data          24  sensor.o(.bss)
    out3                                     0x2000058c   Data          24  sensor.o(.bss)
    anglef                                   0x200005a4   Data          24  sensor.o(.bss)
    anglef2                                  0x200005bc   Data          24  sensor.o(.bss)
    anglef3                                  0x200005d4   Data          24  sensor.o(.bss)
    anglem                                   0x200005ec   Data          24  sensor.o(.bss)
    angle                                    0x20000604   Data          24  sensor.o(.bss)
    angle2                                   0x2000061c   Data          24  sensor.o(.bss)
    angle3                                   0x20000634   Data          24  sensor.o(.bss)
    angle_udp                                0x2000064c   Data          72  sensor.o(.bss)
    g_timx_usmart_handle                     0x20000694   Data          72  usmart_port.o(.bss)
    ip_data                                  0x200075c0   Data          24  ip.o(.bss)
    ram_heap                                 0x200075d8   Data       25619  mem.o(.bss)
    memp_memory_UDP_PCB_base                 0x2000d9eb   Data         131  memp.o(.bss)
    memp_memory_TCP_PCB_base                 0x2000da6e   Data         611  memp.o(.bss)
    memp_memory_TCP_PCB_LISTEN_base          0x2000dcd1   Data          59  memp.o(.bss)
    memp_memory_TCP_SEG_base                 0x2000dd0c   Data        2403  memp.o(.bss)
    memp_memory_REASSDATA_base               0x2000e66f   Data         163  memp.o(.bss)
    memp_memory_FRAG_PBUF_base               0x2000e712   Data         363  memp.o(.bss)
    memp_memory_NETBUF_base                  0x2000e87d   Data          35  memp.o(.bss)
    memp_memory_NETCONN_base                 0x2000e8a0   Data         179  memp.o(.bss)
    memp_memory_TCPIP_MSG_API_base           0x2000e953   Data         131  memp.o(.bss)
    memp_memory_TCPIP_MSG_INPKT_base         0x2000e9d6   Data         131  memp.o(.bss)
    memp_memory_SYS_TIMEOUT_base             0x2000ea59   Data          99  memp.o(.bss)
    memp_memory_NETDB_base                   0x2000eabc   Data         311  memp.o(.bss)
    memp_memory_PBUF_base                    0x2000ebf3   Data         243  memp.o(.bss)
    memp_memory_PBUF_POOL_base               0x2000ece6   Data       30643  memp.o(.bss)
    dhcp_rx_options_val                      0x200164b0   Data          40  dhcp.o(.bss)
    dhcp_rx_options_given                    0x200164d8   Data          10  dhcp.o(.bss)
    g_lwipdev                                0x200165e4   Data          28  lwip_comm.o(.bss)
    g_lwip_netif                             0x20016600   Data          56  lwip_comm.o(.bss)
    g_lwip_demo_recvbuf                      0x20016638   Data         200  lwip_demo.o(.bss)
    xQueueRegistry                           0x20016700   Data          64  queue.o(.bss)
    __initial_sp                             0x2001fa50   Data           0  startup_stm32f407xx.o(STACK)



==============================================================================

Memory Map of the image

  Image Entry point : 0x08000189

  Load Region LR_IROM1 (Base: 0x08000000, Size: 0x0001f06c, Max: 0x00100000, ABSOLUTE, COMPRESSED[0x0001edc0])

    Execution Region ER_IROM1 (Exec base: 0x08000000, Load base: 0x08000000, Size: 0x0001ed14, Max: 0x00100000, ABSOLUTE)

    Exec Addr    Load Addr    Size         Type   Attr      Idx    E Section Name        Object

    0x08000000   0x08000000   0x00000188   Data   RO            3    RESET               startup_stm32f407xx.o
    0x08000188   0x08000188   0x00000000   Code   RO        10562  * .ARM.Collect$$$$00000000  mc_w.l(entry.o)
    0x08000188   0x08000188   0x00000004   Code   RO        10931    .ARM.Collect$$$$00000001  mc_w.l(entry2.o)
    0x0800018c   0x0800018c   0x00000004   Code   RO        10934    .ARM.Collect$$$$00000004  mc_w.l(entry5.o)
    0x08000190   0x08000190   0x00000000   Code   RO        10936    .ARM.Collect$$$$00000008  mc_w.l(entry7b.o)
    0x08000190   0x08000190   0x00000000   Code   RO        10938    .ARM.Collect$$$$0000000A  mc_w.l(entry8b.o)
    0x08000190   0x08000190   0x00000008   Code   RO        10939    .ARM.Collect$$$$0000000B  mc_w.l(entry9a.o)
    0x08000198   0x08000198   0x00000004   Code   RO        10946    .ARM.Collect$$$$0000000E  mc_w.l(entry12b.o)
    0x0800019c   0x0800019c   0x00000000   Code   RO        10941    .ARM.Collect$$$$0000000F  mc_w.l(entry10a.o)
    0x0800019c   0x0800019c   0x00000000   Code   RO        10943    .ARM.Collect$$$$00000011  mc_w.l(entry11a.o)
    0x0800019c   0x0800019c   0x00000004   Code   RO        10932    .ARM.Collect$$$$00002712  mc_w.l(entry2.o)
    0x080001a0   0x080001a0   0x000000be   Code   RO        10434    .emb_text           port.o
    0x0800025e   0x0800025e   0x00000002   PAD
    0x08000260   0x08000260   0x00000034   Code   RO            4    .text               startup_stm32f407xx.o
    0x08000294   0x08000294   0x00000062   Code   RO        10565    .text               mc_w.l(uldiv.o)
    0x080002f6   0x080002f6   0x00000002   PAD
    0x080002f8   0x080002f8   0x00000024   Code   RO        10597    .text               mc_w.l(rand.o)
    0x0800031c   0x0800031c   0x00000040   Code   RO        10602    .text               mc_w.l(memmovea.o)
    0x0800035c   0x0800035c   0x00000024   Code   RO        10606    .text               mc_w.l(memseta.o)
    0x08000380   0x08000380   0x0000000e   Code   RO        10610    .text               mc_w.l(strlen.o)
    0x0800038e   0x0800038e   0x0000001a   Code   RO        10612    .text               mc_w.l(memcmp.o)
    0x080003a8   0x080003a8   0x0000014e   Code   RO        10885    .text               mf_w.l(dadd.o)
    0x080004f6   0x080004f6   0x000000e4   Code   RO        10887    .text               mf_w.l(dmul.o)
    0x080005da   0x080005da   0x000000de   Code   RO        10889    .text               mf_w.l(ddiv.o)
    0x080006b8   0x080006b8   0x0000001a   Code   RO        10893    .text               mf_w.l(dfltui.o)
    0x080006d2   0x080006d2   0x00000032   Code   RO        10895    .text               mf_w.l(dfixui.o)
    0x08000704   0x08000704   0x00000038   Code   RO        10901    .text               mf_w.l(d2f.o)
    0x0800073c   0x0800073c   0x0000002c   Code   RO        10947    .text               mc_w.l(uidiv.o)
    0x08000768   0x08000768   0x0000001e   Code   RO        10949    .text               mc_w.l(llshl.o)
    0x08000786   0x08000786   0x00000020   Code   RO        10951    .text               mc_w.l(llushr.o)
    0x080007a6   0x080007a6   0x00000024   Code   RO        10953    .text               mc_w.l(llsshr.o)
    0x080007ca   0x080007ca   0x00000000   Code   RO        10964    .text               mc_w.l(iusefp.o)
    0x080007ca   0x080007ca   0x0000006e   Code   RO        10965    .text               mf_w.l(fepilogue.o)
    0x08000838   0x08000838   0x000000ba   Code   RO        10967    .text               mf_w.l(depilogue.o)
    0x080008f2   0x080008f2   0x00000030   Code   RO        10971    .text               mf_w.l(dfixul.o)
    0x08000922   0x08000922   0x00000002   PAD
    0x08000924   0x08000924   0x00000030   Code   RO        10973    .text               mf_w.l(cdrcmple.o)
    0x08000954   0x08000954   0x00000024   Code   RO        10979    .text               mc_w.l(init.o)
    0x08000978   0x08000978   0x00000056   Code   RO        10997    .text               mc_w.l(__dczerorl2.o)
    0x080009ce   0x080009ce   0x00000004   Code   RO          326    i.BusFault_Handler  stm32f4xx_it.o
    0x080009d2   0x080009d2   0x00000002   Code   RO          327    i.DebugMon_Handler  stm32f4xx_it.o
    0x080009d4   0x080009d4   0x00000016   Code   RO         3845    i.ETH_DMAReceptionDisable  stm32f4xx_hal_eth.o
    0x080009ea   0x080009ea   0x00000016   Code   RO         3846    i.ETH_DMAReceptionEnable  stm32f4xx_hal_eth.o
    0x08000a00   0x08000a00   0x00000016   Code   RO         3847    i.ETH_DMATransmissionDisable  stm32f4xx_hal_eth.o
    0x08000a16   0x08000a16   0x00000016   Code   RO         3848    i.ETH_DMATransmissionEnable  stm32f4xx_hal_eth.o
    0x08000a2c   0x08000a2c   0x00000028   Code   RO         3849    i.ETH_Delay         stm32f4xx_hal_eth.o
    0x08000a54   0x08000a54   0x00000038   Code   RO         3850    i.ETH_FlushTransmitFIFO  stm32f4xx_hal_eth.o
    0x08000a8c   0x08000a8c   0x00000030   Code   RO         4413    i.ETH_IRQHandler    ethernet.o
    0x08000abc   0x08000abc   0x00000034   Code   RO         3851    i.ETH_MACAddressConfig  stm32f4xx_hal_eth.o
    0x08000af0   0x08000af0   0x00000244   Code   RO         3852    i.ETH_MACDMAConfig  stm32f4xx_hal_eth.o
    0x08000d34   0x08000d34   0x00000028   Code   RO         3853    i.ETH_MACReceptionDisable  stm32f4xx_hal_eth.o
    0x08000d5c   0x08000d5c   0x00000028   Code   RO         3854    i.ETH_MACReceptionEnable  stm32f4xx_hal_eth.o
    0x08000d84   0x08000d84   0x00000028   Code   RO         3855    i.ETH_MACTransmissionDisable  stm32f4xx_hal_eth.o
    0x08000dac   0x08000dac   0x00000028   Code   RO         3856    i.ETH_MACTransmissionEnable  stm32f4xx_hal_eth.o
    0x08000dd4   0x08000dd4   0x00000048   Code   RO         3398    i.FSMC_NORSRAM_Extended_Timing_Init  stm32f4xx_ll_fsmc.o
    0x08000e1c   0x08000e1c   0x0000005c   Code   RO         3399    i.FSMC_NORSRAM_Init  stm32f4xx_ll_fsmc.o
    0x08000e78   0x08000e78   0x00000044   Code   RO         3400    i.FSMC_NORSRAM_Timing_Init  stm32f4xx_ll_fsmc.o
    0x08000ebc   0x08000ebc   0x00000118   Code   RO         4512    i.GetDegreeo        sensor.o
    0x08000fd4   0x08000fd4   0x000000aa   Code   RO         3519    i.HAL_DMA_Abort     stm32f4xx_hal_dma.o
    0x0800107e   0x0800107e   0x00000028   Code   RO         3520    i.HAL_DMA_Abort_IT  stm32f4xx_hal_dma.o
    0x080010a6   0x080010a6   0x00000002   PAD
    0x080010a8   0x080010a8   0x00000028   Code   RO          897    i.HAL_Delay         stm32f4xx_hal.o
    0x080010d0   0x080010d0   0x0000008c   Code   RO         3859    i.HAL_ETH_DMARxDescListInit  stm32f4xx_hal_eth.o
    0x0800115c   0x0800115c   0x00000084   Code   RO         3860    i.HAL_ETH_DMATxDescListInit  stm32f4xx_hal_eth.o
    0x080011e0   0x080011e0   0x000000b2   Code   RO         3863    i.HAL_ETH_GetReceivedFrame  stm32f4xx_hal_eth.o
    0x08001292   0x08001292   0x00000002   PAD
    0x08001294   0x08001294   0x000002a0   Code   RO         3867    i.HAL_ETH_Init      stm32f4xx_hal_eth.o
    0x08001534   0x08001534   0x0000029c   Code   RO         4414    i.HAL_ETH_MspInit   ethernet.o
    0x080017d0   0x080017d0   0x00000092   Code   RO         3870    i.HAL_ETH_ReadPHYRegister  stm32f4xx_hal_eth.o
    0x08001862   0x08001862   0x00000052   Code   RO         3872    i.HAL_ETH_Start     stm32f4xx_hal_eth.o
    0x080018b4   0x080018b4   0x00000052   Code   RO         3873    i.HAL_ETH_Stop      stm32f4xx_hal_eth.o
    0x08001906   0x08001906   0x0000013e   Code   RO         3874    i.HAL_ETH_TransmitFrame  stm32f4xx_hal_eth.o
    0x08001a44   0x08001a44   0x00000090   Code   RO         3876    i.HAL_ETH_WritePHYRegister  stm32f4xx_hal_eth.o
    0x08001ad4   0x08001ad4   0x00000204   Code   RO         1219    i.HAL_GPIO_Init     stm32f4xx_hal_gpio.o
    0x08001cd8   0x08001cd8   0x00000010   Code   RO         1221    i.HAL_GPIO_ReadPin  stm32f4xx_hal_gpio.o
    0x08001ce8   0x08001ce8   0x00000014   Code   RO         1222    i.HAL_GPIO_TogglePin  stm32f4xx_hal_gpio.o
    0x08001cfc   0x08001cfc   0x0000000c   Code   RO         1223    i.HAL_GPIO_WritePin  stm32f4xx_hal_gpio.o
    0x08001d08   0x08001d08   0x0000000c   Code   RO          902    i.HAL_GetREVID      stm32f4xx_hal.o
    0x08001d14   0x08001d14   0x0000000c   Code   RO          903    i.HAL_GetTick       stm32f4xx_hal.o
    0x08001d20   0x08001d20   0x00000018   Code   RO          909    i.HAL_IncTick       stm32f4xx_hal.o
    0x08001d38   0x08001d38   0x0000003c   Code   RO          910    i.HAL_Init          stm32f4xx_hal.o
    0x08001d74   0x08001d74   0x0000004c   Code   RO          911    i.HAL_InitTick      stm32f4xx_hal.o
    0x08001dc0   0x08001dc0   0x00000002   Code   RO          913    i.HAL_MspInit       stm32f4xx_hal.o
    0x08001dc2   0x08001dc2   0x00000020   Code   RO         1081    i.HAL_NVIC_EnableIRQ  stm32f4xx_hal_cortex.o
    0x08001de2   0x08001de2   0x0000007c   Code   RO         1087    i.HAL_NVIC_SetPriority  stm32f4xx_hal_cortex.o
    0x08001e5e   0x08001e5e   0x00000002   PAD
    0x08001e60   0x08001e60   0x00000028   Code   RO         1088    i.HAL_NVIC_SetPriorityGrouping  stm32f4xx_hal_cortex.o
    0x08001e88   0x08001e88   0x00000184   Code   RO         1283    i.HAL_RCC_ClockConfig  stm32f4xx_hal_rcc.o
    0x0800200c   0x0800200c   0x0000000c   Code   RO         1288    i.HAL_RCC_GetHCLKFreq  stm32f4xx_hal_rcc.o
    0x08002018   0x08002018   0x00000020   Code   RO         1290    i.HAL_RCC_GetPCLK1Freq  stm32f4xx_hal_rcc.o
    0x08002038   0x08002038   0x00000020   Code   RO         1291    i.HAL_RCC_GetPCLK2Freq  stm32f4xx_hal_rcc.o
    0x08002058   0x08002058   0x000000b0   Code   RO         1292    i.HAL_RCC_GetSysClockFreq  stm32f4xx_hal_rcc.o
    0x08002108   0x08002108   0x0000049c   Code   RO         1295    i.HAL_RCC_OscConfig  stm32f4xx_hal_rcc.o
    0x080025a4   0x080025a4   0x00000058   Code   RO         3274    i.HAL_SRAM_Init     stm32f4xx_hal_sram.o
    0x080025fc   0x080025fc   0x000000a4   Code   RO         4067    i.HAL_SRAM_MspInit  lcd.o
    0x080026a0   0x080026a0   0x00000028   Code   RO         1090    i.HAL_SYSTICK_CLKSourceConfig  stm32f4xx_hal_cortex.o
    0x080026c8   0x080026c8   0x00000034   Code   RO         1092    i.HAL_SYSTICK_Config  stm32f4xx_hal_cortex.o
    0x080026fc   0x080026fc   0x00000066   Code   RO         2288    i.HAL_TIM_Base_Init  stm32f4xx_hal_tim.o
    0x08002762   0x08002762   0x00000002   Code   RO         2290    i.HAL_TIM_Base_MspInit  stm32f4xx_hal_tim.o
    0x08002764   0x08002764   0x000000a8   Code   RO         2293    i.HAL_TIM_Base_Start_IT  stm32f4xx_hal_tim.o
    0x0800280c   0x0800280c   0x00000002   Code   RO         1889    i.HAL_UARTEx_RxEventCallback  stm32f4xx_hal_uart.o
    0x0800280e   0x0800280e   0x00000002   Code   RO         1903    i.HAL_UART_ErrorCallback  stm32f4xx_hal_uart.o
    0x08002810   0x08002810   0x00000250   Code   RO         1906    i.HAL_UART_IRQHandler  stm32f4xx_hal_uart.o
    0x08002a60   0x08002a60   0x00000072   Code   RO         1907    i.HAL_UART_Init     stm32f4xx_hal_uart.o
    0x08002ad2   0x08002ad2   0x00000002   PAD
    0x08002ad4   0x08002ad4   0x000000cc   Code   RO          813    i.HAL_UART_MspInit  usart.o
    0x08002ba0   0x08002ba0   0x00000042   Code   RO         1912    i.HAL_UART_Receive_IT  stm32f4xx_hal_uart.o
    0x08002be2   0x08002be2   0x00000002   PAD
    0x08002be4   0x08002be4   0x0000009c   Code   RO          814    i.HAL_UART_RxCpltCallback  usart.o
    0x08002c80   0x08002c80   0x00000002   Code   RO         1918    i.HAL_UART_TxCpltCallback  stm32f4xx_hal_uart.o
    0x08002c82   0x08002c82   0x00000004   Code   RO          328    i.HardFault_Handler  stm32f4xx_it.o
    0x08002c86   0x08002c86   0x00000004   Code   RO          329    i.MemManage_Handler  stm32f4xx_it.o
    0x08002c8a   0x08002c8a   0x00000002   Code   RO          330    i.NMI_Handler       stm32f4xx_it.o
    0x08002c8c   0x08002c8c   0x00000014   Code   RO          696    i.SysTick_Handler   delay.o
    0x08002ca0   0x08002ca0   0x00000014   Code   RO          542    i.SystemInit        system_stm32f4xx.o
    0x08002cb4   0x08002cb4   0x00000044   Code   RO         4658    i.TIM4_IRQHandler   usmart_port.o
    0x08002cf8   0x08002cf8   0x000000d8   Code   RO         2381    i.TIM_Base_SetConfig  stm32f4xx_hal_tim.o
    0x08002dd0   0x08002dd0   0x00000014   Code   RO         1920    i.UART_DMAAbortOnError  stm32f4xx_hal_uart.o
    0x08002de4   0x08002de4   0x00000036   Code   RO         1930    i.UART_EndRxTransfer  stm32f4xx_hal_uart.o
    0x08002e1a   0x08002e1a   0x00000020   Code   RO         1931    i.UART_EndTransmit_IT  stm32f4xx_hal_uart.o
    0x08002e3a   0x08002e3a   0x000000be   Code   RO         1933    i.UART_Receive_IT   stm32f4xx_hal_uart.o
    0x08002ef8   0x08002ef8   0x0000022c   Code   RO         1934    i.UART_SetConfig    stm32f4xx_hal_uart.o
    0x08003124   0x08003124   0x00000046   Code   RO         1936    i.UART_Start_Receive_IT  stm32f4xx_hal_uart.o
    0x0800316a   0x0800316a   0x00000060   Code   RO         1937    i.UART_Transmit_IT  stm32f4xx_hal_uart.o
    0x080031ca   0x080031ca   0x00000002   PAD
    0x080031cc   0x080031cc   0x00000010   Code   RO          815    i.USART1_IRQHandler  usart.o
    0x080031dc   0x080031dc   0x00000004   Code   RO          331    i.UsageFault_Handler  stm32f4xx_it.o
    0x080031e0   0x080031e0   0x00000020   Code   RO        10855    i.__0printf         mc_w.l(printfa.o)
    0x08003200   0x08003200   0x00000028   Code   RO        10857    i.__0sprintf        mc_w.l(printfa.o)
    0x08003228   0x08003228   0x00000010   Code   RO         1094    i.__NVIC_GetPriorityGrouping  stm32f4xx_hal_cortex.o
    0x08003238   0x08003238   0x00000028   Code   RO         1095    i.__NVIC_SetPriority  stm32f4xx_hal_cortex.o
    0x08003260   0x08003260   0x0000000e   Code   RO        10991    i.__scatterload_copy  mc_w.l(handlers.o)
    0x0800326e   0x0800326e   0x00000002   Code   RO        10992    i.__scatterload_null  mc_w.l(handlers.o)
    0x08003270   0x08003270   0x0000000e   Code   RO        10993    i.__scatterload_zeroinit  mc_w.l(handlers.o)
    0x0800327e   0x0800327e   0x00000002   PAD
    0x08003280   0x08003280   0x00000184   Code   RO        10862    i._fp_digits        mc_w.l(printfa.o)
    0x08003404   0x08003404   0x000006b4   Code   RO        10863    i._printf_core      mc_w.l(printfa.o)
    0x08003ab8   0x08003ab8   0x00000024   Code   RO        10864    i._printf_post_padding  mc_w.l(printfa.o)
    0x08003adc   0x08003adc   0x0000002e   Code   RO        10865    i._printf_pre_padding  mc_w.l(printfa.o)
    0x08003b0a   0x08003b0a   0x0000000a   Code   RO        10867    i._sputc            mc_w.l(printfa.o)
    0x08003b14   0x08003b14   0x00000038   Code   RO          697    i.delay_init        delay.o
    0x08003b4c   0x08003b4c   0x00000018   Code   RO          698    i.delay_ms          delay.o
    0x08003b64   0x08003b64   0x00000048   Code   RO          699    i.delay_us          delay.o
    0x08003bac   0x08003bac   0x00000050   Code   RO         8070    i.dhcp_arp_reply    dhcp.o
    0x08003bfc   0x08003bfc   0x00000150   Code   RO         8071    i.dhcp_bind         dhcp.o
    0x08003d4c   0x08003d4c   0x0000004c   Code   RO         8072    i.dhcp_check        dhcp.o
    0x08003d98   0x08003d98   0x00000078   Code   RO         8074    i.dhcp_coarse_tmr   dhcp.o
    0x08003e10   0x08003e10   0x000001ac   Code   RO         8075    i.dhcp_create_msg   dhcp.o
    0x08003fbc   0x08003fbc   0x00000064   Code   RO         8076    i.dhcp_dec_pcb_refcount  dhcp.o
    0x08004020   0x08004020   0x000000c0   Code   RO         8077    i.dhcp_decline      dhcp.o
    0x080040e0   0x080040e0   0x0000011c   Code   RO         8078    i.dhcp_discover     dhcp.o
    0x080041fc   0x080041fc   0x0000003c   Code   RO         8079    i.dhcp_fine_tmr     dhcp.o
    0x08004238   0x08004238   0x000000b0   Code   RO         8080    i.dhcp_handle_ack   dhcp.o
    0x080042e8   0x080042e8   0x0000002c   Code   RO         8081    i.dhcp_handle_nak   dhcp.o
    0x08004314   0x08004314   0x00000044   Code   RO         8082    i.dhcp_handle_offer  dhcp.o
    0x08004358   0x08004358   0x000000ac   Code   RO         8083    i.dhcp_inc_pcb_refcount  dhcp.o
    0x08004404   0x08004404   0x00000074   Code   RO         8085    i.dhcp_network_changed  dhcp.o
    0x08004478   0x08004478   0x0000003c   Code   RO         8086    i.dhcp_option       dhcp.o
    0x080044b4   0x080044b4   0x00000060   Code   RO         8087    i.dhcp_option_byte  dhcp.o
    0x08004514   0x08004514   0x00000088   Code   RO         8088    i.dhcp_option_long  dhcp.o
    0x0800459c   0x0800459c   0x00000070   Code   RO         8089    i.dhcp_option_short  dhcp.o
    0x0800460c   0x0800460c   0x0000003a   Code   RO         8090    i.dhcp_option_trailer  dhcp.o
    0x08004646   0x08004646   0x00000002   PAD
    0x08004648   0x08004648   0x000003a8   Code   RO         8091    i.dhcp_parse_reply  dhcp.o
    0x080049f0   0x080049f0   0x00000104   Code   RO         8092    i.dhcp_rebind       dhcp.o
    0x08004af4   0x08004af4   0x00000128   Code   RO         8093    i.dhcp_reboot       dhcp.o
    0x08004c1c   0x08004c1c   0x0000015c   Code   RO         8094    i.dhcp_recv         dhcp.o
    0x08004d78   0x08004d78   0x000000e0   Code   RO         8096    i.dhcp_release_and_stop  dhcp.o
    0x08004e58   0x08004e58   0x00000100   Code   RO         8097    i.dhcp_renew        dhcp.o
    0x08004f58   0x08004f58   0x000001cc   Code   RO         8098    i.dhcp_select       dhcp.o
    0x08005124   0x08005124   0x00000010   Code   RO         8099    i.dhcp_set_state    dhcp.o
    0x08005134   0x08005134   0x000000fc   Code   RO         8101    i.dhcp_start        dhcp.o
    0x08005230   0x08005230   0x0000000c   Code   RO         8102    i.dhcp_stop         dhcp.o
    0x0800523c   0x0800523c   0x00000028   Code   RO         8103    i.dhcp_supplied_address  dhcp.o
    0x08005264   0x08005264   0x0000004a   Code   RO         8104    i.dhcp_t1_timeout   dhcp.o
    0x080052ae   0x080052ae   0x00000050   Code   RO         8105    i.dhcp_t2_timeout   dhcp.o
    0x080052fe   0x080052fe   0x00000088   Code   RO         8106    i.dhcp_timeout      dhcp.o
    0x08005386   0x08005386   0x00000002   PAD
    0x08005388   0x08005388   0x00000084   Code   RO          578    i.display_task      freertos_demo.o
    0x0800540c   0x0800540c   0x00000024   Code   RO         6291    i.dns_backupserver_available  dns.o
    0x08005430   0x08005430   0x00000108   Code   RO         6292    i.dns_call_found    dns.o
    0x08005538   0x08005538   0x00000016   Code   RO         6293    i.dns_check_entries  dns.o
    0x0800554e   0x0800554e   0x00000002   PAD
    0x08005550   0x08005550   0x0000011c   Code   RO         6294    i.dns_check_entry   dns.o
    0x0800566c   0x0800566c   0x00000040   Code   RO         6297    i.dns_create_txid   dns.o
    0x080056ac   0x080056ac   0x0000000e   Code   RO         6302    i.dns_init          dns.o
    0x080056ba   0x080056ba   0x00000002   PAD
    0x080056bc   0x080056bc   0x00000188   Code   RO         6305    i.dns_send          dns.o
    0x08005844   0x08005844   0x00000024   Code   RO         6306    i.dns_setserver     dns.o
    0x08005868   0x08005868   0x0000000c   Code   RO         6308    i.dns_tmr           dns.o
    0x08005874   0x08005874   0x00000058   Code   RO         6688    i.do_memp_free_pool  memp.o
    0x080058cc   0x080058cc   0x00000068   Code   RO         6689    i.do_memp_malloc_pool  memp.o
    0x08005934   0x08005934   0x0000018c   Code   RO         5203    i.err_tcp           api_msg.o
    0x08005ac0   0x08005ac0   0x00000038   Code   RO         8297    i.etharp_cleanup_netif  etharp.o
    0x08005af8   0x08005af8   0x00000290   Code   RO         8299    i.etharp_find_entry  etharp.o
    0x08005d88   0x08005d88   0x00000078   Code   RO         8300    i.etharp_free_entry  etharp.o
    0x08005e00   0x08005e00   0x000000f4   Code   RO         8302    i.etharp_input      etharp.o
    0x08005ef4   0x08005ef4   0x000001a8   Code   RO         8303    i.etharp_output     etharp.o
    0x0800609c   0x0800609c   0x00000100   Code   RO         8304    i.etharp_output_to_arp_index  etharp.o
    0x0800619c   0x0800619c   0x00000268   Code   RO         8305    i.etharp_query      etharp.o
    0x08006404   0x08006404   0x00000118   Code   RO         8306    i.etharp_raw        etharp.o
    0x0800651c   0x0800651c   0x0000001c   Code   RO         8307    i.etharp_request    etharp.o
    0x08006538   0x08006538   0x0000002c   Code   RO         8308    i.etharp_request_dst  etharp.o
    0x08006564   0x08006564   0x000000e4   Code   RO         8309    i.etharp_tmr        etharp.o
    0x08006648   0x08006648   0x00000100   Code   RO         8310    i.etharp_update_arp_entry  etharp.o
    0x08006748   0x08006748   0x00000010   Code   RO         4415    i.ethernet_chip_get_speed  ethernet.o
    0x08006758   0x08006758   0x00000024   Code   RO         4416    i.ethernet_get_eth_rx_size  ethernet.o
    0x0800677c   0x0800677c   0x00000078   Code   RO         4417    i.ethernet_init     ethernet.o
    0x080067f4   0x080067f4   0x000000d8   Code   RO         8666    i.ethernet_input    ethernet_1.o
    0x080068cc   0x080068cc   0x00000074   Code   RO         4419    i.ethernet_mem_malloc  ethernet.o
    0x08006940   0x08006940   0x000000a4   Code   RO         8667    i.ethernet_output   ethernet_1.o
    0x080069e4   0x080069e4   0x00000018   Code   RO         4420    i.ethernet_read_phy  ethernet.o
    0x080069fc   0x080069fc   0x00000068   Code   RO         8705    i.ethernetif_init   ethernetif.o
    0x08006a64   0x08006a64   0x00000064   Code   RO         8706    i.ethernetif_input  ethernetif.o
    0x08006ac8   0x08006ac8   0x0000001c   Code   RO          819    i.fputc             usart.o
    0x08006ae4   0x08006ae4   0x00000030   Code   RO          579    i.freertos_demo     freertos_demo.o
    0x08006b14   0x08006b14   0x00000012   Code   RO         8400    i.icmp_dest_unreach  icmp.o
    0x08006b26   0x08006b26   0x00000002   PAD
    0x08006b28   0x08006b28   0x00000258   Code   RO         8401    i.icmp_input        icmp.o
    0x08006d80   0x08006d80   0x000000e0   Code   RO         8402    i.icmp_send_response  icmp.o
    0x08006e60   0x08006e60   0x00000012   Code   RO         8403    i.icmp_time_exceeded  icmp.o
    0x08006e72   0x08006e72   0x00000056   Code   RO         6437    i.inet_chksum_pbuf  inet_chksum.o
    0x08006ec8   0x08006ec8   0x0000004e   Code   RO         8517    i.ip4_addr_isbroadcast_u32  ip4_addr.o
    0x08006f16   0x08006f16   0x00000002   PAD
    0x08006f18   0x08006f18   0x00000250   Code   RO         8585    i.ip4_frag          ip4_frag.o
    0x08007168   0x08007168   0x00000208   Code   RO         8462    i.ip4_input         ip4.o
    0x08007370   0x08007370   0x0000003c   Code   RO         8463    i.ip4_input_accept  ip4.o
    0x080073ac   0x080073ac   0x00000036   Code   RO         8465    i.ip4_output_if     ip4.o
    0x080073e2   0x080073e2   0x00000002   PAD
    0x080073e4   0x080073e4   0x00000140   Code   RO         8466    i.ip4_output_if_src  ip4.o
    0x08007524   0x08007524   0x00000298   Code   RO         8586    i.ip4_reass         ip4_frag.o
    0x080077bc   0x080077bc   0x00000098   Code   RO         8467    i.ip4_route         ip4.o
    0x08007854   0x08007854   0x00000014   Code   RO         8520    i.ip4addr_ntoa      ip4_addr.o
    0x08007868   0x08007868   0x000000a8   Code   RO         8521    i.ip4addr_ntoa_r    ip4_addr.o
    0x08007910   0x08007910   0x0000000a   Code   RO         8587    i.ip_frag_alloc_pbuf_custom_ref  ip4_frag.o
    0x0800791a   0x0800791a   0x00000002   PAD
    0x0800791c   0x0800791c   0x0000002c   Code   RO         8588    i.ip_frag_free_pbuf_custom_ref  ip4_frag.o
    0x08007948   0x08007948   0x00000274   Code   RO         8589    i.ip_reass_chain_frag_into_datagram_and_validate  ip4_frag.o
    0x08007bbc   0x08007bbc   0x00000054   Code   RO         8590    i.ip_reass_dequeue_datagram  ip4_frag.o
    0x08007c10   0x08007c10   0x00000058   Code   RO         8591    i.ip_reass_enqueue_new_datagram  ip4_frag.o
    0x08007c68   0x08007c68   0x0000015c   Code   RO         8592    i.ip_reass_free_complete_datagram  ip4_frag.o
    0x08007dc4   0x08007dc4   0x00000088   Code   RO         8593    i.ip_reass_remove_oldest_datagram  ip4_frag.o
    0x08007e4c   0x08007e4c   0x0000003c   Code   RO         8594    i.ip_reass_tmr      ip4_frag.o
    0x08007e88   0x08007e88   0x00000054   Code   RO         8595    i.ipfrag_free_pbuf_custom  ip4_frag.o
    0x08007edc   0x08007edc   0x000000fc   Code   RO         4328    i.key_init          key.o
    0x08007fd8   0x08007fd8   0x000000c4   Code   RO         4329    i.key_scan          key.o
    0x0800809c   0x0800809c   0x0000007c   Code   RO          580    i.key_task          freertos_demo.o
    0x08008118   0x08008118   0x00000034   Code   RO         4068    i.lcd_clear         lcd.o
    0x0800814c   0x0800814c   0x0000016c   Code   RO         4070    i.lcd_display_dir   lcd.o
    0x080082b8   0x080082b8   0x00000020   Code   RO         4076    i.lcd_draw_point    lcd.o
    0x080082d8   0x080082d8   0x0000022c   Code   RO         4078    i.lcd_ex_ili9341_reginit  lcd.o
    0x08008504   0x08008504   0x00000340   Code   RO         4079    i.lcd_ex_ili9806_reginit  lcd.o
    0x08008844   0x08008844   0x00000ef2   Code   RO         4080    i.lcd_ex_nt35310_reginit  lcd.o
    0x08009736   0x08009736   0x00000efc   Code   RO         4081    i.lcd_ex_nt35510_reginit  lcd.o
    0x0800a632   0x0800a632   0x0000016e   Code   RO         4082    i.lcd_ex_ssd1963_reginit  lcd.o
    0x0800a7a0   0x0800a7a0   0x000001a8   Code   RO         4083    i.lcd_ex_st7789_reginit  lcd.o
    0x0800a948   0x0800a948   0x000001c6   Code   RO         4084    i.lcd_ex_st7796_reginit  lcd.o
    0x0800ab0e   0x0800ab0e   0x00000002   PAD
    0x0800ab10   0x0800ab10   0x00000054   Code   RO         4085    i.lcd_fill          lcd.o
    0x0800ab64   0x0800ab64   0x00000514   Code   RO         4087    i.lcd_init          lcd.o
    0x0800b078   0x0800b078   0x0000000c   Code   RO         4088    i.lcd_opt_delay     lcd.o
    0x0800b084   0x0800b084   0x00000018   Code   RO         4090    i.lcd_rd_data       lcd.o
    0x0800b09c   0x0800b09c   0x0000023c   Code   RO         4092    i.lcd_scan_dir      lcd.o
    0x0800b2d8   0x0800b2d8   0x00000120   Code   RO         4093    i.lcd_set_cursor    lcd.o
    0x0800b3f8   0x0800b3f8   0x00000140   Code   RO         4095    i.lcd_show_char     lcd.o
    0x0800b538   0x0800b538   0x0000006a   Code   RO         4097    i.lcd_show_string   lcd.o
    0x0800b5a2   0x0800b5a2   0x00000002   PAD
    0x0800b5a4   0x0800b5a4   0x00000060   Code   RO         4099    i.lcd_ssd_backlight_set  lcd.o
    0x0800b604   0x0800b604   0x00000018   Code   RO         4100    i.lcd_wr_data       lcd.o
    0x0800b61c   0x0800b61c   0x00000018   Code   RO         4101    i.lcd_wr_regno      lcd.o
    0x0800b634   0x0800b634   0x00000014   Code   RO         4102    i.lcd_write_ram_prepare  lcd.o
    0x0800b648   0x0800b648   0x00000014   Code   RO         4103    i.lcd_write_reg     lcd.o
    0x0800b65c   0x0800b65c   0x00000098   Code   RO         4043    i.led_init          led.o
    0x0800b6f4   0x0800b6f4   0x00000020   Code   RO          581    i.led_task          freertos_demo.o
    0x0800b714   0x0800b714   0x000000bc   Code   RO         8707    i.low_level_init    ethernetif.o
    0x0800b7d0   0x0800b7d0   0x000000fc   Code   RO         8708    i.low_level_input   ethernetif.o
    0x0800b8cc   0x0800b8cc   0x000000e8   Code   RO         8709    i.low_level_output  ethernetif.o
    0x0800b9b4   0x0800b9b4   0x0000005c   Code   RO         8786    i.lwip_comm_default_ip_set  lwip_comm.o
    0x0800ba10   0x0800ba10   0x000000f4   Code   RO         8787    i.lwip_comm_init    lwip_comm.o
    0x0800bb04   0x0800bb04   0x00000050   Code   RO         7834    i.lwip_cyclic_timer  timeouts.o
    0x0800bb54   0x0800bb54   0x000001c4   Code   RO         9103    i.lwip_demo         lwip_demo.o
    0x0800bd18   0x0800bd18   0x00000010   Code   RO          582    i.lwip_demo_task    freertos_demo.o
    0x0800bd28   0x0800bd28   0x0000001a   Code   RO         6235    i.lwip_htonl        def.o
    0x0800bd42   0x0800bd42   0x0000000c   Code   RO         6236    i.lwip_htons        def.o
    0x0800bd4e   0x0800bd4e   0x00000002   PAD
    0x0800bd50   0x0800bd50   0x00000044   Code   RO         6509    i.lwip_init         init.o
    0x0800bd94   0x0800bd94   0x0000007c   Code   RO         8788    i.lwip_link_status_updated  lwip_comm.o
    0x0800be10   0x0800be10   0x00000084   Code   RO         8789    i.lwip_link_thread  lwip_comm.o
    0x0800be94   0x0800be94   0x0000004c   Code   RO         5204    i.lwip_netconn_do_bind  api_msg.o
    0x0800bee0   0x0800bee0   0x000000e8   Code   RO         5206    i.lwip_netconn_do_close  api_msg.o
    0x0800bfc8   0x0800bfc8   0x000002c4   Code   RO         5207    i.lwip_netconn_do_close_internal  api_msg.o
    0x0800c28c   0x0800c28c   0x00000148   Code   RO         5208    i.lwip_netconn_do_connect  api_msg.o
    0x0800c3d4   0x0800c3d4   0x00000144   Code   RO         5209    i.lwip_netconn_do_connected  api_msg.o
    0x0800c518   0x0800c518   0x00000018   Code   RO         5216    i.lwip_netconn_do_newconn  api_msg.o
    0x0800c530   0x0800c530   0x00000048   Code   RO         5217    i.lwip_netconn_do_recv  api_msg.o
    0x0800c578   0x0800c578   0x00000064   Code   RO         5218    i.lwip_netconn_do_send  api_msg.o
    0x0800c5dc   0x0800c5dc   0x0000038c   Code   RO         5220    i.lwip_netconn_do_writemore  api_msg.o
    0x0800c968   0x0800c968   0x00000054   Code   RO         5221    i.lwip_netconn_err_to_msg  api_msg.o
    0x0800c9bc   0x0800c9bc   0x0000005c   Code   RO         5222    i.lwip_netconn_is_err_msg  api_msg.o
    0x0800ca18   0x0800ca18   0x00000470   Code   RO         8790    i.lwip_periodic_handle  lwip_comm.o
    0x0800ce88   0x0800ce88   0x00000030   Code   RO         8791    i.lwip_pkt_handle   lwip_comm.o
    0x0800ceb8   0x0800ceb8   0x0000005e   Code   RO         6444    i.lwip_standard_chksum  inet_chksum.o
    0x0800cf16   0x0800cf16   0x00000002   PAD
    0x0800cf18   0x0800cf18   0x00000514   Code   RO          583    i.lwip_test_ui      freertos_demo.o
    0x0800d42c   0x0800d42c   0x00000058   Code   RO           13    i.main              main.o
    0x0800d484   0x0800d484   0x000001a4   Code   RO         6607    i.mem_free          mem.o
    0x0800d628   0x0800d628   0x00000094   Code   RO         6608    i.mem_init          mem.o
    0x0800d6bc   0x0800d6bc   0x00000058   Code   RO         6609    i.mem_link_valid    mem.o
    0x0800d714   0x0800d714   0x00000240   Code   RO         6610    i.mem_malloc        mem.o
    0x0800d954   0x0800d954   0x00000010   Code   RO         6611    i.mem_to_ptr        mem.o
    0x0800d964   0x0800d964   0x000001dc   Code   RO         6612    i.mem_trim          mem.o
    0x0800db40   0x0800db40   0x00000050   Code   RO         6690    i.memp_free         memp.o
    0x0800db90   0x0800db90   0x00000020   Code   RO         6692    i.memp_init         memp.o
    0x0800dbb0   0x0800dbb0   0x0000002c   Code   RO         6693    i.memp_init_pool    memp.o
    0x0800dbdc   0x0800dbdc   0x00000050   Code   RO         6694    i.memp_malloc       memp.o
    0x0800dc2c   0x0800dc2c   0x0000006c   Code   RO         4794    i.my_mem_free       malloc.o
    0x0800dc98   0x0800dc98   0x00000030   Code   RO         4795    i.my_mem_init       malloc.o
    0x0800dcc8   0x0800dcc8   0x000000a8   Code   RO         4796    i.my_mem_malloc     malloc.o
    0x0800dd70   0x0800dd70   0x00000040   Code   RO         4797    i.my_mem_perused    malloc.o
    0x0800ddb0   0x0800ddb0   0x00000014   Code   RO         4798    i.my_mem_set        malloc.o
    0x0800ddc4   0x0800ddc4   0x00000024   Code   RO         4799    i.myfree            malloc.o
    0x0800dde8   0x0800dde8   0x00000028   Code   RO         4800    i.mymalloc          malloc.o
    0x0800de10   0x0800de10   0x0000009c   Code   RO         5526    i.netbuf_alloc      netbuf.o
    0x0800deac   0x0800deac   0x00000020   Code   RO         5529    i.netbuf_delete     netbuf.o
    0x0800decc   0x0800decc   0x0000001a   Code   RO         5532    i.netbuf_new        netbuf.o
    0x0800dee6   0x0800dee6   0x00000002   PAD
    0x0800dee8   0x0800dee8   0x000000bc   Code   RO         5223    i.netconn_alloc     api_msg.o
    0x0800dfa4   0x0800dfa4   0x00000026   Code   RO         4876    i.netconn_apimsg    api_lib.o
    0x0800dfca   0x0800dfca   0x00000002   PAD
    0x0800dfcc   0x0800dfcc   0x00000060   Code   RO         4877    i.netconn_bind      api_lib.o
    0x0800e02c   0x0800e02c   0x0000005c   Code   RO         4880    i.netconn_close_shutdown  api_lib.o
    0x0800e088   0x0800e088   0x00000064   Code   RO         4881    i.netconn_connect   api_lib.o
    0x0800e0ec   0x0800e0ec   0x000000a2   Code   RO         5224    i.netconn_drain     api_msg.o
    0x0800e18e   0x0800e18e   0x00000022   Code   RO         4884    i.netconn_err       api_lib.o
    0x0800e1b0   0x0800e1b0   0x00000104   Code   RO         5225    i.netconn_free      api_msg.o
    0x0800e2b4   0x0800e2b4   0x00000130   Code   RO         4888    i.netconn_new_with_proto_and_callback  api_lib.o
    0x0800e3e4   0x0800e3e4   0x000000e8   Code   RO         4890    i.netconn_recv      api_lib.o
    0x0800e4cc   0x0800e4cc   0x00000174   Code   RO         4891    i.netconn_recv_data  api_lib.o
    0x0800e640   0x0800e640   0x000000c6   Code   RO         4892    i.netconn_recv_data_tcp  api_lib.o
    0x0800e706   0x0800e706   0x00000002   PAD
    0x0800e708   0x0800e708   0x00000058   Code   RO         4897    i.netconn_send      api_lib.o
    0x0800e760   0x0800e760   0x00000060   Code   RO         4901    i.netconn_tcp_recvd_msg  api_lib.o
    0x0800e7c0   0x0800e7c0   0x000001d4   Code   RO         6795    i.netif_add         netif.o
    0x0800e994   0x0800e994   0x00000018   Code   RO         6797    i.netif_do_ip_addr_changed  netif.o
    0x0800e9ac   0x0800e9ac   0x0000002a   Code   RO         6798    i.netif_do_set_gw   netif.o
    0x0800e9d6   0x0800e9d6   0x00000002   PAD
    0x0800e9d8   0x0800e9d8   0x00000078   Code   RO         6799    i.netif_do_set_ipaddr  netif.o
    0x0800ea50   0x0800ea50   0x0000002a   Code   RO         6800    i.netif_do_set_netmask  netif.o
    0x0800ea7a   0x0800ea7a   0x00000002   PAD
    0x0800ea7c   0x0800ea7c   0x00000028   Code   RO         6802    i.netif_get_by_index  netif.o
    0x0800eaa4   0x0800eaa4   0x00000002   Code   RO         6804    i.netif_init        netif.o
    0x0800eaa6   0x0800eaa6   0x00000002   PAD
    0x0800eaa8   0x0800eaa8   0x00000070   Code   RO         6806    i.netif_issue_reports  netif.o
    0x0800eb18   0x0800eb18   0x00000008   Code   RO         6808    i.netif_null_output_ip4  netif.o
    0x0800eb20   0x0800eb20   0x00000060   Code   RO         6810    i.netif_set_addr    netif.o
    0x0800eb80   0x0800eb80   0x00000010   Code   RO         6811    i.netif_set_default  netif.o
    0x0800eb90   0x0800eb90   0x00000064   Code   RO         6812    i.netif_set_down    netif.o
    0x0800ebf4   0x0800ebf4   0x00000006   Code   RO         6815    i.netif_set_link_callback  netif.o
    0x0800ebfa   0x0800ebfa   0x00000002   PAD
    0x0800ebfc   0x0800ebfc   0x00000068   Code   RO         6816    i.netif_set_link_down  netif.o
    0x0800ec64   0x0800ec64   0x00000074   Code   RO         6817    i.netif_set_link_up  netif.o
    0x0800ecd8   0x0800ecd8   0x00000058   Code   RO         6819    i.netif_set_up      netif.o
    0x0800ed30   0x0800ed30   0x00000012   Code   RO         6987    i.pbuf_add_header   pbuf.o
    0x0800ed42   0x0800ed42   0x00000002   PAD
    0x0800ed44   0x0800ed44   0x00000090   Code   RO         6989    i.pbuf_add_header_impl  pbuf.o
    0x0800edd4   0x0800edd4   0x0000022c   Code   RO         6990    i.pbuf_alloc        pbuf.o
    0x0800f000   0x0800f000   0x00000060   Code   RO         6991    i.pbuf_alloc_reference  pbuf.o
    0x0800f060   0x0800f060   0x0000005a   Code   RO         6992    i.pbuf_alloced_custom  pbuf.o
    0x0800f0ba   0x0800f0ba   0x00000002   PAD
    0x0800f0bc   0x0800f0bc   0x000000dc   Code   RO         6993    i.pbuf_cat          pbuf.o
    0x0800f198   0x0800f198   0x0000001a   Code   RO         6994    i.pbuf_chain        pbuf.o
    0x0800f1b2   0x0800f1b2   0x00000012   Code   RO         6995    i.pbuf_clen         pbuf.o
    0x0800f1c4   0x0800f1c4   0x00000050   Code   RO         6996    i.pbuf_clone        pbuf.o
    0x0800f214   0x0800f214   0x0000004c   Code   RO         6998    i.pbuf_copy         pbuf.o
    0x0800f260   0x0800f260   0x000000d8   Code   RO         6999    i.pbuf_copy_partial  pbuf.o
    0x0800f338   0x0800f338   0x00000248   Code   RO         7000    i.pbuf_copy_partial_pbuf  pbuf.o
    0x0800f580   0x0800f580   0x00000138   Code   RO         7002    i.pbuf_free         pbuf.o
    0x0800f6b8   0x0800f6b8   0x00000012   Code   RO         7007    i.pbuf_header_force  pbuf.o
    0x0800f6ca   0x0800f6ca   0x00000022   Code   RO         7008    i.pbuf_header_impl  pbuf.o
    0x0800f6ec   0x0800f6ec   0x0000001e   Code   RO         7009    i.pbuf_init_alloced_pbuf  pbuf.o
    0x0800f70a   0x0800f70a   0x0000002a   Code   RO         7012    i.pbuf_put_at       pbuf.o
    0x0800f734   0x0800f734   0x000000f0   Code   RO         7013    i.pbuf_realloc      pbuf.o
    0x0800f824   0x0800f824   0x00000048   Code   RO         7014    i.pbuf_ref          pbuf.o
    0x0800f86c   0x0800f86c   0x00000090   Code   RO         7015    i.pbuf_remove_header  pbuf.o
    0x0800f8fc   0x0800f8fc   0x0000001c   Code   RO         7016    i.pbuf_skip         pbuf.o
    0x0800f918   0x0800f918   0x00000022   Code   RO         7017    i.pbuf_skip_const   pbuf.o
    0x0800f93a   0x0800f93a   0x00000002   PAD
    0x0800f93c   0x0800f93c   0x00000144   Code   RO         7019    i.pbuf_take         pbuf.o
    0x0800fa80   0x0800fa80   0x000000a8   Code   RO         7020    i.pbuf_take_at      pbuf.o
    0x0800fb28   0x0800fb28   0x000000a8   Code   RO         5226    i.pcb_new           api_msg.o
    0x0800fbd0   0x0800fbd0   0x00000160   Code   RO         6613    i.plug_holes        mem.o
    0x0800fd30   0x0800fd30   0x000000a4   Code   RO         5227    i.poll_tcp          api_msg.o
    0x0800fdd4   0x0800fdd4   0x000000cc   Code   RO         9768    i.prvAddCurrentTaskToDelayedList  tasks.o
    0x0800fea0   0x0800fea0   0x000000ec   Code   RO         9769    i.prvAddNewTaskToReadyList  tasks.o
    0x0800ff8c   0x0800ff8c   0x00000064   Code   RO        10193    i.prvCheckForValidListAndQueue  timers.o
    0x0800fff0   0x0800fff0   0x00000048   Code   RO         9770    i.prvCheckTasksWaitingTermination  tasks.o
    0x08010038   0x08010038   0x0000002a   Code   RO         9331    i.prvCopyDataFromQueue  queue.o
    0x08010062   0x08010062   0x0000007e   Code   RO         9332    i.prvCopyDataToQueue  queue.o
    0x080100e0   0x080100e0   0x00000012   Code   RO         9771    i.prvDeleteTCB      tasks.o
    0x080100f2   0x080100f2   0x00000014   Code   RO         9333    i.prvGetDisinheritPriorityAfterTimeout  queue.o
    0x08010106   0x08010106   0x00000002   PAD
    0x08010108   0x08010108   0x00000028   Code   RO        10194    i.prvGetNextExpireTime  timers.o
    0x08010130   0x08010130   0x0000007c   Code   RO        10367    i.prvHeapInit       heap_4.o
    0x080101ac   0x080101ac   0x00000028   Code   RO         9772    i.prvIdleTask       tasks.o
    0x080101d4   0x080101d4   0x0000001e   Code   RO         9334    i.prvInitialiseMutex  queue.o
    0x080101f2   0x080101f2   0x0000002e   Code   RO         9335    i.prvInitialiseNewQueue  queue.o
    0x08010220   0x08010220   0x00000104   Code   RO         9773    i.prvInitialiseNewTask  tasks.o
    0x08010324   0x08010324   0x00000068   Code   RO         9774    i.prvInitialiseTaskLists  tasks.o
    0x0801038c   0x0801038c   0x00000068   Code   RO        10368    i.prvInsertBlockIntoFreeList  heap_4.o
    0x080103f4   0x080103f4   0x00000058   Code   RO        10196    i.prvInsertTimerInActiveList  timers.o
    0x0801044c   0x0801044c   0x0000001a   Code   RO         9336    i.prvIsQueueEmpty   queue.o
    0x08010466   0x08010466   0x0000001e   Code   RO         9337    i.prvIsQueueFull    queue.o
    0x08010484   0x08010484   0x000000c4   Code   RO         9338    i.prvNotifyQueueSetContainer  queue.o
    0x08010548   0x08010548   0x00000044   Code   RO        10197    i.prvProcessExpiredTimer  timers.o
    0x0801058c   0x0801058c   0x0000016c   Code   RO        10198    i.prvProcessReceivedCommands  timers.o
    0x080106f8   0x080106f8   0x00000074   Code   RO        10199    i.prvProcessTimerOrBlockTask  timers.o
    0x0801076c   0x0801076c   0x00000028   Code   RO        10200    i.prvReloadTimer    timers.o
    0x08010794   0x08010794   0x00000030   Code   RO         9776    i.prvResetNextTaskUnblockTime  tasks.o
    0x080107c4   0x080107c4   0x0000002c   Code   RO        10201    i.prvSampleTimeNow  timers.o
    0x080107f0   0x080107f0   0x00000044   Code   RO        10202    i.prvSwitchTimerLists  timers.o
    0x08010834   0x08010834   0x00000080   Code   RO        10435    i.prvTaskExitError  port.o
    0x080108b4   0x080108b4   0x0000001a   Code   RO        10203    i.prvTimerTask      timers.o
    0x080108ce   0x080108ce   0x00000090   Code   RO         9339    i.prvUnlockQueue    queue.o
    0x0801095e   0x0801095e   0x00000002   PAD
    0x08010960   0x08010960   0x00000010   Code   RO         6614    i.ptr_to_mem        mem.o
    0x08010970   0x08010970   0x00000194   Code   RO        10369    i.pvPortMalloc      heap_4.o
    0x08010b04   0x08010b04   0x00000020   Code   RO         9781    i.pvTaskIncrementMutexHeldCount  tasks.o
    0x08010b24   0x08010b24   0x0000002c   Code   RO        10436    i.pxPortInitialiseStack  port.o
    0x08010b50   0x08010b50   0x00000006   Code   RO         4566    i.read_addr         usmart.o
    0x08010b56   0x08010b56   0x00000002   PAD
    0x08010b58   0x08010b58   0x00000a2c   Code   RO         4514    i.read_change       sensor.o
    0x08011584   0x08011584   0x00000134   Code   RO         5228    i.recv_tcp          api_msg.o
    0x080116b8   0x080116b8   0x00000120   Code   RO         5229    i.recv_udp          api_msg.o
    0x080117d8   0x080117d8   0x0000008c   Code   RO         5230    i.sent_tcp          api_msg.o
    0x08011864   0x08011864   0x00000044   Code   RO         5231    i.setup_tcp         api_msg.o
    0x080118a8   0x080118a8   0x000001f0   Code   RO         4359    i.sram_init         sram.o
    0x08011a98   0x08011a98   0x000001e8   Code   RO          584    i.start_task        freertos_demo.o
    0x08011c80   0x08011c80   0x000000bc   Code   RO         8931    i.sys_arch_mbox_fetch  sys_arch.o
    0x08011d3c   0x08011d3c   0x00000090   Code   RO         8932    i.sys_arch_mbox_tryfetch  sys_arch.o
    0x08011dcc   0x08011dcc   0x0000000a   Code   RO         8934    i.sys_arch_protect  sys_arch.o
    0x08011dd6   0x08011dd6   0x00000002   PAD
    0x08011dd8   0x08011dd8   0x000000b0   Code   RO         8935    i.sys_arch_sem_wait  sys_arch.o
    0x08011e88   0x08011e88   0x0000000a   Code   RO         8936    i.sys_arch_unprotect  sys_arch.o
    0x08011e92   0x08011e92   0x00000002   PAD
    0x08011e94   0x08011e94   0x00000054   Code   RO         7835    i.sys_check_timeouts  timeouts.o
    0x08011ee8   0x08011ee8   0x00000002   Code   RO         8937    i.sys_init          sys_arch.o
    0x08011eea   0x08011eea   0x00000002   PAD
    0x08011eec   0x08011eec   0x00000054   Code   RO         8939    i.sys_mbox_free     sys_arch.o
    0x08011f40   0x08011f40   0x00000060   Code   RO         8940    i.sys_mbox_new      sys_arch.o
    0x08011fa0   0x08011fa0   0x0000008c   Code   RO         8942    i.sys_mbox_trypost  sys_arch.o
    0x0801202c   0x0801202c   0x00000088   Code   RO         8945    i.sys_mutex_lock    sys_arch.o
    0x080120b4   0x080120b4   0x0000003c   Code   RO         8946    i.sys_mutex_new     sys_arch.o
    0x080120f0   0x080120f0   0x00000084   Code   RO         8947    i.sys_mutex_unlock  sys_arch.o
    0x08012174   0x08012174   0x00000008   Code   RO         8948    i.sys_now           sys_arch.o
    0x0801217c   0x0801217c   0x00000054   Code   RO         8949    i.sys_sem_free      sys_arch.o
    0x080121d0   0x080121d0   0x000000c0   Code   RO         8950    i.sys_sem_new       sys_arch.o
    0x08012290   0x08012290   0x00000090   Code   RO         8951    i.sys_sem_signal    sys_arch.o
    0x08012320   0x08012320   0x000000cc   Code   RO          746    i.sys_stm32_clock_init  sys.o
    0x080123ec   0x080123ec   0x00000084   Code   RO         8952    i.sys_thread_new    sys_arch.o
    0x08012470   0x08012470   0x0000006c   Code   RO         7837    i.sys_timeout       timeouts.o
    0x080124dc   0x080124dc   0x000000dc   Code   RO         7838    i.sys_timeout_abs   timeouts.o
    0x080125b8   0x080125b8   0x00000028   Code   RO         7839    i.sys_timeouts_init  timeouts.o
    0x080125e0   0x080125e0   0x00000068   Code   RO         7840    i.sys_timeouts_sleeptime  timeouts.o
    0x08012648   0x08012648   0x00000164   Code   RO         7265    i.tcp_abandon       tcp.o
    0x080127ac   0x080127ac   0x0000000e   Code   RO         7266    i.tcp_abort         tcp.o
    0x080127ba   0x080127ba   0x00000010   Code   RO         7267    i.tcp_accept        tcp.o
    0x080127ca   0x080127ca   0x00000002   PAD
    0x080127cc   0x080127cc   0x000000d0   Code   RO         7269    i.tcp_alloc         tcp.o
    0x0801289c   0x0801289c   0x00000006   Code   RO         7270    i.tcp_arg           tcp.o
    0x080128a2   0x080128a2   0x00000002   PAD
    0x080128a4   0x080128a4   0x00000108   Code   RO         7271    i.tcp_bind          tcp.o
    0x080129ac   0x080129ac   0x00000054   Code   RO         7273    i.tcp_close         tcp.o
    0x08012a00   0x08012a00   0x000001a4   Code   RO         7274    i.tcp_close_shutdown  tcp.o
    0x08012ba4   0x08012ba4   0x00000088   Code   RO         7275    i.tcp_close_shutdown_fin  tcp.o
    0x08012c2c   0x08012c2c   0x000001ec   Code   RO         7276    i.tcp_connect       tcp.o
    0x08012e18   0x08012e18   0x00000170   Code   RO         7674    i.tcp_create_segment  tcp_out.o
    0x08012f88   0x08012f88   0x00000070   Code   RO         7278    i.tcp_eff_send_mss_netif  tcp.o
    0x08012ff8   0x08012ff8   0x00000240   Code   RO         7675    i.tcp_enqueue_flags  tcp_out.o
    0x08013238   0x08013238   0x0000004c   Code   RO         7279    i.tcp_err           tcp.o
    0x08013284   0x08013284   0x000000a4   Code   RO         7280    i.tcp_fasttmr       tcp.o
    0x08013328   0x08013328   0x00000038   Code   RO         7281    i.tcp_free          tcp.o
    0x08013360   0x08013360   0x000000fc   Code   RO         7590    i.tcp_free_acked_segments  tcp_in.o
    0x0801345c   0x0801345c   0x00000040   Code   RO         7282    i.tcp_free_listen   tcp.o
    0x0801349c   0x0801349c   0x00000048   Code   RO         7591    i.tcp_get_next_optbyte  tcp_in.o
    0x080134e4   0x080134e4   0x00000038   Code   RO         7283    i.tcp_handle_closepend  tcp.o
    0x0801351c   0x0801351c   0x00000018   Code   RO         7284    i.tcp_init          tcp.o
    0x08013534   0x08013534   0x000007a0   Code   RO         7592    i.tcp_input         tcp_in.o
    0x08013cd4   0x08013cd4   0x00000084   Code   RO         7593    i.tcp_input_delayed_close  tcp_in.o
    0x08013d58   0x08013d58   0x0000008c   Code   RO         7676    i.tcp_keepalive     tcp_out.o
    0x08013de4   0x08013de4   0x0000006c   Code   RO         7285    i.tcp_kill_prio     tcp.o
    0x08013e50   0x08013e50   0x00000074   Code   RO         7286    i.tcp_kill_state    tcp.o
    0x08013ec4   0x08013ec4   0x00000040   Code   RO         7287    i.tcp_kill_timewait  tcp.o
    0x08013f04   0x08013f04   0x0000006c   Code   RO         7288    i.tcp_listen_closed  tcp.o
    0x08013f70   0x08013f70   0x00000198   Code   RO         7594    i.tcp_listen_input  tcp_in.o
    0x08014108   0x08014108   0x0000004c   Code   RO         7291    i.tcp_netif_ip_addr_changed  tcp.o
    0x08014154   0x08014154   0x00000074   Code   RO         7292    i.tcp_netif_ip_addr_changed_pcblist  tcp.o
    0x080141c8   0x080141c8   0x00000010   Code   RO         7294    i.tcp_new_ip_type   tcp.o
    0x080141d8   0x080141d8   0x00000068   Code   RO         7295    i.tcp_new_port      tcp.o
    0x08014240   0x08014240   0x0000004c   Code   RO         7296    i.tcp_next_iss      tcp.o
    0x0801428c   0x0801428c   0x00000300   Code   RO         7677    i.tcp_output        tcp_out.o
    0x0801458c   0x0801458c   0x00000074   Code   RO         7678    i.tcp_output_alloc_header  tcp_out.o
    0x08014600   0x08014600   0x000000c0   Code   RO         7679    i.tcp_output_alloc_header_common  tcp_out.o
    0x080146c0   0x080146c0   0x00000094   Code   RO         7680    i.tcp_output_control_segment  tcp_out.o
    0x08014754   0x08014754   0x000000b8   Code   RO         7681    i.tcp_output_fill_options  tcp_out.o
    0x0801480c   0x0801480c   0x000001d8   Code   RO         7682    i.tcp_output_segment  tcp_out.o
    0x080149e4   0x080149e4   0x0000004c   Code   RO         7683    i.tcp_output_segment_busy  tcp_out.o
    0x08014a30   0x08014a30   0x000000e4   Code   RO         7595    i.tcp_parseopt      tcp_in.o
    0x08014b14   0x08014b14   0x00000104   Code   RO         7684    i.tcp_pbuf_prealloc  tcp_out.o
    0x08014c18   0x08014c18   0x00000088   Code   RO         7297    i.tcp_pcb_purge     tcp.o
    0x08014ca0   0x08014ca0   0x00000128   Code   RO         7298    i.tcp_pcb_remove    tcp.o
    0x08014dc8   0x08014dc8   0x00000070   Code   RO         7299    i.tcp_poll          tcp.o
    0x08014e38   0x08014e38   0x000006d4   Code   RO         7596    i.tcp_process       tcp_in.o
    0x0801550c   0x0801550c   0x000000dc   Code   RO         7300    i.tcp_process_refused_data  tcp.o
    0x080155e8   0x080155e8   0x0000074c   Code   RO         7597    i.tcp_receive       tcp_in.o
    0x08015d34   0x08015d34   0x0000004c   Code   RO         7301    i.tcp_recv          tcp.o
    0x08015d80   0x08015d80   0x00000060   Code   RO         7302    i.tcp_recv_null     tcp.o
    0x08015de0   0x08015de0   0x000000bc   Code   RO         7303    i.tcp_recved        tcp.o
    0x08015e9c   0x08015e9c   0x00000054   Code   RO         7304    i.tcp_remove_listener  tcp.o
    0x08015ef0   0x08015ef0   0x000000a0   Code   RO         7685    i.tcp_rexmit        tcp_out.o
    0x08015f90   0x08015f90   0x000000ac   Code   RO         7686    i.tcp_rexmit_fast   tcp_out.o
    0x0801603c   0x0801603c   0x00000040   Code   RO         7687    i.tcp_rexmit_rto    tcp_out.o
    0x0801607c   0x0801607c   0x00000054   Code   RO         7688    i.tcp_rexmit_rto_commit  tcp_out.o
    0x080160d0   0x080160d0   0x000000c4   Code   RO         7689    i.tcp_rexmit_rto_prepare  tcp_out.o
    0x08016194   0x08016194   0x0000001e   Code   RO         7690    i.tcp_route         tcp_out.o
    0x080161b2   0x080161b2   0x00000002   PAD
    0x080161b4   0x080161b4   0x000000c4   Code   RO         7691    i.tcp_rst           tcp_out.o
    0x08016278   0x08016278   0x0000001a   Code   RO         7305    i.tcp_seg_free      tcp.o
    0x08016292   0x08016292   0x00000018   Code   RO         7306    i.tcp_segs_free     tcp.o
    0x080162aa   0x080162aa   0x00000002   PAD
    0x080162ac   0x080162ac   0x000000e0   Code   RO         7692    i.tcp_send_empty_ack  tcp_out.o
    0x0801638c   0x0801638c   0x0000007c   Code   RO         7693    i.tcp_send_fin      tcp_out.o
    0x08016408   0x08016408   0x00000048   Code   RO         7307    i.tcp_sent          tcp.o
    0x08016450   0x08016450   0x00000098   Code   RO         7309    i.tcp_shutdown      tcp.o
    0x080164e8   0x080164e8   0x00000688   Code   RO         7310    i.tcp_slowtmr       tcp.o
    0x08016b70   0x08016b70   0x00000260   Code   RO         7694    i.tcp_split_unsent_seg  tcp_out.o
    0x08016dd0   0x08016dd0   0x00000038   Code   RO         7842    i.tcp_timer_needed  timeouts.o
    0x08016e08   0x08016e08   0x000000dc   Code   RO         7598    i.tcp_timewait_input  tcp_in.o
    0x08016ee4   0x08016ee4   0x00000024   Code   RO         7312    i.tcp_tmr           tcp.o
    0x08016f08   0x08016f08   0x00000014   Code   RO         7599    i.tcp_trigger_input_pcb_close  tcp_in.o
    0x08016f1c   0x08016f1c   0x000000b0   Code   RO         7314    i.tcp_update_rcv_ann_wnd  tcp.o
    0x08016fcc   0x08016fcc   0x00000814   Code   RO         7695    i.tcp_write         tcp_out.o
    0x080177e0   0x080177e0   0x00000144   Code   RO         7696    i.tcp_write_checks  tcp_out.o
    0x08017924   0x08017924   0x00000120   Code   RO         7697    i.tcp_zero_window_probe  tcp_out.o
    0x08017a44   0x08017a44   0x000000c0   Code   RO         6035    i.tcpip_init        tcpip.o
    0x08017b04   0x08017b04   0x0000006c   Code   RO         6036    i.tcpip_inpkt       tcpip.o
    0x08017b70   0x08017b70   0x00000030   Code   RO         6037    i.tcpip_input       tcpip.o
    0x08017ba0   0x08017ba0   0x00000020   Code   RO         6038    i.tcpip_send_msg_wait_sem  tcpip.o
    0x08017bc0   0x08017bc0   0x00000038   Code   RO         7843    i.tcpip_tcp_timer   timeouts.o
    0x08017bf8   0x08017bf8   0x00000074   Code   RO         6039    i.tcpip_thread      tcpip.o
    0x08017c6c   0x08017c6c   0x00000088   Code   RO         6040    i.tcpip_thread_handle_msg  tcpip.o
    0x08017cf4   0x08017cf4   0x00000060   Code   RO         6041    i.tcpip_timeouts_mbox_fetch  tcpip.o
    0x08017d54   0x08017d54   0x000000e8   Code   RO         7922    i.udp_bind          udp.o
    0x08017e3c   0x08017e3c   0x000000d4   Code   RO         7924    i.udp_connect       udp.o
    0x08017f10   0x08017f10   0x00000018   Code   RO         7926    i.udp_init          udp.o
    0x08017f28   0x08017f28   0x00000214   Code   RO         7927    i.udp_input         udp.o
    0x0801813c   0x0801813c   0x000000d0   Code   RO         7928    i.udp_input_local_match  udp.o
    0x0801820c   0x0801820c   0x00000030   Code   RO         7929    i.udp_netif_ip_addr_changed  udp.o
    0x0801823c   0x0801823c   0x0000001c   Code   RO         7930    i.udp_new           udp.o
    0x08018258   0x08018258   0x0000000e   Code   RO         7931    i.udp_new_ip_type   udp.o
    0x08018266   0x08018266   0x00000002   PAD
    0x08018268   0x08018268   0x00000058   Code   RO         7932    i.udp_new_port      udp.o
    0x080182c0   0x080182c0   0x0000003c   Code   RO         7933    i.udp_recv          udp.o
    0x080182fc   0x080182fc   0x00000070   Code   RO         7934    i.udp_remove        udp.o
    0x0801836c   0x0801836c   0x00000070   Code   RO         7935    i.udp_send          udp.o
    0x080183dc   0x080183dc   0x000000e0   Code   RO         7936    i.udp_sendto        udp.o
    0x080184bc   0x080184bc   0x0000011c   Code   RO         7937    i.udp_sendto_if     udp.o
    0x080185d8   0x080185d8   0x00000248   Code   RO         7938    i.udp_sendto_if_src  udp.o
    0x08018820   0x08018820   0x00000038   Code   RO          820    i.usart_init        usart.o
    0x08018858   0x08018858   0x000000b0   Code   RO         4567    i.usmart_cmd_rec    usmart.o
    0x08018908   0x08018908   0x000002d4   Code   RO         4568    i.usmart_exe        usmart.o
    0x08018bdc   0x08018bdc   0x000000d4   Code   RO         4709    i.usmart_get_aparm  usmart_str.o
    0x08018cb0   0x08018cb0   0x00000036   Code   RO         4710    i.usmart_get_cmdname  usmart_str.o
    0x08018ce6   0x08018ce6   0x00000002   PAD
    0x08018ce8   0x08018ce8   0x000001c0   Code   RO         4711    i.usmart_get_fname  usmart_str.o
    0x08018ea8   0x08018ea8   0x0000010c   Code   RO         4712    i.usmart_get_fparam  usmart_str.o
    0x08018fb4   0x08018fb4   0x00000028   Code   RO         4659    i.usmart_get_input_string  usmart_port.o
    0x08018fdc   0x08018fdc   0x00000020   Code   RO         4713    i.usmart_get_parmpos  usmart_str.o
    0x08018ffc   0x08018ffc   0x00000028   Code   RO         4569    i.usmart_init       usmart.o
    0x08019024   0x08019024   0x00000016   Code   RO         4714    i.usmart_pow        usmart_str.o
    0x0801903a   0x0801903a   0x00000002   PAD
    0x0801903c   0x0801903c   0x000000a8   Code   RO         4570    i.usmart_scan       usmart.o
    0x080190e4   0x080190e4   0x00000016   Code   RO         4715    i.usmart_search_nextc  usmart_str.o
    0x080190fa   0x080190fa   0x00000106   Code   RO         4716    i.usmart_str2num    usmart_str.o
    0x08019200   0x08019200   0x00000022   Code   RO         4717    i.usmart_strcmp     usmart_str.o
    0x08019222   0x08019222   0x00000016   Code   RO         4718    i.usmart_strcopy    usmart_str.o
    0x08019238   0x08019238   0x00000018   Code   RO         4719    i.usmart_strlen     usmart_str.o
    0x08019250   0x08019250   0x000006f4   Code   RO         4571    i.usmart_sys_cmd_exe  usmart.o
    0x08019944   0x08019944   0x00000044   Code   RO         4660    i.usmart_timx_get_time  usmart_port.o
    0x08019988   0x08019988   0x00000064   Code   RO         4661    i.usmart_timx_init  usmart_port.o
    0x080199ec   0x080199ec   0x00000034   Code   RO         4662    i.usmart_timx_reset_time  usmart_port.o
    0x08019a20   0x08019a20   0x00000028   Code   RO         9282    i.uxListRemove      list.o
    0x08019a48   0x08019a48   0x0000001a   Code   RO         9283    i.vListInitialise   list.o
    0x08019a62   0x08019a62   0x00000006   Code   RO         9284    i.vListInitialiseItem  list.o
    0x08019a68   0x08019a68   0x00000034   Code   RO         9285    i.vListInsert       list.o
    0x08019a9c   0x08019a9c   0x00000018   Code   RO         9286    i.vListInsertEnd    list.o
    0x08019ab4   0x08019ab4   0x00000098   Code   RO        10438    i.vPortEnterCritical  port.o
    0x08019b4c   0x08019b4c   0x00000080   Code   RO        10439    i.vPortExitCritical  port.o
    0x08019bcc   0x08019bcc   0x000000d8   Code   RO        10370    i.vPortFree         heap_4.o
    0x08019ca4   0x08019ca4   0x00000028   Code   RO        10440    i.vPortSetupTimerInterrupt  port.o
    0x08019ccc   0x08019ccc   0x000000b0   Code   RO        10441    i.vPortValidateInterruptPriority  port.o
    0x08019d7c   0x08019d7c   0x0000008c   Code   RO         9345    i.vQueueAddToRegistry  queue.o
    0x08019e08   0x08019e08   0x00000058   Code   RO         9346    i.vQueueDelete      queue.o
    0x08019e60   0x08019e60   0x00000074   Code   RO         9348    i.vQueueUnregisterQueue  queue.o
    0x08019ed4   0x08019ed4   0x0000004a   Code   RO         9349    i.vQueueWaitForMessageRestricted  queue.o
    0x08019f1e   0x08019f1e   0x00000002   PAD
    0x08019f20   0x08019f20   0x00000084   Code   RO         9791    i.vTaskDelay        tasks.o
    0x08019fa4   0x08019fa4   0x00000124   Code   RO         9792    i.vTaskDelete       tasks.o
    0x0801a0c8   0x0801a0c8   0x00000018   Code   RO         9796    i.vTaskInternalSetTimeOutState  tasks.o
    0x0801a0e0   0x0801a0e0   0x0000000c   Code   RO         9798    i.vTaskMissedYield  tasks.o
    0x0801a0ec   0x0801a0ec   0x00000064   Code   RO         9799    i.vTaskPlaceOnEventList  tasks.o
    0x0801a150   0x0801a150   0x0000008c   Code   RO         9800    i.vTaskPlaceOnEventListRestricted  tasks.o
    0x0801a1dc   0x0801a1dc   0x00000138   Code   RO         9802    i.vTaskPriorityDisinheritAfterTimeout  tasks.o
    0x0801a314   0x0801a314   0x000000c4   Code   RO         9808    i.vTaskStartScheduler  tasks.o
    0x0801a3d8   0x0801a3d8   0x00000010   Code   RO         9810    i.vTaskSuspendAll   tasks.o
    0x0801a3e8   0x0801a3e8   0x000000b8   Code   RO         9811    i.vTaskSwitchContext  tasks.o
    0x0801a4a0   0x0801a4a0   0x00000004   Code   RO         4572    i.write_addr        usmart.o
    0x0801a4a4   0x0801a4a4   0x000001ac   Code   RO        10442    i.xPortStartScheduler  port.o
    0x0801a650   0x0801a650   0x00000034   Code   RO        10443    i.xPortSysTickHandler  port.o
    0x0801a684   0x0801a684   0x00000022   Code   RO         9352    i.xQueueCreateMutex  queue.o
    0x0801a6a6   0x0801a6a6   0x00000002   PAD
    0x0801a6a8   0x0801a6a8   0x00000090   Code   RO         9354    i.xQueueGenericCreate  queue.o
    0x0801a738   0x0801a738   0x000000fc   Code   RO         9355    i.xQueueGenericReset  queue.o
    0x0801a834   0x0801a834   0x000001e4   Code   RO         9356    i.xQueueGenericSend  queue.o
    0x0801aa18   0x0801aa18   0x00000124   Code   RO         9358    i.xQueueGiveFromISR  queue.o
    0x0801ab3c   0x0801ab3c   0x00000074   Code   RO         9359    i.xQueueGiveMutexRecursive  queue.o
    0x0801abb0   0x0801abb0   0x00000180   Code   RO         9364    i.xQueueReceive     queue.o
    0x0801ad30   0x0801ad30   0x000001c4   Code   RO         9369    i.xQueueSemaphoreTake  queue.o
    0x0801aef4   0x0801aef4   0x00000078   Code   RO         9370    i.xQueueTakeMutexRecursive  queue.o
    0x0801af6c   0x0801af6c   0x000000cc   Code   RO         9814    i.xTaskCheckForTimeOut  tasks.o
    0x0801b038   0x0801b038   0x00000060   Code   RO         9815    i.xTaskCreate       tasks.o
    0x0801b098   0x0801b098   0x0000000c   Code   RO         9821    i.xTaskGetCurrentTaskHandle  tasks.o
    0x0801b0a4   0x0801b0a4   0x00000020   Code   RO         9824    i.xTaskGetSchedulerState  tasks.o
    0x0801b0c4   0x0801b0c4   0x0000000c   Code   RO         9825    i.xTaskGetTickCount  tasks.o
    0x0801b0d0   0x0801b0d0   0x000001e8   Code   RO         9827    i.xTaskIncrementTick  tasks.o
    0x0801b2b8   0x0801b2b8   0x00000110   Code   RO         9828    i.xTaskPriorityDisinherit  tasks.o
    0x0801b3c8   0x0801b3c8   0x000000ec   Code   RO         9829    i.xTaskPriorityInherit  tasks.o
    0x0801b4b4   0x0801b4b4   0x0000014c   Code   RO         9830    i.xTaskRemoveFromEventList  tasks.o
    0x0801b600   0x0801b600   0x000001a0   Code   RO         9831    i.xTaskResumeAll    tasks.o
    0x0801b7a0   0x0801b7a0   0x00000080   Code   RO        10211    i.xTimerCreateTimerTask  timers.o
    0x0801b820   0x0801b820   0x00000018   Data   RO          543    .constdata          system_stm32f4xx.o
    0x0801b838   0x0801b838   0x00002f80   Data   RO         4105    .constdata          lcd.o
    0x0801e7b8   0x0801e7b8   0x00000024   Data   RO         4807    .constdata          malloc.o
    0x0801e7dc   0x0801e7dc   0x00000003   Data   RO         5232    .constdata          api_msg.o
    0x0801e7df   0x0801e7df   0x00000001   PAD
    0x0801e7e0   0x0801e7e0   0x00000118   Data   RO         6697    .constdata          memp.o
    0x0801e8f8   0x0801e8f8   0x00000050   Data   RO         7315    .constdata          tcp.o
    0x0801e948   0x0801e948   0x00000034   Data   RO         7844    .constdata          timeouts.o
    0x0801e97c   0x0801e97c   0x00000008   Data   RO         8524    .constdata          ip4_addr.o
    0x0801e984   0x0801e984   0x0000000c   Data   RO         8668    .constdata          ethernet_1.o
    0x0801e990   0x0801e990   0x00000028   Data   RO         4573    .conststring        usmart.o
    0x0801e9b8   0x0801e9b8   0x000000f4   Data   RO         4633    .conststring        usmart_config.o
    0x0801eaac   0x0801eaac   0x00000041   Data   RO         6510    .conststring        init.o
    0x0801eaed   0x0801eaed   0x00000003   PAD
    0x0801eaf0   0x0801eaf0   0x000000a0   Data   RO         6698    .conststring        memp.o
    0x0801eb90   0x0801eb90   0x0000006d   Data   RO         7316    .conststring        tcp.o
    0x0801ebfd   0x0801ebfd   0x00000003   PAD
    0x0801ec00   0x0801ec00   0x00000055   Data   RO         7698    .conststring        tcp_out.o
    0x0801ec55   0x0801ec55   0x00000003   PAD
    0x0801ec58   0x0801ec58   0x00000042   Data   RO         8108    .conststring        dhcp.o
    0x0801ec9a   0x0801ec9a   0x00000002   PAD
    0x0801ec9c   0x0801ec9c   0x00000041   Data   RO         8312    .conststring        etharp.o
    0x0801ecdd   0x0801ecdd   0x00000003   PAD
    0x0801ece0   0x0801ece0   0x00000012   Data   RO         9105    .conststring        lwip_demo.o
    0x0801ecf2   0x0801ecf2   0x00000002   PAD
    0x0801ecf4   0x0801ecf4   0x00000020   Data   RO        10989    Region$$Table       anon$$obj.o


    Execution Region RW_IRAM1 (Exec base: 0x20000000, Load base: 0x0801ed14, Size: 0x0001fa50, Max: 0x00020000, ABSOLUTE, COMPRESSED[0x000000ac])

    Exec Addr    Load Addr    Size         Type   Attr      Idx    E Section Name        Object

    0x20000000   COMPRESSED   0x00000004   Data   RW          544    .data               system_stm32f4xx.o
    0x20000004   COMPRESSED   0x00000018   Data   RW          585    .data               freertos_demo.o
    0x2000001c   COMPRESSED   0x00000004   Data   RW          700    .data               delay.o
    0x20000020   COMPRESSED   0x00000007   Data   RW          822    .data               usart.o
    0x20000027   COMPRESSED   0x00000001   PAD
    0x20000028   COMPRESSED   0x00000009   Data   RW          917    .data               stm32f4xx_hal.o
    0x20000031   COMPRESSED   0x00000003   PAD
    0x20000034   COMPRESSED   0x00000008   Data   RW         4106    .data               lcd.o
    0x2000003c   COMPRESSED   0x00000001   Data   RW         4330    .data               key.o
    0x2000003d   COMPRESSED   0x00000003   PAD
    0x20000040   COMPRESSED   0x00000010   Data   RW         4423    .data               ethernet.o
    0x20000050   COMPRESSED   0x00000012   Data   RW         4517    .data               sensor.o
    0x20000062   COMPRESSED   0x00000002   PAD
    0x20000064   COMPRESSED   0x0000001c   Data   RW         4574    .data               usmart.o
    0x20000080   COMPRESSED   0x0000012c   Data   RW         4634    .data               usmart_config.o
    0x200001ac   COMPRESSED   0x00000024   Data   RW         4808    .data               malloc.o
    0x200001d0   COMPRESSED   0x00000010   Data   RW         6043    .data               tcpip.o
    0x200001e0   COMPRESSED   0x0000000c   Data   RW         6311    .data               dns.o
    0x200001ec   COMPRESSED   0x00000010   Data   RW         6616    .data               mem.o
    0x200001fc   COMPRESSED   0x00000038   Data   RW         6699    .data               memp.o
    0x20000234   COMPRESSED   0x00000009   Data   RW         6820    .data               netif.o
    0x2000023d   COMPRESSED   0x00000003   PAD
    0x20000240   COMPRESSED   0x00000020   Data   RW         7317    .data               tcp.o
    0x20000260   COMPRESSED   0x00000028   Data   RW         7601    .data               tcp_in.o
    0x20000288   COMPRESSED   0x0000000c   Data   RW         7845    .data               timeouts.o
    0x20000294   COMPRESSED   0x00000008   Data   RW         7939    .data               udp.o
    0x2000029c   COMPRESSED   0x00000010   Data   RW         8109    .data               dhcp.o
    0x200002ac   COMPRESSED   0x00000001   Data   RW         8313    .data               etharp.o
    0x200002ad   COMPRESSED   0x00000001   PAD
    0x200002ae   COMPRESSED   0x00000002   Data   RW         8468    .data               ip4.o
    0x200002b0   COMPRESSED   0x00000006   Data   RW         8596    .data               ip4_frag.o
    0x200002b6   COMPRESSED   0x00000002   PAD
    0x200002b8   COMPRESSED   0x00000004   Data   RW         8710    .data               ethernetif.o
    0x200002bc   COMPRESSED   0x00000001   Data   RW         8793    .data               lwip_comm.o
    0x200002bd   COMPRESSED   0x00000003   PAD
    0x200002c0   COMPRESSED   0x00000014   Data   RW         9106    .data               lwip_demo.o
    0x200002d4   COMPRESSED   0x00000040   Data   RW         9834    .data               tasks.o
    0x20000314   COMPRESSED   0x00000014   Data   RW        10220    .data               timers.o
    0x20000328   COMPRESSED   0x00000020   Data   RW        10376    .data               heap_4.o
    0x20000348   COMPRESSED   0x0000000c   Data   RW        10444    .data               port.o
    0x20000354   COMPRESSED   0x00000004   Data   RW        10598    .data               mc_w.l(rand.o)
    0x20000358        -       0x0000010c   Zero   RW          821    .bss                usart.o
    0x20000464        -       0x0000005e   Zero   RW         4104    .bss                lcd.o
    0x200004c2   COMPRESSED   0x00000002   PAD
    0x200004c4        -       0x00000050   Zero   RW         4364    .bss                sram.o
    0x20000514        -       0x00000048   Zero   RW         4422    .bss                ethernet.o
    0x2000055c        -       0x00000138   Zero   RW         4516    .bss                sensor.o
    0x20000694        -       0x00000048   Zero   RW         4663    .bss                usmart_port.o
    0x200006dc   COMPRESSED   0x00000024   PAD
    0x20000700        -       0x00006a40   Zero   RW         4806    .bss                malloc.o
    0x20007140        -       0x00000480   Zero   RW         6309    .bss                dns.o
    0x200075c0        -       0x00000018   Zero   RW         6582    .bss                ip.o
    0x200075d8        -       0x00006413   Zero   RW         6615    .bss                mem.o
    0x2000d9eb        -       0x00008aae   Zero   RW         6696    .bss                memp.o
    0x20016499   COMPRESSED   0x00000003   PAD
    0x2001649c        -       0x00000014   Zero   RW         7600    .bss                tcp_in.o
    0x200164b0        -       0x00000032   Zero   RW         8107    .bss                dhcp.o
    0x200164e2   COMPRESSED   0x00000002   PAD
    0x200164e4        -       0x000000f0   Zero   RW         8311    .bss                etharp.o
    0x200165d4        -       0x00000010   Zero   RW         8523    .bss                ip4_addr.o
    0x200165e4        -       0x00000054   Zero   RW         8792    .bss                lwip_comm.o
    0x20016638        -       0x000000c8   Zero   RW         9104    .bss                lwip_demo.o
    0x20016700        -       0x00000040   Zero   RW         9371    .bss                queue.o
    0x20016740        -       0x000002e4   Zero   RW         9833    .bss                tasks.o
    0x20016a24        -       0x00000028   Zero   RW        10219    .bss                timers.o
    0x20016a4c        -       0x00008c00   Zero   RW        10375    .bss                heap_4.o
    0x2001f64c   COMPRESSED   0x00000004   PAD
    0x2001f650        -       0x00000400   Zero   RW            1    STACK               startup_stm32f407xx.o



  Load Region LR$$.ARM.__AT_0x10000000 (Base: 0x10000000, Size: 0x00000000, Max: 0x0000f000, ABSOLUTE)

    Execution Region ER$$.ARM.__AT_0x10000000 (Exec base: 0x10000000, Load base: 0x10000000, Size: 0x0000f000, Max: 0x0000f000, ABSOLUTE, UNINIT)

    Exec Addr    Load Addr    Size         Type   Attr      Idx    E Section Name        Object

    0x10000000        -       0x0000f000   Zero   RW         4802    .ARM.__AT_0x10000000  malloc.o



  Load Region LR$$.ARM.__AT_0x1000F000 (Base: 0x1000f000, Size: 0x00000000, Max: 0x00000f00, ABSOLUTE)

    Execution Region ER$$.ARM.__AT_0x1000F000 (Exec base: 0x1000f000, Load base: 0x1000f000, Size: 0x00000f00, Max: 0x00000f00, ABSOLUTE, UNINIT)

    Exec Addr    Load Addr    Size         Type   Attr      Idx    E Section Name        Object

    0x1000f000        -       0x00000f00   Zero   RW         4803    .ARM.__AT_0x1000F000  malloc.o



  Load Region LR$$.ARM.__AT_0x68000000 (Base: 0x68000000, Size: 0x00000000, Max: 0x0007d000, ABSOLUTE)

    Execution Region ER$$.ARM.__AT_0x68000000 (Exec base: 0x68000000, Load base: 0x68000000, Size: 0x0007d000, Max: 0x0007d000, ABSOLUTE, UNINIT)

    Exec Addr    Load Addr    Size         Type   Attr      Idx    E Section Name        Object

    0x68000000        -       0x0007d000   Zero   RW         4804    .ARM.__AT_0x68000000  malloc.o



  Load Region LR$$.ARM.__AT_0x6807D000 (Base: 0x6807d000, Size: 0x00000000, Max: 0x00007d00, ABSOLUTE)

    Execution Region ER$$.ARM.__AT_0x6807D000 (Exec base: 0x6807d000, Load base: 0x6807d000, Size: 0x00007d00, Max: 0x00007d00, ABSOLUTE, UNINIT)

    Exec Addr    Load Addr    Size         Type   Attr      Idx    E Section Name        Object

    0x6807d000        -       0x00007d00   Zero   RW         4805    .ARM.__AT_0x6807D000  malloc.o


==============================================================================

Image component sizes


      Code (inc. data)   RO Data    RW Data    ZI Data      Debug   Object Name

      1650        458          0          0          0      52900   api_lib.o
      5090       1334          3          0          0      39997   api_msg.o
        38          0          0          0          0       1138   def.o
       172          8          0          4          0       2645   delay.o
      6104        786         66         16         50      31288   dhcp.o
      1124        136          0         12       1152      15852   dns.o
         0          0          0          0          0       1712   err.o
      3208        530         65          1        240      12319   etharp.o
      1028         62          0         16         72       5912   ethernet.o
       380         58         12          0          0       2762   ethernet_1.o
       876         90          0          4          0       8622   ethernetif.o
         0          0          0          0          0      12184   event_groups.o
      2140        746          0         24          0      22560   freertos_demo.o
       848        218          0         32      35840       4323   heap_4.o
       860        156          0          0          0       4954   icmp.o
         0          0          0          0          0       4135   if_api.o
       180          0          0          0          0       2166   inet_chksum.o
        68          4         65          0          0       1812   init.o
         0          0          0          0         24       3218   ip.o
      1106         90          0          2          0       5924   ip4.o
       266          4          8          0         16      10622   ip4_addr.o
      2738        494          0          6          0      12570   ip4_frag.o
       448         24          0          1          0       1850   key.o
     13796        188      12160          8         94      27506   lcd.o
       152         10          0          0          0        971   led.o
       148          0          0          0          0       3542   list.o
      1776        502          0          1         84      23798   lwip_comm.o
       452        120         18         20        200       5763   lwip_demo.o
        88          4          0          0          0     738339   main.o
       484         54         36         36     636480       6775   malloc.o
      2092        660          0         16      25619       9321   mem.o
       428        148        440         56      35502      11298   memp.o
       214         66          0          0          0      11352   netbuf.o
      1384        352          0          9          0      17614   netif.o
      3570       1080          0          0          0      20702   pbuf.o
      1338        472          0         12          0      11341   port.o
      3356        662          0          0         64      22318   queue.o
      2884         96          0         18        312       4411   sensor.o
       496         30          0          0         80       1641   sram.o
        52         14        392          0       1024        984   startup_stm32f407xx.o
       226         40          0          9          0      10670   stm32f4xx_hal.o
       344         22          0          0          0      35265   stm32f4xx_hal_cortex.o
       210          0          0          0          0       2027   stm32f4xx_hal_dma.o
      2870         50          0          0          0      16734   stm32f4xx_hal_eth.o
       564         46          0          0          0       3548   stm32f4xx_hal_gpio.o
      1820         84          0          0          0       5788   stm32f4xx_hal_rcc.o
        88          0          0          0          0       1256   stm32f4xx_hal_sram.o
       488         76          0          0          0       3372   stm32f4xx_hal_tim.o
      1796         16          0          0          0      10120   stm32f4xx_hal_uart.o
        20          0          0          0          0     599361   stm32f4xx_it.o
       232         10          0          0          0       2823   stm32f4xx_ll_fsmc.o
       204         12          0          0          0       1387   sys.o
      1738        678          0          0          0      13673   sys_arch.o
        20          6         24          4          0       1411   system_stm32f4xx.o
      4522       1112          0         64        740      37591   tasks.o
      6698       1828        189         32          0      42464   tcp.o
      6900       1270          0         40         20      21439   tcp_in.o
      7838       2040         85          0          0      34014   tcp_out.o
       728        226          0         16          0      10105   tcpip.o
       748        216         52         12          0       7607   timeouts.o
      1082        214          0         20         40      11636   timers.o
      2762        812          0          8          0      14591   udp.o
       460         60          0          7        268       5229   usart.o
      2898       1308         40         28          0       6146   usmart.o
         0          0        244        300          0       1608   usmart_config.o
       328         50          0          0         72       3606   usmart_port.o
      1400         20          0          0          0       9609   usmart_str.o

    ----------------------------------------------------------------------
    108106      19852      13948        852     738040    2092221   Object Totals
         0          0         32          0          0          0   (incl. Generated)
        88          0         17         18         47          0   (incl. Padding)

    ----------------------------------------------------------------------

      Code (inc. data)   RO Data    RW Data    ZI Data      Debug   Library Member Name

        86          0          0          0          0          0   __dczerorl2.o
         0          0          0          0          0          0   entry.o
         0          0          0          0          0          0   entry10a.o
         0          0          0          0          0          0   entry11a.o
         4          0          0          0          0          0   entry12b.o
         8          4          0          0          0          0   entry2.o
         4          0          0          0          0          0   entry5.o
         0          0          0          0          0          0   entry7b.o
         0          0          0          0          0          0   entry8b.o
         8          4          0          0          0          0   entry9a.o
        30          0          0          0          0          0   handlers.o
        36          8          0          0          0         68   init.o
         0          0          0          0          0          0   iusefp.o
        30          0          0          0          0         68   llshl.o
        36          0          0          0          0         68   llsshr.o
        32          0          0          0          0         68   llushr.o
        26          0          0          0          0         80   memcmp.o
        64          0          0          0          0         76   memmovea.o
        36          0          0          0          0        108   memseta.o
      2268         96          0          0          0        616   printfa.o
        36         10          0          4          0        136   rand.o
        14          0          0          0          0         68   strlen.o
        44          0          0          0          0         80   uidiv.o
        98          0          0          0          0         92   uldiv.o
        48          0          0          0          0         68   cdrcmple.o
        56          0          0          0          0         88   d2f.o
       334          0          0          0          0        148   dadd.o
       222          0          0          0          0        100   ddiv.o
       186          0          0          0          0        176   depilogue.o
        50          0          0          0          0         76   dfixui.o
        48          0          0          0          0         68   dfixul.o
        26          0          0          0          0         76   dfltui.o
       228          0          0          0          0         96   dmul.o
       110          0          0          0          0        168   fepilogue.o

    ----------------------------------------------------------------------
      4174        122          0          4          0       2592   Library Totals
         6          0          0          0          0          0   (incl. Padding)

    ----------------------------------------------------------------------

      Code (inc. data)   RO Data    RW Data    ZI Data      Debug   Library Name

      2860        122          0          4          0       1528   mc_w.l
      1308          0          0          0          0       1064   mf_w.l

    ----------------------------------------------------------------------
      4174        122          0          4          0       2592   Library Totals

    ----------------------------------------------------------------------

==============================================================================


      Code (inc. data)   RO Data    RW Data    ZI Data      Debug   

    112280      19974      13948        856     738040    2039745   Grand Totals
    112280      19974      13948        172     738040    2039745   ELF Image Totals (compressed)
    112280      19974      13948        172          0          0   ROM Totals

==============================================================================

    Total RO  Size (Code + RO Data)               126228 ( 123.27kB)
    Total RW  Size (RW Data + ZI Data)            738896 ( 721.58kB)
    Total ROM Size (Code + RO Data + RW Data)     126400 ( 123.44kB)

==============================================================================

