Component: ARM Compiler 5.06 update 7 (build 960) Tool: armlink [4d3601]

==============================================================================

Section Cross References

    startup_stm32f407xx.o(RESET) refers to startup_stm32f407xx.o(STACK) for __initial_sp
    startup_stm32f407xx.o(RESET) refers to startup_stm32f407xx.o(.text) for Reset_Handler
    startup_stm32f407xx.o(RESET) refers to stm32f4xx_it.o(i.NMI_Handler) for NMI_Handler
    startup_stm32f407xx.o(RESET) refers to stm32f4xx_it.o(i.HardFault_Handler) for HardFault_Handler
    startup_stm32f407xx.o(RESET) refers to stm32f4xx_it.o(i.MemManage_Handler) for MemManage_Handler
    startup_stm32f407xx.o(RESET) refers to stm32f4xx_it.o(i.BusFault_Handler) for BusFault_Handler
    startup_stm32f407xx.o(RESET) refers to stm32f4xx_it.o(i.UsageFault_Handler) for UsageFault_Handler
    startup_stm32f407xx.o(RESET) refers to port.o(.emb_text) for SVC_Handler
    startup_stm32f407xx.o(RESET) refers to stm32f4xx_it.o(i.DebugMon_Handler) for DebugMon_Handler
    startup_stm32f407xx.o(RESET) refers to delay.o(i.SysTick_Handler) for SysTick_Handler
    startup_stm32f407xx.o(RESET) refers to usmart_port.o(i.TIM4_IRQHandler) for TIM4_IRQHandler
    startup_stm32f407xx.o(RESET) refers to usart.o(i.USART1_IRQHandler) for USART1_IRQHandler
    startup_stm32f407xx.o(RESET) refers to adc.o(i.DMA2_Stream4_IRQHandler) for DMA2_Stream4_IRQHandler
    startup_stm32f407xx.o(RESET) refers to ethernet.o(i.ETH_IRQHandler) for ETH_IRQHandler
    startup_stm32f407xx.o(.text) refers to system_stm32f4xx.o(i.SystemInit) for SystemInit
    startup_stm32f407xx.o(.text) refers to entry.o(.ARM.Collect$$$$00000000) for __main
    main.o(i.main) refers to stm32f4xx_hal.o(i.HAL_Init) for HAL_Init
    main.o(i.main) refers to sys.o(i.sys_stm32_clock_init) for sys_stm32_clock_init
    main.o(i.main) refers to delay.o(i.delay_init) for delay_init
    main.o(i.main) refers to usart.o(i.usart_init) for usart_init
    main.o(i.main) refers to led.o(i.led_init) for led_init
    main.o(i.main) refers to key.o(i.key_init) for key_init
    main.o(i.main) refers to sensor.o(i.Sensor_GPIO) for Sensor_GPIO
    main.o(i.main) refers to freertos_demo.o(i.freertos_demo) for freertos_demo
    main.o(i.main) refers to usmart_config.o(.data) for usmart_dev
    system_stm32f4xx.o(i.SystemCoreClockUpdate) refers to system_stm32f4xx.o(.data) for SystemCoreClock
    system_stm32f4xx.o(i.SystemCoreClockUpdate) refers to system_stm32f4xx.o(.constdata) for AHBPrescTable
    freertos_demo.o(i.adc_task) refers to ad7616.o(i.AD7616_Init) for AD7616_Init
    freertos_demo.o(i.adc_task) refers to ad7616.o(i.AD7616_Set_Serial_Output_Format) for AD7616_Set_Serial_Output_Format
    freertos_demo.o(i.adc_task) refers to ad7616.o(i.AD7616_Set_Range) for AD7616_Set_Range
    freertos_demo.o(i.adc_task) refers to ad7616.o(i.AD7616_Channel_Group_Select) for AD7616_Channel_Group_Select
    freertos_demo.o(i.adc_task) refers to ad7616.o(i.AD7616_Reset) for AD7616_Reset
    freertos_demo.o(i.adc_task) refers to ad7616.o(i.AD7616_Conversion) for AD7616_Conversion
    freertos_demo.o(i.adc_task) refers to ad7616.o(i.AD7616_Read_Data) for AD7616_Read_Data
    freertos_demo.o(i.adc_task) refers to ad7616.o(i.AD7616_Digital2Voltage) for AD7616_Digital2Voltage
    freertos_demo.o(i.adc_task) refers to d2f.o(.text) for __aeabi_d2f
    freertos_demo.o(i.adc_task) refers to tasks.o(i.vTaskDelay) for vTaskDelay
    freertos_demo.o(i.adc_task) refers to ad7616.o(.bss) for ad7616_data
    freertos_demo.o(i.freertos_demo) refers to tasks.o(i.xTaskCreate) for xTaskCreate
    freertos_demo.o(i.freertos_demo) refers to tasks.o(i.vTaskStartScheduler) for vTaskStartScheduler
    freertos_demo.o(i.freertos_demo) refers to freertos_demo.o(.data) for StartTask_Handler
    freertos_demo.o(i.freertos_demo) refers to freertos_demo.o(i.start_task) for start_task
    freertos_demo.o(i.key_task) refers to key.o(i.key_scan) for key_scan
    freertos_demo.o(i.key_task) refers to sensor.o(i.GetDegreeo) for GetDegreeo
    freertos_demo.o(i.key_task) refers to printfa.o(i.__0printf) for __2printf
    freertos_demo.o(i.key_task) refers to tasks.o(i.vTaskDelay) for vTaskDelay
    freertos_demo.o(i.led_task) refers to stm32f4xx_hal_gpio.o(i.HAL_GPIO_TogglePin) for HAL_GPIO_TogglePin
    freertos_demo.o(i.led_task) refers to sensor.o(i.GetDegree) for GetDegree
    freertos_demo.o(i.led_task) refers to tasks.o(i.vTaskDelay) for vTaskDelay
    freertos_demo.o(i.lwip_demo_task) refers to lwip_demo.o(i.lwip_demo) for lwip_demo
    freertos_demo.o(i.lwip_demo_task) refers to tasks.o(i.vTaskDelay) for vTaskDelay
    freertos_demo.o(i.lwip_test_ui) refers to printfa.o(i.__0printf) for __2printf
    freertos_demo.o(i.lwip_test_ui) refers to ethernet.o(i.ethernet_chip_get_speed) for ethernet_chip_get_speed
    freertos_demo.o(i.lwip_test_ui) refers to lwip_comm.o(.bss) for g_lwipdev
[...]
    vTaskSwitchContext                       0x08016a7d   Thumb Code   110  tasks.o(i.vTaskSwitchContext)
    write_addr                               0x08016b35   Thumb Code     4  usmart.o(i.write_addr)
    xPortStartScheduler                      0x08016b39   Thumb Code   322  port.o(i.xPortStartScheduler)
    xPortSysTickHandler                      0x08016ce5   Thumb Code    46  port.o(i.xPortSysTickHandler)
    xQueueCreateMutex                        0x08016d19   Thumb Code    34  queue.o(i.xQueueCreateMutex)
    xQueueGenericCreate                      0x08016d3d   Thumb Code    92  queue.o(i.xQueueGenericCreate)
    xQueueGenericReset                       0x08016dcd   Thumb Code   194  queue.o(i.xQueueGenericReset)
    xQueueGenericSend                        0x08016ec9   Thumb Code   426  queue.o(i.xQueueGenericSend)
    xQueueGiveFromISR                        0x080170ad   Thumb Code   240  queue.o(i.xQueueGiveFromISR)
    xQueueGiveMutexRecursive                 0x080171d1   Thumb Code    62  queue.o(i.xQueueGiveMutexRecursive)
    xQueueReceive                            0x08017245   Thumb Code   326  queue.o(i.xQueueReceive)
    xQueueSemaphoreTake                      0x080173c5   Thumb Code   394  queue.o(i.xQueueSemaphoreTake)
    xQueueTakeMutexRecursive                 0x08017589   Thumb Code    68  queue.o(i.xQueueTakeMutexRecursive)
    xTaskCheckForTimeOut                     0x08017601   Thumb Code   140  tasks.o(i.xTaskCheckForTimeOut)
    xTaskCreate                              0x080176cd   Thumb Code    96  tasks.o(i.xTaskCreate)
    xTaskGetCurrentTaskHandle                0x0801772d   Thumb Code     6  tasks.o(i.xTaskGetCurrentTaskHandle)
    xTaskGetSchedulerState                   0x08017739   Thumb Code    24  tasks.o(i.xTaskGetSchedulerState)
    xTaskGetTickCount                        0x08017759   Thumb Code     6  tasks.o(i.xTaskGetTickCount)
    xTaskIncrementTick                       0x08017765   Thumb Code   390  tasks.o(i.xTaskIncrementTick)
    xTaskPriorityDisinherit                  0x0801794d   Thumb Code   206  tasks.o(i.xTaskPriorityDisinherit)
    xTaskPriorityInherit                     0x08017a5d   Thumb Code   224  tasks.o(i.xTaskPriorityInherit)
    xTaskRemoveFromEventList                 0x08017b49   Thumb Code   254  tasks.o(i.xTaskRemoveFromEventList)
    xTaskResumeAll                           0x08017c95   Thumb Code   328  tasks.o(i.xTaskResumeAll)
    xTimerCreateTimerTask                    0x08017e35   Thumb Code    56  timers.o(i.xTimerCreateTimerTask)
    AHBPrescTable                            0x08017eb4   Data          16  system_stm32f4xx.o(.constdata)
    APBPrescTable                            0x08017ec4   Data           8  system_stm32f4xx.o(.constdata)
    memtblsize                               0x08017ecc   Data          12  malloc.o(.constdata)
    memblksize                               0x08017ed8   Data          12  malloc.o(.constdata)
    memsize                                  0x08017ee4   Data          12  malloc.o(.constdata)
    netconn_aborted                          0x08017ef0   Data           1  api_msg.o(.constdata)
    netconn_reset                            0x08017ef1   Data           1  api_msg.o(.constdata)
    netconn_closed                           0x08017ef2   Data           1  api_msg.o(.constdata)
    memp_UDP_PCB                             0x08017ef4   Data          16  memp.o(.constdata)
    memp_TCP_PCB                             0x08017f04   Data          16  memp.o(.constdata)
    memp_TCP_PCB_LISTEN                      0x08017f14   Data          16  memp.o(.constdata)
    memp_TCP_SEG                             0x08017f24   Data          16  memp.o(.constdata)
    memp_REASSDATA                           0x08017f34   Data          16  memp.o(.constdata)
    memp_FRAG_PBUF                           0x08017f44   Data          16  memp.o(.constdata)
    memp_NETBUF                              0x08017f54   Data          16  memp.o(.constdata)
    memp_NETCONN                             0x08017f64   Data          16  memp.o(.constdata)
    memp_TCPIP_MSG_API                       0x08017f74   Data          16  memp.o(.constdata)
    memp_TCPIP_MSG_INPKT                     0x08017f84   Data          16  memp.o(.constdata)
    memp_SYS_TIMEOUT                         0x08017f94   Data          16  memp.o(.constdata)
    memp_NETDB                               0x08017fa4   Data          16  memp.o(.constdata)
    memp_PBUF                                0x08017fb4   Data          16  memp.o(.constdata)
    memp_PBUF_POOL                           0x08017fc4   Data          16  memp.o(.constdata)
    memp_pools                               0x08017fd4   Data          56  memp.o(.constdata)
    tcp_pcb_lists                            0x0801804c   Data          16  tcp.o(.constdata)
    lwip_cyclic_timers                       0x0801805c   Data          48  timeouts.o(.constdata)
    lwip_num_cyclic_timers                   0x0801808c   Data           4  timeouts.o(.constdata)
    ip_addr_any                              0x08018090   Data           4  ip4_addr.o(.constdata)
    ip_addr_broadcast                        0x08018094   Data           4  ip4_addr.o(.constdata)
    ethbroadcast                             0x08018098   Data           6  ethernet_1.o(.constdata)
    ethzero                                  0x0801809e   Data           6  ethernet_1.o(.constdata)
    Region$$Table$$Base                      0x08018408   Number         0  anon$$obj.o(Region$$Table)
    Region$$Table$$Limit                     0x08018428   Number         0  anon$$obj.o(Region$$Table)
    SystemCoreClock                          0x20000000   Data           4  system_stm32f4xx.o(.data)
    StartTask_Handler                        0x20000004   Data           4  freertos_demo.o(.data)
    LWIP_Task_Handler                        0x20000008   Data           4  freertos_demo.o(.data)
    LEDTask_Handler                          0x2000000c   Data           4  freertos_demo.o(.data)
    KEYTask_Handler                          0x20000010   Data           4  freertos_demo.o(.data)
    ADCTask_Handler                          0x20000014   Data           4  freertos_demo.o(.data)
    g_display_queue                          0x20000018   Data           4  freertos_demo.o(.data)
    __stdout                                 0x20000020   Data           4  usart.o(.data)
    g_usart_rx_sta                           0x20000024   Data           2  usart.o(.data)
    g_rx_buffer                              0x20000026   Data           1  usart.o(.data)
    uwTick                                   0x20000028   Data           4  stm32f4xx_hal.o(.data)
    uwTickPrio                               0x2000002c   Data           4  stm32f4xx_hal.o(.data)
    uwTickFreq                               0x20000030   Data           1  stm32f4xx_hal.o(.data)
    g_eth_dma_rx_dscr_tab                    0x20000034   Data           4  ethernet.o(.data)
    g_eth_dma_tx_dscr_tab                    0x20000038   Data           4  ethernet.o(.data)
    g_eth_rx_buf                             0x2000003c   Data           4  ethernet.o(.data)
    g_eth_tx_buf                             0x20000040   Data           4  ethernet.o(.data)
    ADDR                                     0x20000044   Data           1  sensor.o(.data)
    ZF_flag                                  0x20000045   Data           6  sensor.o(.data)
    xun                                      0x2000004b   Data           1  sensor.o(.data)
    Rx_Buffer                                0x2000004c   Data           6  sensor.o(.data)
    Rx_Cnt                                   0x20000052   Data           1  sensor.o(.data)
    Rx_Cmd                                   0x20000053   Data           1  sensor.o(.data)
    Rx_Num                                   0x20000054   Data           1  sensor.o(.data)
    Rx_Flag                                  0x20000055   Data           1  sensor.o(.data)
    g_adc_dma_sta                            0x20000056   Data           1  adc.o(.data)
    ad7616_range                             0x20000057   Data           1  ad7616.o(.data)
    sys_cmd_tab                              0x20000058   Data          28  usmart.o(.data)
    usmart_nametab                           0x20000074   Data          56  usmart_config.o(.data)
    usmart_dev                               0x200000ac   Data         244  usmart_config.o(.data)
    mallco_dev                               0x200001a0   Data          36  malloc.o(.data)
    lock_tcpip_core                          0x200001d0   Data           4  tcpip.o(.data)
    netif_list                               0x20000228   Data           4  netif.o(.data)
    netif_default                            0x2000022c   Data           4  netif.o(.data)
    tcp_ticks                                0x20000238   Data           4  tcp.o(.data)
    tcp_bound_pcbs                           0x2000023c   Data           4  tcp.o(.data)
    tcp_listen_pcbs                          0x20000240   Data           4  tcp.o(.data)
    tcp_active_pcbs                          0x20000244   Data           4  tcp.o(.data)
    tcp_tw_pcbs                              0x20000248   Data           4  tcp.o(.data)
    tcp_active_pcbs_changed                  0x2000024c   Data           1  tcp.o(.data)
    tcp_input_pcb                            0x20000278   Data           4  tcp_in.o(.data)
    udp_pcbs                                 0x2000028c   Data           4  udp.o(.data)
    g_rx_semaphore                           0x200002ac   Data           4  ethernetif.o(.data)
    g_lwip_dhcp_state                        0x200002b0   Data           1  lwip_comm.o(.data)
    g_lwip_demo_sendbuf                      0x200002b4   Data           4  lwip_demo.o(.data)
    g_lwip_send_flag                         0x200002b8   Data           1  lwip_demo.o(.data)
    pxCurrentTCB                             0x200002c4   Data           4  tasks.o(.data)
    uxTopUsedPriority                        0x200002fc   Data           4  tasks.o(.data)
    g_usart_rx_buf                           0x20000348   Data         200  usart.o(.bss)
    g_uart1_handle                           0x20000410   Data          68  usart.o(.bss)
    g_eth_handler                            0x20000454   Data          72  ethernet.o(.bss)
    out                                      0x2000049c   Data          24  sensor.o(.bss)
    out2                                     0x200004b4   Data          24  sensor.o(.bss)
    out3                                     0x200004cc   Data          24  sensor.o(.bss)
    anglef                                   0x200004e4   Data          24  sensor.o(.bss)
    anglef2                                  0x200004fc   Data          24  sensor.o(.bss)
    anglef3                                  0x20000514   Data          24  sensor.o(.bss)
    anglem                                   0x2000052c   Data          24  sensor.o(.bss)
    angle                                    0x20000544   Data          24  sensor.o(.bss)
    angle2                                   0x2000055c   Data          24  sensor.o(.bss)
    angle3                                   0x20000574   Data          24  sensor.o(.bss)
    angle_udp                                0x2000058c   Data          72  sensor.o(.bss)
    ad7616_data                              0x200005d4   Data          32  ad7616.o(.bss)
    ad7616f_data                             0x200005f4   Data          64  ad7616.o(.bss)
    g_timx_usmart_handle                     0x20000634   Data          72  usmart_port.o(.bss)
    ip_data                                  0x20007540   Data          24  ip.o(.bss)
    ram_heap                                 0x20007558   Data       25619  mem.o(.bss)
    memp_memory_UDP_PCB_base                 0x2000d96b   Data         131  memp.o(.bss)
    memp_memory_TCP_PCB_base                 0x2000d9ee   Data         611  memp.o(.bss)
    memp_memory_TCP_PCB_LISTEN_base          0x2000dc51   Data          59  memp.o(.bss)
    memp_memory_TCP_SEG_base                 0x2000dc8c   Data        2403  memp.o(.bss)
    memp_memory_REASSDATA_base               0x2000e5ef   Data         163  memp.o(.bss)
    memp_memory_FRAG_PBUF_base               0x2000e692   Data         363  memp.o(.bss)
    memp_memory_NETBUF_base                  0x2000e7fd   Data          35  memp.o(.bss)
    memp_memory_NETCONN_base                 0x2000e820   Data         179  memp.o(.bss)
    memp_memory_TCPIP_MSG_API_base           0x2000e8d3   Data         131  memp.o(.bss)
    memp_memory_TCPIP_MSG_INPKT_base         0x2000e956   Data         131  memp.o(.bss)
    memp_memory_SYS_TIMEOUT_base             0x2000e9d9   Data          99  memp.o(.bss)
    memp_memory_NETDB_base                   0x2000ea3c   Data         311  memp.o(.bss)
    memp_memory_PBUF_base                    0x2000eb73   Data         243  memp.o(.bss)
    memp_memory_PBUF_POOL_base               0x2000ec66   Data       30643  memp.o(.bss)
    dhcp_rx_options_val                      0x20016430   Data          40  dhcp.o(.bss)
    dhcp_rx_options_given                    0x20016458   Data          10  dhcp.o(.bss)
    g_lwipdev                                0x20016564   Data          28  lwip_comm.o(.bss)
    g_lwip_netif                             0x20016580   Data          56  lwip_comm.o(.bss)
    xQueueRegistry                           0x200165b8   Data          64  queue.o(.bss)
    __initial_sp                             0x2001f908   Data           0  startup_stm32f407xx.o(STACK)



==============================================================================

Memory Map of the image

  Image Entry point : 0x08000189

  Load Region LR_IROM1 (Base: 0x08000000, Size: 0x00018770, Max: 0x00100000, ABSOLUTE, COMPRESSED[0x000184d0])

    Execution Region ER_IROM1 (Exec base: 0x08000000, Load base: 0x08000000, Size: 0x00018428, Max: 0x00100000, ABSOLUTE)

    Exec Addr    Load Addr    Size         Type   Attr      Idx    E Section Name        Object

    0x08000000   0x08000000   0x00000188   Data   RO            3    RESET               startup_stm32f407xx.o
    0x08000188   0x08000188   0x00000000   Code   RO        11444  * .ARM.Collect$$$$00000000  mc_w.l(entry.o)
    0x08000188   0x08000188   0x00000004   Code   RO        11815    .ARM.Collect$$$$00000001  mc_w.l(entry2.o)
    0x0800018c   0x0800018c   0x00000004   Code   RO        11818    .ARM.Collect$$$$00000004  mc_w.l(entry5.o)
    0x08000190   0x08000190   0x00000000   Code   RO        11820    .ARM.Collect$$$$00000008  mc_w.l(entry7b.o)
    0x08000190   0x08000190   0x00000000   Code   RO        11822    .ARM.Collect$$$$0000000A  mc_w.l(entry8b.o)
    0x08000190   0x08000190   0x00000008   Code   RO        11823    .ARM.Collect$$$$0000000B  mc_w.l(entry9a.o)
    0x08000198   0x08000198   0x00000004   Code   RO        11830    .ARM.Collect$$$$0000000E  mc_w.l(entry12b.o)
    0x0800019c   0x0800019c   0x00000000   Code   RO        11825    .ARM.Collect$$$$0000000F  mc_w.l(entry10a.o)
    0x0800019c   0x0800019c   0x00000000   Code   RO        11827    .ARM.Collect$$$$00000011  mc_w.l(entry11a.o)
    0x0800019c   0x0800019c   0x00000004   Code   RO        11816    .ARM.Collect$$$$00002712  mc_w.l(entry2.o)
    0x080001a0   0x080001a0   0x000000be   Code   RO        11316    .emb_text           port.o
    0x0800025e   0x0800025e   0x00000002   PAD
    0x08000260   0x08000260   0x00000034   Code   RO            4    .text               startup_stm32f407xx.o
    0x08000294   0x08000294   0x00000062   Code   RO        11447    .text               mc_w.l(uldiv.o)
    0x080002f6   0x080002f6   0x00000002   PAD
    0x080002f8   0x080002f8   0x00000024   Code   RO        11479    .text               mc_w.l(rand.o)
    0x0800031c   0x0800031c   0x00000040   Code   RO        11484    .text               mc_w.l(memmovea.o)
    0x0800035c   0x0800035c   0x00000024   Code   RO        11488    .text               mc_w.l(memseta.o)
    0x08000380   0x08000380   0x0000000e   Code   RO        11492    .text               mc_w.l(strlen.o)
    0x0800038e   0x0800038e   0x0000001a   Code   RO        11494    .text               mc_w.l(memcmp.o)
    0x080003a8   0x080003a8   0x0000014e   Code   RO        11767    .text               mf_w.l(dadd.o)
    0x080004f6   0x080004f6   0x000000e4   Code   RO        11769    .text               mf_w.l(dmul.o)
    0x080005da   0x080005da   0x000000de   Code   RO        11771    .text               mf_w.l(ddiv.o)
    0x080006b8   0x080006b8   0x00000022   Code   RO        11775    .text               mf_w.l(dflti.o)
    0x080006da   0x080006da   0x0000001a   Code   RO        11777    .text               mf_w.l(dfltui.o)
    0x080006f4   0x080006f4   0x00000026   Code   RO        11781    .text               mf_w.l(f2d.o)
    0x0800071a   0x0800071a   0x00000002   PAD
    0x0800071c   0x0800071c   0x00000030   Code   RO        11783    .text               mf_w.l(cdcmple.o)
    0x0800074c   0x0800074c   0x00000038   Code   RO        11785    .text               mf_w.l(d2f.o)
    0x08000784   0x08000784   0x0000002c   Code   RO        11831    .text               mc_w.l(uidiv.o)
    0x080007b0   0x080007b0   0x0000001e   Code   RO        11833    .text               mc_w.l(llshl.o)
    0x080007ce   0x080007ce   0x00000020   Code   RO        11835    .text               mc_w.l(llushr.o)
    0x080007ee   0x080007ee   0x00000024   Code   RO        11837    .text               mc_w.l(llsshr.o)
    0x08000812   0x08000812   0x00000000   Code   RO        11848    .text               mc_w.l(iusefp.o)
    0x08000812   0x08000812   0x0000006e   Code   RO        11849    .text               mf_w.l(fepilogue.o)
    0x08000880   0x08000880   0x000000ba   Code   RO        11851    .text               mf_w.l(depilogue.o)
    0x0800093a   0x0800093a   0x00000030   Code   RO        11855    .text               mf_w.l(dfixul.o)
    0x0800096a   0x0800096a   0x00000002   PAD
    0x0800096c   0x0800096c   0x00000030   Code   RO        11857    .text               mf_w.l(cdrcmple.o)
    0x0800099c   0x0800099c   0x00000024   Code   RO        11863    .text               mc_w.l(init.o)
    0x080009c0   0x080009c0   0x00000056   Code   RO        11879    .text               mc_w.l(__dczerorl2.o)
    0x08000a16   0x08000a16   0x00000002   PAD
    0x08000a18   0x08000a18   0x0000012c   Code   RO         4960    i.AD7616_Channel_Group_Select  ad7616.o
    0x08000b44   0x08000b44   0x00000024   Code   RO         4961    i.AD7616_Conversion  ad7616.o
    0x08000b68   0x08000b68   0x00000110   Code   RO         4962    i.AD7616_Digital2Voltage  ad7616.o
    0x08000c78   0x08000c78   0x00000084   Code   RO         4963    i.AD7616_Get_Serial_Data  ad7616.o
    0x08000cfc   0x08000cfc   0x00000038   Code   RO         4964    i.AD7616_Init       ad7616.o
    0x08000d34   0x08000d34   0x00000040   Code   RO         4965    i.AD7616_Read_Data  ad7616.o
    0x08000d74   0x08000d74   0x00000028   Code   RO         4966    i.AD7616_Reset      ad7616.o
    0x08000d9c   0x08000d9c   0x00000224   Code   RO         4967    i.AD7616_Serial_GPIO_Init  ad7616.o
    0x08000fc0   0x08000fc0   0x00000068   Code   RO         4968    i.AD7616_Set_Range  ad7616.o
    0x08001028   0x08001028   0x00000028   Code   RO         4969    i.AD7616_Set_Serial_Output_Format  ad7616.o
    0x08001050   0x08001050   0x0000003c   Code   RO         4970    i.AD7616_Working_Mode  ad7616.o
    0x0800108c   0x0800108c   0x00000004   Code   RO          333    i.BusFault_Handler  stm32f4xx_it.o
    0x08001090   0x08001090   0x00000030   Code   RO         4869    i.DMA2_Stream4_IRQHandler  adc.o
    0x080010c0   0x080010c0   0x00000002   Code   RO          334    i.DebugMon_Handler  stm32f4xx_it.o
    0x080010c2   0x080010c2   0x00000016   Code   RO         3855    i.ETH_DMAReceptionDisable  stm32f4xx_hal_eth.o
    0x080010d8   0x080010d8   0x00000016   Code   RO         3856    i.ETH_DMAReceptionEnable  stm32f4xx_hal_eth.o
    0x080010ee   0x080010ee   0x00000016   Code   RO         3857    i.ETH_DMATransmissionDisable  stm32f4xx_hal_eth.o
    0x08001104   0x08001104   0x00000016   Code   RO         3858    i.ETH_DMATransmissionEnable  stm32f4xx_hal_eth.o
    0x0800111a   0x0800111a   0x00000002   PAD
    0x0800111c   0x0800111c   0x00000028   Code   RO         3859    i.ETH_Delay         stm32f4xx_hal_eth.o
    0x08001144   0x08001144   0x00000038   Code   RO         3860    i.ETH_FlushTransmitFIFO  stm32f4xx_hal_eth.o
    0x0800117c   0x0800117c   0x00000030   Code   RO         4719    i.ETH_IRQHandler    ethernet.o
    0x080011ac   0x080011ac   0x00000034   Code   RO         3861    i.ETH_MACAddressConfig  stm32f4xx_hal_eth.o
    0x080011e0   0x080011e0   0x00000244   Code   RO         3862    i.ETH_MACDMAConfig  stm32f4xx_hal_eth.o
    0x08001424   0x08001424   0x00000028   Code   RO         3863    i.ETH_MACReceptionDisable  stm32f4xx_hal_eth.o
    0x0800144c   0x0800144c   0x00000028   Code   RO         3864    i.ETH_MACReceptionEnable  stm32f4xx_hal_eth.o
    0x08001474   0x08001474   0x00000028   Code   RO         3865    i.ETH_MACTransmissionDisable  stm32f4xx_hal_eth.o
    0x0800149c   0x0800149c   0x00000028   Code   RO         3866    i.ETH_MACTransmissionEnable  stm32f4xx_hal_eth.o
    0x080014c4   0x080014c4   0x000006e0   Code   RO         4817    i.GetDegree         sensor.o
    0x08001ba4   0x08001ba4   0x00000118   Code   RO         4818    i.GetDegreeo        sensor.o
    0x08001cbc   0x08001cbc   0x000000aa   Code   RO         3529    i.HAL_DMA_Abort     stm32f4xx_hal_dma.o
    0x08001d66   0x08001d66   0x00000028   Code   RO         3530    i.HAL_DMA_Abort_IT  stm32f4xx_hal_dma.o
    0x08001d8e   0x08001d8e   0x00000002   PAD
    0x08001d90   0x08001d90   0x00000028   Code   RO          907    i.HAL_Delay         stm32f4xx_hal.o
    0x08001db8   0x08001db8   0x0000008c   Code   RO         3869    i.HAL_ETH_DMARxDescListInit  stm32f4xx_hal_eth.o
    0x08001e44   0x08001e44   0x00000084   Code   RO         3870    i.HAL_ETH_DMATxDescListInit  stm32f4xx_hal_eth.o
    0x08001ec8   0x08001ec8   0x000000b2   Code   RO         3873    i.HAL_ETH_GetReceivedFrame  stm32f4xx_hal_eth.o
    0x08001f7a   0x08001f7a   0x00000002   PAD
    0x08001f7c   0x08001f7c   0x000002a0   Code   RO         3877    i.HAL_ETH_Init      stm32f4xx_hal_eth.o
    0x0800221c   0x0800221c   0x0000029c   Code   RO         4720    i.HAL_ETH_MspInit   ethernet.o
    0x080024b8   0x080024b8   0x00000092   Code   RO         3880    i.HAL_ETH_ReadPHYRegister  stm32f4xx_hal_eth.o
    0x0800254a   0x0800254a   0x00000052   Code   RO         3882    i.HAL_ETH_Start     stm32f4xx_hal_eth.o
    0x0800259c   0x0800259c   0x00000052   Code   RO         3883    i.HAL_ETH_Stop      stm32f4xx_hal_eth.o
    0x080025ee   0x080025ee   0x0000013e   Code   RO         3884    i.HAL_ETH_TransmitFrame  stm32f4xx_hal_eth.o
    0x0800272c   0x0800272c   0x00000090   Code   RO         3886    i.HAL_ETH_WritePHYRegister  stm32f4xx_hal_eth.o
    0x080027bc   0x080027bc   0x00000204   Code   RO         1229    i.HAL_GPIO_Init     stm32f4xx_hal_gpio.o
    0x080029c0   0x080029c0   0x00000010   Code   RO         1231    i.HAL_GPIO_ReadPin  stm32f4xx_hal_gpio.o
    0x080029d0   0x080029d0   0x00000014   Code   RO         1232    i.HAL_GPIO_TogglePin  stm32f4xx_hal_gpio.o
    0x080029e4   0x080029e4   0x0000000c   Code   RO         1233    i.HAL_GPIO_WritePin  stm32f4xx_hal_gpio.o
    0x080029f0   0x080029f0   0x0000000c   Code   RO          912    i.HAL_GetREVID      stm32f4xx_hal.o
    0x080029fc   0x080029fc   0x0000000c   Code   RO          913    i.HAL_GetTick       stm32f4xx_hal.o
    0x08002a08   0x08002a08   0x00000018   Code   RO          919    i.HAL_IncTick       stm32f4xx_hal.o
    0x08002a20   0x08002a20   0x0000003c   Code   RO          920    i.HAL_Init          stm32f4xx_hal.o
    0x08002a5c   0x08002a5c   0x0000004c   Code   RO          921    i.HAL_InitTick      stm32f4xx_hal.o
    0x08002aa8   0x08002aa8   0x00000002   Code   RO          923    i.HAL_MspInit       stm32f4xx_hal.o
    0x08002aaa   0x08002aaa   0x00000020   Code   RO         1091    i.HAL_NVIC_EnableIRQ  stm32f4xx_hal_cortex.o
    0x08002aca   0x08002aca   0x0000007c   Code   RO         1097    i.HAL_NVIC_SetPriority  stm32f4xx_hal_cortex.o
    0x08002b46   0x08002b46   0x00000002   PAD
    0x08002b48   0x08002b48   0x00000028   Code   RO         1098    i.HAL_NVIC_SetPriorityGrouping  stm32f4xx_hal_cortex.o
    0x08002b70   0x08002b70   0x00000184   Code   RO         1293    i.HAL_RCC_ClockConfig  stm32f4xx_hal_rcc.o
    0x08002cf4   0x08002cf4   0x0000000c   Code   RO         1298    i.HAL_RCC_GetHCLKFreq  stm32f4xx_hal_rcc.o
    0x08002d00   0x08002d00   0x00000020   Code   RO         1300    i.HAL_RCC_GetPCLK1Freq  stm32f4xx_hal_rcc.o
    0x08002d20   0x08002d20   0x00000020   Code   RO         1301    i.HAL_RCC_GetPCLK2Freq  stm32f4xx_hal_rcc.o
    0x08002d40   0x08002d40   0x000000b0   Code   RO         1302    i.HAL_RCC_GetSysClockFreq  stm32f4xx_hal_rcc.o
    0x08002df0   0x08002df0   0x0000049c   Code   RO         1305    i.HAL_RCC_OscConfig  stm32f4xx_hal_rcc.o
    0x0800328c   0x0800328c   0x00000028   Code   RO         1100    i.HAL_SYSTICK_CLKSourceConfig  stm32f4xx_hal_cortex.o
    0x080032b4   0x080032b4   0x00000034   Code   RO         1102    i.HAL_SYSTICK_Config  stm32f4xx_hal_cortex.o
    0x080032e8   0x080032e8   0x00000066   Code   RO         2298    i.HAL_TIM_Base_Init  stm32f4xx_hal_tim.o
    0x0800334e   0x0800334e   0x00000002   Code   RO         2300    i.HAL_TIM_Base_MspInit  stm32f4xx_hal_tim.o
    0x08003350   0x08003350   0x000000a8   Code   RO         2303    i.HAL_TIM_Base_Start_IT  stm32f4xx_hal_tim.o
    0x080033f8   0x080033f8   0x00000002   Code   RO         1899    i.HAL_UARTEx_RxEventCallback  stm32f4xx_hal_uart.o
    0x080033fa   0x080033fa   0x00000002   Code   RO         1913    i.HAL_UART_ErrorCallback  stm32f4xx_hal_uart.o
    0x080033fc   0x080033fc   0x00000250   Code   RO         1916    i.HAL_UART_IRQHandler  stm32f4xx_hal_uart.o
    0x0800364c   0x0800364c   0x00000072   Code   RO         1917    i.HAL_UART_Init     stm32f4xx_hal_uart.o
    0x080036be   0x080036be   0x00000002   PAD
    0x080036c0   0x080036c0   0x000000cc   Code   RO          823    i.HAL_UART_MspInit  usart.o
    0x0800378c   0x0800378c   0x00000042   Code   RO         1922    i.HAL_UART_Receive_IT  stm32f4xx_hal_uart.o
    0x080037ce   0x080037ce   0x00000002   PAD
    0x080037d0   0x080037d0   0x0000009c   Code   RO          824    i.HAL_UART_RxCpltCallback  usart.o
    0x0800386c   0x0800386c   0x00000002   Code   RO         1928    i.HAL_UART_TxCpltCallback  stm32f4xx_hal_uart.o
    0x0800386e   0x0800386e   0x00000004   Code   RO          335    i.HardFault_Handler  stm32f4xx_it.o
    0x08003872   0x08003872   0x00000004   Code   RO          336    i.MemManage_Handler  stm32f4xx_it.o
    0x08003876   0x08003876   0x00000002   Code   RO          337    i.NMI_Handler       stm32f4xx_it.o
    0x08003878   0x08003878   0x000000a4   Code   RO         4819    i.Sensor_GPIO       sensor.o
    0x0800391c   0x0800391c   0x00000014   Code   RO          706    i.SysTick_Handler   delay.o
    0x08003930   0x08003930   0x00000014   Code   RO          549    i.SystemInit        system_stm32f4xx.o
    0x08003944   0x08003944   0x00000044   Code   RO         5153    i.TIM4_IRQHandler   usmart_port.o
    0x08003988   0x08003988   0x000000d8   Code   RO         2391    i.TIM_Base_SetConfig  stm32f4xx_hal_tim.o
    0x08003a60   0x08003a60   0x00000014   Code   RO         1930    i.UART_DMAAbortOnError  stm32f4xx_hal_uart.o
    0x08003a74   0x08003a74   0x00000036   Code   RO         1940    i.UART_EndRxTransfer  stm32f4xx_hal_uart.o
    0x08003aaa   0x08003aaa   0x00000020   Code   RO         1941    i.UART_EndTransmit_IT  stm32f4xx_hal_uart.o
    0x08003aca   0x08003aca   0x000000be   Code   RO         1943    i.UART_Receive_IT   stm32f4xx_hal_uart.o
    0x08003b88   0x08003b88   0x0000022c   Code   RO         1944    i.UART_SetConfig    stm32f4xx_hal_uart.o
    0x08003db4   0x08003db4   0x00000046   Code   RO         1946    i.UART_Start_Receive_IT  stm32f4xx_hal_uart.o
    0x08003dfa   0x08003dfa   0x00000060   Code   RO         1947    i.UART_Transmit_IT  stm32f4xx_hal_uart.o
    0x08003e5a   0x08003e5a   0x00000002   PAD
    0x08003e5c   0x08003e5c   0x00000010   Code   RO          825    i.USART1_IRQHandler  usart.o
    0x08003e6c   0x08003e6c   0x00000004   Code   RO          338    i.UsageFault_Handler  stm32f4xx_it.o
    0x08003e70   0x08003e70   0x00000020   Code   RO        11737    i.__0printf         mc_w.l(printfa.o)
    0x08003e90   0x08003e90   0x00000028   Code   RO        11739    i.__0sprintf        mc_w.l(printfa.o)
    0x08003eb8   0x08003eb8   0x00000010   Code   RO         1104    i.__NVIC_GetPriorityGrouping  stm32f4xx_hal_cortex.o
    0x08003ec8   0x08003ec8   0x00000028   Code   RO         1105    i.__NVIC_SetPriority  stm32f4xx_hal_cortex.o
    0x08003ef0   0x08003ef0   0x00000014   Code   RO        11414    i.__hardfp_fabs     m_wm.l(fabs.o)
    0x08003f04   0x08003f04   0x0000000e   Code   RO        11873    i.__scatterload_copy  mc_w.l(handlers.o)
    0x08003f12   0x08003f12   0x00000002   Code   RO        11874    i.__scatterload_null  mc_w.l(handlers.o)
    0x08003f14   0x08003f14   0x0000000e   Code   RO        11875    i.__scatterload_zeroinit  mc_w.l(handlers.o)
    0x08003f22   0x08003f22   0x00000002   PAD
    0x08003f24   0x08003f24   0x00000184   Code   RO        11744    i._fp_digits        mc_w.l(printfa.o)
    0x080040a8   0x080040a8   0x000006b4   Code   RO        11745    i._printf_core      mc_w.l(printfa.o)
    0x0800475c   0x0800475c   0x00000024   Code   RO        11746    i._printf_post_padding  mc_w.l(printfa.o)
    0x08004780   0x08004780   0x0000002e   Code   RO        11747    i._printf_pre_padding  mc_w.l(printfa.o)
    0x080047ae   0x080047ae   0x0000000a   Code   RO        11749    i._sputc            mc_w.l(printfa.o)
    0x080047b8   0x080047b8   0x000000c0   Code   RO          585    i.adc_task          freertos_demo.o
    0x08004878   0x08004878   0x00000038   Code   RO          707    i.delay_init        delay.o
    0x080048b0   0x080048b0   0x00000018   Code   RO          708    i.delay_ms          delay.o
    0x080048c8   0x080048c8   0x00000048   Code   RO          709    i.delay_us          delay.o
    0x08004910   0x08004910   0x00000050   Code   RO         8565    i.dhcp_arp_reply    dhcp.o
    0x08004960   0x08004960   0x00000150   Code   RO         8566    i.dhcp_bind         dhcp.o
    0x08004ab0   0x08004ab0   0x0000004c   Code   RO         8567    i.dhcp_check        dhcp.o
    0x08004afc   0x08004afc   0x00000078   Code   RO         8569    i.dhcp_coarse_tmr   dhcp.o
    0x08004b74   0x08004b74   0x000001ac   Code   RO         8570    i.dhcp_create_msg   dhcp.o
    0x08004d20   0x08004d20   0x00000064   Code   RO         8571    i.dhcp_dec_pcb_refcount  dhcp.o
    0x08004d84   0x08004d84   0x000000c0   Code   RO         8572    i.dhcp_decline      dhcp.o
    0x08004e44   0x08004e44   0x0000011c   Code   RO         8573    i.dhcp_discover     dhcp.o
    0x08004f60   0x08004f60   0x0000003c   Code   RO         8574    i.dhcp_fine_tmr     dhcp.o
    0x08004f9c   0x08004f9c   0x000000b0   Code   RO         8575    i.dhcp_handle_ack   dhcp.o
    0x0800504c   0x0800504c   0x0000002c   Code   RO         8576    i.dhcp_handle_nak   dhcp.o
    0x08005078   0x08005078   0x00000044   Code   RO         8577    i.dhcp_handle_offer  dhcp.o
    0x080050bc   0x080050bc   0x000000ac   Code   RO         8578    i.dhcp_inc_pcb_refcount  dhcp.o
    0x08005168   0x08005168   0x00000074   Code   RO         8580    i.dhcp_network_changed  dhcp.o
    0x080051dc   0x080051dc   0x0000003c   Code   RO         8581    i.dhcp_option       dhcp.o
    0x08005218   0x08005218   0x00000060   Code   RO         8582    i.dhcp_option_byte  dhcp.o
    0x08005278   0x08005278   0x00000088   Code   RO         8583    i.dhcp_option_long  dhcp.o
    0x08005300   0x08005300   0x00000070   Code   RO         8584    i.dhcp_option_short  dhcp.o
    0x08005370   0x08005370   0x0000003a   Code   RO         8585    i.dhcp_option_trailer  dhcp.o
    0x080053aa   0x080053aa   0x00000002   PAD
    0x080053ac   0x080053ac   0x000003a8   Code   RO         8586    i.dhcp_parse_reply  dhcp.o
    0x08005754   0x08005754   0x00000104   Code   RO         8587    i.dhcp_rebind       dhcp.o
    0x08005858   0x08005858   0x00000128   Code   RO         8588    i.dhcp_reboot       dhcp.o
    0x08005980   0x08005980   0x0000015c   Code   RO         8589    i.dhcp_recv         dhcp.o
    0x08005adc   0x08005adc   0x000000e0   Code   RO         8591    i.dhcp_release_and_stop  dhcp.o
    0x08005bbc   0x08005bbc   0x00000100   Code   RO         8592    i.dhcp_renew        dhcp.o
    0x08005cbc   0x08005cbc   0x000001cc   Code   RO         8593    i.dhcp_select       dhcp.o
    0x08005e88   0x08005e88   0x00000010   Code   RO         8594    i.dhcp_set_state    dhcp.o
    0x08005e98   0x08005e98   0x000000fc   Code   RO         8596    i.dhcp_start        dhcp.o
    0x08005f94   0x08005f94   0x0000000c   Code   RO         8597    i.dhcp_stop         dhcp.o
    0x08005fa0   0x08005fa0   0x00000028   Code   RO         8598    i.dhcp_supplied_address  dhcp.o
    0x08005fc8   0x08005fc8   0x0000004a   Code   RO         8599    i.dhcp_t1_timeout   dhcp.o
    0x08006012   0x08006012   0x00000050   Code   RO         8600    i.dhcp_t2_timeout   dhcp.o
    0x08006062   0x08006062   0x00000088   Code   RO         8601    i.dhcp_timeout      dhcp.o
    0x080060ea   0x080060ea   0x00000002   PAD
    0x080060ec   0x080060ec   0x00000024   Code   RO         6786    i.dns_backupserver_available  dns.o
    0x08006110   0x08006110   0x00000108   Code   RO         6787    i.dns_call_found    dns.o
    0x08006218   0x08006218   0x00000016   Code   RO         6788    i.dns_check_entries  dns.o
    0x0800622e   0x0800622e   0x00000002   PAD
    0x08006230   0x08006230   0x0000011c   Code   RO         6789    i.dns_check_entry   dns.o
    0x0800634c   0x0800634c   0x00000040   Code   RO         6792    i.dns_create_txid   dns.o
    0x0800638c   0x0800638c   0x0000000e   Code   RO         6797    i.dns_init          dns.o
    0x0800639a   0x0800639a   0x00000002   PAD
    0x0800639c   0x0800639c   0x00000188   Code   RO         6800    i.dns_send          dns.o
    0x08006524   0x08006524   0x00000024   Code   RO         6801    i.dns_setserver     dns.o
    0x08006548   0x08006548   0x0000000c   Code   RO         6803    i.dns_tmr           dns.o
    0x08006554   0x08006554   0x00000058   Code   RO         7183    i.do_memp_free_pool  memp.o
    0x080065ac   0x080065ac   0x00000068   Code   RO         7184    i.do_memp_malloc_pool  memp.o
    0x08006614   0x08006614   0x0000018c   Code   RO         5698    i.err_tcp           api_msg.o
    0x080067a0   0x080067a0   0x00000038   Code   RO         8792    i.etharp_cleanup_netif  etharp.o
    0x080067d8   0x080067d8   0x00000290   Code   RO         8794    i.etharp_find_entry  etharp.o
    0x08006a68   0x08006a68   0x00000078   Code   RO         8795    i.etharp_free_entry  etharp.o
    0x08006ae0   0x08006ae0   0x000000f4   Code   RO         8797    i.etharp_input      etharp.o
    0x08006bd4   0x08006bd4   0x000001a8   Code   RO         8798    i.etharp_output     etharp.o
    0x08006d7c   0x08006d7c   0x00000100   Code   RO         8799    i.etharp_output_to_arp_index  etharp.o
    0x08006e7c   0x08006e7c   0x00000268   Code   RO         8800    i.etharp_query      etharp.o
    0x080070e4   0x080070e4   0x00000118   Code   RO         8801    i.etharp_raw        etharp.o
    0x080071fc   0x080071fc   0x0000001c   Code   RO         8802    i.etharp_request    etharp.o
    0x08007218   0x08007218   0x0000002c   Code   RO         8803    i.etharp_request_dst  etharp.o
    0x08007244   0x08007244   0x000000e4   Code   RO         8804    i.etharp_tmr        etharp.o
    0x08007328   0x08007328   0x00000100   Code   RO         8805    i.etharp_update_arp_entry  etharp.o
    0x08007428   0x08007428   0x00000010   Code   RO         4721    i.ethernet_chip_get_speed  ethernet.o
    0x08007438   0x08007438   0x00000024   Code   RO         4722    i.ethernet_get_eth_rx_size  ethernet.o
    0x0800745c   0x0800745c   0x00000078   Code   RO         4723    i.ethernet_init     ethernet.o
    0x080074d4   0x080074d4   0x000000d8   Code   RO         9161    i.ethernet_input    ethernet_1.o
    0x080075ac   0x080075ac   0x00000074   Code   RO         4725    i.ethernet_mem_malloc  ethernet.o
    0x08007620   0x08007620   0x000000a4   Code   RO         9162    i.ethernet_output   ethernet_1.o
    0x080076c4   0x080076c4   0x00000018   Code   RO         4726    i.ethernet_read_phy  ethernet.o
    0x080076dc   0x080076dc   0x00000068   Code   RO         9200    i.ethernetif_init   ethernetif.o
    0x08007744   0x08007744   0x00000064   Code   RO         9201    i.ethernetif_input  ethernetif.o
    0x080077a8   0x080077a8   0x0000001c   Code   RO          829    i.fputc             usart.o
    0x080077c4   0x080077c4   0x00000030   Code   RO          586    i.freertos_demo     freertos_demo.o
    0x080077f4   0x080077f4   0x00000012   Code   RO         8895    i.icmp_dest_unreach  icmp.o
    0x08007806   0x08007806   0x00000002   PAD
    0x08007808   0x08007808   0x00000258   Code   RO         8896    i.icmp_input        icmp.o
    0x08007a60   0x08007a60   0x000000e0   Code   RO         8897    i.icmp_send_response  icmp.o
    0x08007b40   0x08007b40   0x00000012   Code   RO         8898    i.icmp_time_exceeded  icmp.o
    0x08007b52   0x08007b52   0x00000056   Code   RO         6932    i.inet_chksum_pbuf  inet_chksum.o
    0x08007ba8   0x08007ba8   0x0000004e   Code   RO         9012    i.ip4_addr_isbroadcast_u32  ip4_addr.o
    0x08007bf6   0x08007bf6   0x00000002   PAD
    0x08007bf8   0x08007bf8   0x00000250   Code   RO         9080    i.ip4_frag          ip4_frag.o
    0x08007e48   0x08007e48   0x00000208   Code   RO         8957    i.ip4_input         ip4.o
    0x08008050   0x08008050   0x0000003c   Code   RO         8958    i.ip4_input_accept  ip4.o
    0x0800808c   0x0800808c   0x00000036   Code   RO         8960    i.ip4_output_if     ip4.o
    0x080080c2   0x080080c2   0x00000002   PAD
    0x080080c4   0x080080c4   0x00000140   Code   RO         8961    i.ip4_output_if_src  ip4.o
    0x08008204   0x08008204   0x00000298   Code   RO         9081    i.ip4_reass         ip4_frag.o
    0x0800849c   0x0800849c   0x00000098   Code   RO         8962    i.ip4_route         ip4.o
    0x08008534   0x08008534   0x00000014   Code   RO         9015    i.ip4addr_ntoa      ip4_addr.o
    0x08008548   0x08008548   0x000000a8   Code   RO         9016    i.ip4addr_ntoa_r    ip4_addr.o
    0x080085f0   0x080085f0   0x0000000a   Code   RO         9082    i.ip_frag_alloc_pbuf_custom_ref  ip4_frag.o
    0x080085fa   0x080085fa   0x00000002   PAD
    0x080085fc   0x080085fc   0x0000002c   Code   RO         9083    i.ip_frag_free_pbuf_custom_ref  ip4_frag.o
    0x08008628   0x08008628   0x00000274   Code   RO         9084    i.ip_reass_chain_frag_into_datagram_and_validate  ip4_frag.o
    0x0800889c   0x0800889c   0x00000054   Code   RO         9085    i.ip_reass_dequeue_datagram  ip4_frag.o
    0x080088f0   0x080088f0   0x00000058   Code   RO         9086    i.ip_reass_enqueue_new_datagram  ip4_frag.o
    0x08008948   0x08008948   0x0000015c   Code   RO         9087    i.ip_reass_free_complete_datagram  ip4_frag.o
    0x08008aa4   0x08008aa4   0x00000088   Code   RO         9088    i.ip_reass_remove_oldest_datagram  ip4_frag.o
    0x08008b2c   0x08008b2c   0x0000003c   Code   RO         9089    i.ip_reass_tmr      ip4_frag.o
    0x08008b68   0x08008b68   0x00000054   Code   RO         9090    i.ipfrag_free_pbuf_custom  ip4_frag.o
    0x08008bbc   0x08008bbc   0x0000004c   Code   RO         4634    i.key_init          key.o
    0x08008c08   0x08008c08   0x00000054   Code   RO         4635    i.key_scan          key.o
    0x08008c5c   0x08008c5c   0x00000044   Code   RO          587    i.key_task          freertos_demo.o
    0x08008ca0   0x08008ca0   0x00000098   Code   RO         4349    i.led_init          led.o
    0x08008d38   0x08008d38   0x00000024   Code   RO          588    i.led_task          freertos_demo.o
    0x08008d5c   0x08008d5c   0x000000bc   Code   RO         9202    i.low_level_init    ethernetif.o
    0x08008e18   0x08008e18   0x000000fc   Code   RO         9203    i.low_level_input   ethernetif.o
    0x08008f14   0x08008f14   0x000000e8   Code   RO         9204    i.low_level_output  ethernetif.o
    0x08008ffc   0x08008ffc   0x0000005a   Code   RO         9281    i.lwip_comm_default_ip_set  lwip_comm.o
    0x08009056   0x08009056   0x00000002   PAD
    0x08009058   0x08009058   0x000000f4   Code   RO         9282    i.lwip_comm_init    lwip_comm.o
    0x0800914c   0x0800914c   0x00000050   Code   RO         8329    i.lwip_cyclic_timer  timeouts.o
    0x0800919c   0x0800919c   0x00000188   Code   RO         9925    i.lwip_demo         lwip_demo.o
    0x08009324   0x08009324   0x00000010   Code   RO          589    i.lwip_demo_task    freertos_demo.o
    0x08009334   0x08009334   0x0000001a   Code   RO         6730    i.lwip_htonl        def.o
    0x0800934e   0x0800934e   0x0000000c   Code   RO         6731    i.lwip_htons        def.o
    0x0800935a   0x0800935a   0x00000002   PAD
    0x0800935c   0x0800935c   0x00000044   Code   RO         7004    i.lwip_init         init.o
    0x080093a0   0x080093a0   0x0000007c   Code   RO         9283    i.lwip_link_status_updated  lwip_comm.o
    0x0800941c   0x0800941c   0x00000084   Code   RO         9284    i.lwip_link_thread  lwip_comm.o
    0x080094a0   0x080094a0   0x0000004c   Code   RO         5699    i.lwip_netconn_do_bind  api_msg.o
    0x080094ec   0x080094ec   0x000002c4   Code   RO         5702    i.lwip_netconn_do_close_internal  api_msg.o
    0x080097b0   0x080097b0   0x00000148   Code   RO         5703    i.lwip_netconn_do_connect  api_msg.o
    0x080098f8   0x080098f8   0x00000144   Code   RO         5704    i.lwip_netconn_do_connected  api_msg.o
    0x08009a3c   0x08009a3c   0x00000018   Code   RO         5711    i.lwip_netconn_do_newconn  api_msg.o
    0x08009a54   0x08009a54   0x00000064   Code   RO         5713    i.lwip_netconn_do_send  api_msg.o
    0x08009ab8   0x08009ab8   0x0000038c   Code   RO         5715    i.lwip_netconn_do_writemore  api_msg.o
    0x08009e44   0x08009e44   0x00000054   Code   RO         5716    i.lwip_netconn_err_to_msg  api_msg.o
    0x08009e98   0x08009e98   0x00000470   Code   RO         9285    i.lwip_periodic_handle  lwip_comm.o
    0x0800a308   0x0800a308   0x00000030   Code   RO         9286    i.lwip_pkt_handle   lwip_comm.o
    0x0800a338   0x0800a338   0x0000005e   Code   RO         6939    i.lwip_standard_chksum  inet_chksum.o
    0x0800a396   0x0800a396   0x00000002   PAD
    0x0800a398   0x0800a398   0x000001e0   Code   RO          590    i.lwip_test_ui      freertos_demo.o
    0x0800a578   0x0800a578   0x00000044   Code   RO           13    i.main              main.o
    0x0800a5bc   0x0800a5bc   0x000001a4   Code   RO         7102    i.mem_free          mem.o
    0x0800a760   0x0800a760   0x00000094   Code   RO         7103    i.mem_init          mem.o
    0x0800a7f4   0x0800a7f4   0x00000058   Code   RO         7104    i.mem_link_valid    mem.o
    0x0800a84c   0x0800a84c   0x00000240   Code   RO         7105    i.mem_malloc        mem.o
    0x0800aa8c   0x0800aa8c   0x00000010   Code   RO         7106    i.mem_to_ptr        mem.o
    0x0800aa9c   0x0800aa9c   0x000001dc   Code   RO         7107    i.mem_trim          mem.o
    0x0800ac78   0x0800ac78   0x00000050   Code   RO         7185    i.memp_free         memp.o
    0x0800acc8   0x0800acc8   0x00000020   Code   RO         7187    i.memp_init         memp.o
    0x0800ace8   0x0800ace8   0x0000002c   Code   RO         7188    i.memp_init_pool    memp.o
    0x0800ad14   0x0800ad14   0x00000050   Code   RO         7189    i.memp_malloc       memp.o
    0x0800ad64   0x0800ad64   0x0000006c   Code   RO         5289    i.my_mem_free       malloc.o
    0x0800add0   0x0800add0   0x00000030   Code   RO         5290    i.my_mem_init       malloc.o
    0x0800ae00   0x0800ae00   0x000000a8   Code   RO         5291    i.my_mem_malloc     malloc.o
    0x0800aea8   0x0800aea8   0x00000040   Code   RO         5292    i.my_mem_perused    malloc.o
    0x0800aee8   0x0800aee8   0x00000014   Code   RO         5293    i.my_mem_set        malloc.o
    0x0800aefc   0x0800aefc   0x00000024   Code   RO         5294    i.myfree            malloc.o
    0x0800af20   0x0800af20   0x00000028   Code   RO         5295    i.mymalloc          malloc.o
    0x0800af48   0x0800af48   0x0000009c   Code   RO         6021    i.netbuf_alloc      netbuf.o
    0x0800afe4   0x0800afe4   0x00000020   Code   RO         6024    i.netbuf_delete     netbuf.o
    0x0800b004   0x0800b004   0x0000001a   Code   RO         6027    i.netbuf_new        netbuf.o
    0x0800b01e   0x0800b01e   0x00000002   PAD
    0x0800b020   0x0800b020   0x000000bc   Code   RO         5718    i.netconn_alloc     api_msg.o
    0x0800b0dc   0x0800b0dc   0x00000026   Code   RO         5371    i.netconn_apimsg    api_lib.o
    0x0800b102   0x0800b102   0x00000002   PAD
    0x0800b104   0x0800b104   0x00000060   Code   RO         5372    i.netconn_bind      api_lib.o
    0x0800b164   0x0800b164   0x00000064   Code   RO         5376    i.netconn_connect   api_lib.o
    0x0800b1c8   0x0800b1c8   0x00000022   Code   RO         5379    i.netconn_err       api_lib.o
    0x0800b1ea   0x0800b1ea   0x00000002   PAD
    0x0800b1ec   0x0800b1ec   0x00000130   Code   RO         5383    i.netconn_new_with_proto_and_callback  api_lib.o
    0x0800b31c   0x0800b31c   0x00000058   Code   RO         5392    i.netconn_send      api_lib.o
    0x0800b374   0x0800b374   0x000001d4   Code   RO         7290    i.netif_add         netif.o
    0x0800b548   0x0800b548   0x00000018   Code   RO         7292    i.netif_do_ip_addr_changed  netif.o
    0x0800b560   0x0800b560   0x0000002a   Code   RO         7293    i.netif_do_set_gw   netif.o
    0x0800b58a   0x0800b58a   0x00000002   PAD
    0x0800b58c   0x0800b58c   0x00000078   Code   RO         7294    i.netif_do_set_ipaddr  netif.o
    0x0800b604   0x0800b604   0x0000002a   Code   RO         7295    i.netif_do_set_netmask  netif.o
    0x0800b62e   0x0800b62e   0x00000002   PAD
    0x0800b630   0x0800b630   0x00000028   Code   RO         7297    i.netif_get_by_index  netif.o
    0x0800b658   0x0800b658   0x00000002   Code   RO         7299    i.netif_init        netif.o
    0x0800b65a   0x0800b65a   0x00000002   PAD
    0x0800b65c   0x0800b65c   0x00000070   Code   RO         7301    i.netif_issue_reports  netif.o
    0x0800b6cc   0x0800b6cc   0x00000008   Code   RO         7303    i.netif_null_output_ip4  netif.o
    0x0800b6d4   0x0800b6d4   0x00000060   Code   RO         7305    i.netif_set_addr    netif.o
    0x0800b734   0x0800b734   0x00000010   Code   RO         7306    i.netif_set_default  netif.o
    0x0800b744   0x0800b744   0x00000064   Code   RO         7307    i.netif_set_down    netif.o
    0x0800b7a8   0x0800b7a8   0x00000006   Code   RO         7310    i.netif_set_link_callback  netif.o
    0x0800b7ae   0x0800b7ae   0x00000002   PAD
    0x0800b7b0   0x0800b7b0   0x00000068   Code   RO         7311    i.netif_set_link_down  netif.o
    0x0800b818   0x0800b818   0x00000074   Code   RO         7312    i.netif_set_link_up  netif.o
    0x0800b88c   0x0800b88c   0x00000058   Code   RO         7314    i.netif_set_up      netif.o
    0x0800b8e4   0x0800b8e4   0x00000012   Code   RO         7482    i.pbuf_add_header   pbuf.o
    0x0800b8f6   0x0800b8f6   0x00000002   PAD
    0x0800b8f8   0x0800b8f8   0x00000090   Code   RO         7484    i.pbuf_add_header_impl  pbuf.o
    0x0800b988   0x0800b988   0x0000022c   Code   RO         7485    i.pbuf_alloc        pbuf.o
    0x0800bbb4   0x0800bbb4   0x00000060   Code   RO         7486    i.pbuf_alloc_reference  pbuf.o
    0x0800bc14   0x0800bc14   0x0000005a   Code   RO         7487    i.pbuf_alloced_custom  pbuf.o
    0x0800bc6e   0x0800bc6e   0x00000002   PAD
    0x0800bc70   0x0800bc70   0x000000dc   Code   RO         7488    i.pbuf_cat          pbuf.o
    0x0800bd4c   0x0800bd4c   0x0000001a   Code   RO         7489    i.pbuf_chain        pbuf.o
    0x0800bd66   0x0800bd66   0x00000012   Code   RO         7490    i.pbuf_clen         pbuf.o
    0x0800bd78   0x0800bd78   0x00000050   Code   RO         7491    i.pbuf_clone        pbuf.o
    0x0800bdc8   0x0800bdc8   0x0000004c   Code   RO         7493    i.pbuf_copy         pbuf.o
    0x0800be14   0x0800be14   0x000000d8   Code   RO         7494    i.pbuf_copy_partial  pbuf.o
    0x0800beec   0x0800beec   0x00000248   Code   RO         7495    i.pbuf_copy_partial_pbuf  pbuf.o
    0x0800c134   0x0800c134   0x00000138   Code   RO         7497    i.pbuf_free         pbuf.o
    0x0800c26c   0x0800c26c   0x00000012   Code   RO         7502    i.pbuf_header_force  pbuf.o
    0x0800c27e   0x0800c27e   0x00000022   Code   RO         7503    i.pbuf_header_impl  pbuf.o
    0x0800c2a0   0x0800c2a0   0x0000001e   Code   RO         7504    i.pbuf_init_alloced_pbuf  pbuf.o
    0x0800c2be   0x0800c2be   0x0000002a   Code   RO         7507    i.pbuf_put_at       pbuf.o
    0x0800c2e8   0x0800c2e8   0x000000f0   Code   RO         7508    i.pbuf_realloc      pbuf.o
    0x0800c3d8   0x0800c3d8   0x00000048   Code   RO         7509    i.pbuf_ref          pbuf.o
    0x0800c420   0x0800c420   0x00000090   Code   RO         7510    i.pbuf_remove_header  pbuf.o
    0x0800c4b0   0x0800c4b0   0x0000001c   Code   RO         7511    i.pbuf_skip         pbuf.o
    0x0800c4cc   0x0800c4cc   0x00000022   Code   RO         7512    i.pbuf_skip_const   pbuf.o
    0x0800c4ee   0x0800c4ee   0x00000002   PAD
    0x0800c4f0   0x0800c4f0   0x00000144   Code   RO         7514    i.pbuf_take         pbuf.o
    0x0800c634   0x0800c634   0x000000a8   Code   RO         7515    i.pbuf_take_at      pbuf.o
    0x0800c6dc   0x0800c6dc   0x000000a8   Code   RO         5721    i.pcb_new           api_msg.o
    0x0800c784   0x0800c784   0x00000160   Code   RO         7108    i.plug_holes        mem.o
    0x0800c8e4   0x0800c8e4   0x000000a4   Code   RO         5722    i.poll_tcp          api_msg.o
    0x0800c988   0x0800c988   0x000000cc   Code   RO        10650    i.prvAddCurrentTaskToDelayedList  tasks.o
    0x0800ca54   0x0800ca54   0x000000ec   Code   RO        10651    i.prvAddNewTaskToReadyList  tasks.o
    0x0800cb40   0x0800cb40   0x00000064   Code   RO        11075    i.prvCheckForValidListAndQueue  timers.o
    0x0800cba4   0x0800cba4   0x00000048   Code   RO        10652    i.prvCheckTasksWaitingTermination  tasks.o
    0x0800cbec   0x0800cbec   0x0000002a   Code   RO        10213    i.prvCopyDataFromQueue  queue.o
    0x0800cc16   0x0800cc16   0x0000007e   Code   RO        10214    i.prvCopyDataToQueue  queue.o
    0x0800cc94   0x0800cc94   0x00000012   Code   RO        10653    i.prvDeleteTCB      tasks.o
    0x0800cca6   0x0800cca6   0x00000014   Code   RO        10215    i.prvGetDisinheritPriorityAfterTimeout  queue.o
    0x0800ccba   0x0800ccba   0x00000002   PAD
    0x0800ccbc   0x0800ccbc   0x00000028   Code   RO        11076    i.prvGetNextExpireTime  timers.o
    0x0800cce4   0x0800cce4   0x0000007c   Code   RO        11249    i.prvHeapInit       heap_4.o
    0x0800cd60   0x0800cd60   0x00000028   Code   RO        10654    i.prvIdleTask       tasks.o
    0x0800cd88   0x0800cd88   0x0000001e   Code   RO        10216    i.prvInitialiseMutex  queue.o
    0x0800cda6   0x0800cda6   0x0000002e   Code   RO        10217    i.prvInitialiseNewQueue  queue.o
    0x0800cdd4   0x0800cdd4   0x00000104   Code   RO        10655    i.prvInitialiseNewTask  tasks.o
    0x0800ced8   0x0800ced8   0x00000068   Code   RO        10656    i.prvInitialiseTaskLists  tasks.o
    0x0800cf40   0x0800cf40   0x00000068   Code   RO        11250    i.prvInsertBlockIntoFreeList  heap_4.o
    0x0800cfa8   0x0800cfa8   0x00000058   Code   RO        11078    i.prvInsertTimerInActiveList  timers.o
    0x0800d000   0x0800d000   0x0000001a   Code   RO        10218    i.prvIsQueueEmpty   queue.o
    0x0800d01a   0x0800d01a   0x0000001e   Code   RO        10219    i.prvIsQueueFull    queue.o
    0x0800d038   0x0800d038   0x000000c4   Code   RO        10220    i.prvNotifyQueueSetContainer  queue.o
    0x0800d0fc   0x0800d0fc   0x00000044   Code   RO        11079    i.prvProcessExpiredTimer  timers.o
    0x0800d140   0x0800d140   0x0000016c   Code   RO        11080    i.prvProcessReceivedCommands  timers.o
    0x0800d2ac   0x0800d2ac   0x00000074   Code   RO        11081    i.prvProcessTimerOrBlockTask  timers.o
    0x0800d320   0x0800d320   0x00000028   Code   RO        11082    i.prvReloadTimer    timers.o
    0x0800d348   0x0800d348   0x00000030   Code   RO        10658    i.prvResetNextTaskUnblockTime  tasks.o
    0x0800d378   0x0800d378   0x0000002c   Code   RO        11083    i.prvSampleTimeNow  timers.o
    0x0800d3a4   0x0800d3a4   0x00000044   Code   RO        11084    i.prvSwitchTimerLists  timers.o
    0x0800d3e8   0x0800d3e8   0x00000080   Code   RO        11317    i.prvTaskExitError  port.o
    0x0800d468   0x0800d468   0x0000001a   Code   RO        11085    i.prvTimerTask      timers.o
    0x0800d482   0x0800d482   0x00000090   Code   RO        10221    i.prvUnlockQueue    queue.o
    0x0800d512   0x0800d512   0x00000002   PAD
    0x0800d514   0x0800d514   0x00000010   Code   RO         7109    i.ptr_to_mem        mem.o
    0x0800d524   0x0800d524   0x00000194   Code   RO        11251    i.pvPortMalloc      heap_4.o
    0x0800d6b8   0x0800d6b8   0x00000020   Code   RO        10663    i.pvTaskIncrementMutexHeldCount  tasks.o
    0x0800d6d8   0x0800d6d8   0x0000002c   Code   RO        11318    i.pxPortInitialiseStack  port.o
    0x0800d704   0x0800d704   0x00000006   Code   RO         5061    i.read_addr         usmart.o
    0x0800d70a   0x0800d70a   0x00000002   PAD
    0x0800d70c   0x0800d70c   0x000007d0   Code   RO         4820    i.read_change       sensor.o
    0x0800dedc   0x0800dedc   0x00000134   Code   RO         5723    i.recv_tcp          api_msg.o
    0x0800e010   0x0800e010   0x00000120   Code   RO         5724    i.recv_udp          api_msg.o
    0x0800e130   0x0800e130   0x0000008c   Code   RO         5725    i.sent_tcp          api_msg.o
    0x0800e1bc   0x0800e1bc   0x00000044   Code   RO         5726    i.setup_tcp         api_msg.o
    0x0800e200   0x0800e200   0x000001a4   Code   RO          591    i.start_task        freertos_demo.o
    0x0800e3a4   0x0800e3a4   0x000000bc   Code   RO         9753    i.sys_arch_mbox_fetch  sys_arch.o
    0x0800e460   0x0800e460   0x0000000a   Code   RO         9756    i.sys_arch_protect  sys_arch.o
    0x0800e46a   0x0800e46a   0x00000002   PAD
    0x0800e46c   0x0800e46c   0x000000b0   Code   RO         9757    i.sys_arch_sem_wait  sys_arch.o
    0x0800e51c   0x0800e51c   0x0000000a   Code   RO         9758    i.sys_arch_unprotect  sys_arch.o
    0x0800e526   0x0800e526   0x00000002   PAD
    0x0800e528   0x0800e528   0x00000054   Code   RO         8330    i.sys_check_timeouts  timeouts.o
    0x0800e57c   0x0800e57c   0x00000002   Code   RO         9759    i.sys_init          sys_arch.o
    0x0800e57e   0x0800e57e   0x00000002   PAD
    0x0800e580   0x0800e580   0x00000054   Code   RO         9761    i.sys_mbox_free     sys_arch.o
    0x0800e5d4   0x0800e5d4   0x00000060   Code   RO         9762    i.sys_mbox_new      sys_arch.o
    0x0800e634   0x0800e634   0x0000008c   Code   RO         9764    i.sys_mbox_trypost  sys_arch.o
    0x0800e6c0   0x0800e6c0   0x00000088   Code   RO         9767    i.sys_mutex_lock    sys_arch.o
    0x0800e748   0x0800e748   0x0000003c   Code   RO         9768    i.sys_mutex_new     sys_arch.o
    0x0800e784   0x0800e784   0x00000084   Code   RO         9769    i.sys_mutex_unlock  sys_arch.o
    0x0800e808   0x0800e808   0x00000008   Code   RO         9770    i.sys_now           sys_arch.o
    0x0800e810   0x0800e810   0x00000054   Code   RO         9771    i.sys_sem_free      sys_arch.o
    0x0800e864   0x0800e864   0x000000c0   Code   RO         9772    i.sys_sem_new       sys_arch.o
    0x0800e924   0x0800e924   0x00000090   Code   RO         9773    i.sys_sem_signal    sys_arch.o
    0x0800e9b4   0x0800e9b4   0x000000cc   Code   RO          756    i.sys_stm32_clock_init  sys.o
    0x0800ea80   0x0800ea80   0x00000084   Code   RO         9774    i.sys_thread_new    sys_arch.o
    0x0800eb04   0x0800eb04   0x0000006c   Code   RO         8332    i.sys_timeout       timeouts.o
    0x0800eb70   0x0800eb70   0x000000dc   Code   RO         8333    i.sys_timeout_abs   timeouts.o
    0x0800ec4c   0x0800ec4c   0x00000028   Code   RO         8334    i.sys_timeouts_init  timeouts.o
    0x0800ec74   0x0800ec74   0x00000068   Code   RO         8335    i.sys_timeouts_sleeptime  timeouts.o
    0x0800ecdc   0x0800ecdc   0x00000164   Code   RO         7760    i.tcp_abandon       tcp.o
    0x0800ee40   0x0800ee40   0x0000000e   Code   RO         7761    i.tcp_abort         tcp.o
    0x0800ee4e   0x0800ee4e   0x00000010   Code   RO         7762    i.tcp_accept        tcp.o
    0x0800ee5e   0x0800ee5e   0x00000002   PAD
    0x0800ee60   0x0800ee60   0x000000d0   Code   RO         7764    i.tcp_alloc         tcp.o
    0x0800ef30   0x0800ef30   0x00000006   Code   RO         7765    i.tcp_arg           tcp.o
    0x0800ef36   0x0800ef36   0x00000002   PAD
    0x0800ef38   0x0800ef38   0x00000108   Code   RO         7766    i.tcp_bind          tcp.o
    0x0800f040   0x0800f040   0x00000054   Code   RO         7768    i.tcp_close         tcp.o
    0x0800f094   0x0800f094   0x000001a4   Code   RO         7769    i.tcp_close_shutdown  tcp.o
    0x0800f238   0x0800f238   0x00000088   Code   RO         7770    i.tcp_close_shutdown_fin  tcp.o
    0x0800f2c0   0x0800f2c0   0x000001ec   Code   RO         7771    i.tcp_connect       tcp.o
    0x0800f4ac   0x0800f4ac   0x00000170   Code   RO         8169    i.tcp_create_segment  tcp_out.o
    0x0800f61c   0x0800f61c   0x00000070   Code   RO         7773    i.tcp_eff_send_mss_netif  tcp.o
    0x0800f68c   0x0800f68c   0x00000240   Code   RO         8170    i.tcp_enqueue_flags  tcp_out.o
    0x0800f8cc   0x0800f8cc   0x0000004c   Code   RO         7774    i.tcp_err           tcp.o
    0x0800f918   0x0800f918   0x000000a4   Code   RO         7775    i.tcp_fasttmr       tcp.o
    0x0800f9bc   0x0800f9bc   0x00000038   Code   RO         7776    i.tcp_free          tcp.o
    0x0800f9f4   0x0800f9f4   0x000000fc   Code   RO         8085    i.tcp_free_acked_segments  tcp_in.o
    0x0800faf0   0x0800faf0   0x00000040   Code   RO         7777    i.tcp_free_listen   tcp.o
    0x0800fb30   0x0800fb30   0x00000048   Code   RO         8086    i.tcp_get_next_optbyte  tcp_in.o
    0x0800fb78   0x0800fb78   0x00000038   Code   RO         7778    i.tcp_handle_closepend  tcp.o
    0x0800fbb0   0x0800fbb0   0x00000018   Code   RO         7779    i.tcp_init          tcp.o
    0x0800fbc8   0x0800fbc8   0x000007a0   Code   RO         8087    i.tcp_input         tcp_in.o
    0x08010368   0x08010368   0x00000084   Code   RO         8088    i.tcp_input_delayed_close  tcp_in.o
    0x080103ec   0x080103ec   0x0000008c   Code   RO         8171    i.tcp_keepalive     tcp_out.o
    0x08010478   0x08010478   0x0000006c   Code   RO         7780    i.tcp_kill_prio     tcp.o
    0x080104e4   0x080104e4   0x00000074   Code   RO         7781    i.tcp_kill_state    tcp.o
    0x08010558   0x08010558   0x00000040   Code   RO         7782    i.tcp_kill_timewait  tcp.o
    0x08010598   0x08010598   0x0000006c   Code   RO         7783    i.tcp_listen_closed  tcp.o
    0x08010604   0x08010604   0x00000198   Code   RO         8089    i.tcp_listen_input  tcp_in.o
    0x0801079c   0x0801079c   0x0000004c   Code   RO         7786    i.tcp_netif_ip_addr_changed  tcp.o
    0x080107e8   0x080107e8   0x00000074   Code   RO         7787    i.tcp_netif_ip_addr_changed_pcblist  tcp.o
    0x0801085c   0x0801085c   0x00000010   Code   RO         7789    i.tcp_new_ip_type   tcp.o
    0x0801086c   0x0801086c   0x00000068   Code   RO         7790    i.tcp_new_port      tcp.o
    0x080108d4   0x080108d4   0x0000004c   Code   RO         7791    i.tcp_next_iss      tcp.o
    0x08010920   0x08010920   0x00000300   Code   RO         8172    i.tcp_output        tcp_out.o
    0x08010c20   0x08010c20   0x00000074   Code   RO         8173    i.tcp_output_alloc_header  tcp_out.o
    0x08010c94   0x08010c94   0x000000c0   Code   RO         8174    i.tcp_output_alloc_header_common  tcp_out.o
    0x08010d54   0x08010d54   0x00000094   Code   RO         8175    i.tcp_output_control_segment  tcp_out.o
    0x08010de8   0x08010de8   0x000000b8   Code   RO         8176    i.tcp_output_fill_options  tcp_out.o
    0x08010ea0   0x08010ea0   0x000001d8   Code   RO         8177    i.tcp_output_segment  tcp_out.o
    0x08011078   0x08011078   0x0000004c   Code   RO         8178    i.tcp_output_segment_busy  tcp_out.o
    0x080110c4   0x080110c4   0x000000e4   Code   RO         8090    i.tcp_parseopt      tcp_in.o
    0x080111a8   0x080111a8   0x00000104   Code   RO         8179    i.tcp_pbuf_prealloc  tcp_out.o
    0x080112ac   0x080112ac   0x00000088   Code   RO         7792    i.tcp_pcb_purge     tcp.o
    0x08011334   0x08011334   0x00000128   Code   RO         7793    i.tcp_pcb_remove    tcp.o
    0x0801145c   0x0801145c   0x00000070   Code   RO         7794    i.tcp_poll          tcp.o
    0x080114cc   0x080114cc   0x000006d4   Code   RO         8091    i.tcp_process       tcp_in.o
    0x08011ba0   0x08011ba0   0x000000dc   Code   RO         7795    i.tcp_process_refused_data  tcp.o
    0x08011c7c   0x08011c7c   0x0000074c   Code   RO         8092    i.tcp_receive       tcp_in.o
    0x080123c8   0x080123c8   0x0000004c   Code   RO         7796    i.tcp_recv          tcp.o
    0x08012414   0x08012414   0x00000060   Code   RO         7797    i.tcp_recv_null     tcp.o
    0x08012474   0x08012474   0x000000bc   Code   RO         7798    i.tcp_recved        tcp.o
    0x08012530   0x08012530   0x00000054   Code   RO         7799    i.tcp_remove_listener  tcp.o
    0x08012584   0x08012584   0x000000a0   Code   RO         8180    i.tcp_rexmit        tcp_out.o
    0x08012624   0x08012624   0x000000ac   Code   RO         8181    i.tcp_rexmit_fast   tcp_out.o
    0x080126d0   0x080126d0   0x00000040   Code   RO         8182    i.tcp_rexmit_rto    tcp_out.o
    0x08012710   0x08012710   0x00000054   Code   RO         8183    i.tcp_rexmit_rto_commit  tcp_out.o
    0x08012764   0x08012764   0x000000c4   Code   RO         8184    i.tcp_rexmit_rto_prepare  tcp_out.o
    0x08012828   0x08012828   0x0000001e   Code   RO         8185    i.tcp_route         tcp_out.o
    0x08012846   0x08012846   0x00000002   PAD
    0x08012848   0x08012848   0x000000c4   Code   RO         8186    i.tcp_rst           tcp_out.o
    0x0801290c   0x0801290c   0x0000001a   Code   RO         7800    i.tcp_seg_free      tcp.o
    0x08012926   0x08012926   0x00000018   Code   RO         7801    i.tcp_segs_free     tcp.o
    0x0801293e   0x0801293e   0x00000002   PAD
    0x08012940   0x08012940   0x000000e0   Code   RO         8187    i.tcp_send_empty_ack  tcp_out.o
    0x08012a20   0x08012a20   0x0000007c   Code   RO         8188    i.tcp_send_fin      tcp_out.o
    0x08012a9c   0x08012a9c   0x00000048   Code   RO         7802    i.tcp_sent          tcp.o
    0x08012ae4   0x08012ae4   0x00000098   Code   RO         7804    i.tcp_shutdown      tcp.o
    0x08012b7c   0x08012b7c   0x00000688   Code   RO         7805    i.tcp_slowtmr       tcp.o
    0x08013204   0x08013204   0x00000260   Code   RO         8189    i.tcp_split_unsent_seg  tcp_out.o
    0x08013464   0x08013464   0x00000038   Code   RO         8337    i.tcp_timer_needed  timeouts.o
    0x0801349c   0x0801349c   0x000000dc   Code   RO         8093    i.tcp_timewait_input  tcp_in.o
    0x08013578   0x08013578   0x00000024   Code   RO         7807    i.tcp_tmr           tcp.o
    0x0801359c   0x0801359c   0x00000014   Code   RO         8094    i.tcp_trigger_input_pcb_close  tcp_in.o
    0x080135b0   0x080135b0   0x000000b0   Code   RO         7809    i.tcp_update_rcv_ann_wnd  tcp.o
    0x08013660   0x08013660   0x00000814   Code   RO         8190    i.tcp_write         tcp_out.o
    0x08013e74   0x08013e74   0x00000144   Code   RO         8191    i.tcp_write_checks  tcp_out.o
    0x08013fb8   0x08013fb8   0x00000120   Code   RO         8192    i.tcp_zero_window_probe  tcp_out.o
    0x080140d8   0x080140d8   0x000000c0   Code   RO         6530    i.tcpip_init        tcpip.o
    0x08014198   0x08014198   0x0000006c   Code   RO         6531    i.tcpip_inpkt       tcpip.o
    0x08014204   0x08014204   0x00000030   Code   RO         6532    i.tcpip_input       tcpip.o
    0x08014234   0x08014234   0x00000020   Code   RO         6533    i.tcpip_send_msg_wait_sem  tcpip.o
    0x08014254   0x08014254   0x00000038   Code   RO         8338    i.tcpip_tcp_timer   timeouts.o
    0x0801428c   0x0801428c   0x00000074   Code   RO         6534    i.tcpip_thread      tcpip.o
    0x08014300   0x08014300   0x00000088   Code   RO         6535    i.tcpip_thread_handle_msg  tcpip.o
    0x08014388   0x08014388   0x00000060   Code   RO         6536    i.tcpip_timeouts_mbox_fetch  tcpip.o
    0x080143e8   0x080143e8   0x000000e8   Code   RO         8417    i.udp_bind          udp.o
    0x080144d0   0x080144d0   0x000000d4   Code   RO         8419    i.udp_connect       udp.o
    0x080145a4   0x080145a4   0x00000018   Code   RO         8421    i.udp_init          udp.o
    0x080145bc   0x080145bc   0x00000214   Code   RO         8422    i.udp_input         udp.o
    0x080147d0   0x080147d0   0x000000d0   Code   RO         8423    i.udp_input_local_match  udp.o
    0x080148a0   0x080148a0   0x00000030   Code   RO         8424    i.udp_netif_ip_addr_changed  udp.o
    0x080148d0   0x080148d0   0x0000001c   Code   RO         8425    i.udp_new           udp.o
    0x080148ec   0x080148ec   0x0000000e   Code   RO         8426    i.udp_new_ip_type   udp.o
    0x080148fa   0x080148fa   0x00000002   PAD
    0x080148fc   0x080148fc   0x00000058   Code   RO         8427    i.udp_new_port      udp.o
    0x08014954   0x08014954   0x0000003c   Code   RO         8428    i.udp_recv          udp.o
    0x08014990   0x08014990   0x00000070   Code   RO         8429    i.udp_remove        udp.o
    0x08014a00   0x08014a00   0x00000070   Code   RO         8430    i.udp_send          udp.o
    0x08014a70   0x08014a70   0x000000e0   Code   RO         8431    i.udp_sendto        udp.o
    0x08014b50   0x08014b50   0x0000011c   Code   RO         8432    i.udp_sendto_if     udp.o
    0x08014c6c   0x08014c6c   0x00000248   Code   RO         8433    i.udp_sendto_if_src  udp.o
    0x08014eb4   0x08014eb4   0x00000038   Code   RO          830    i.usart_init        usart.o
    0x08014eec   0x08014eec   0x000000b0   Code   RO         5062    i.usmart_cmd_rec    usmart.o
    0x08014f9c   0x08014f9c   0x000002d4   Code   RO         5063    i.usmart_exe        usmart.o
    0x08015270   0x08015270   0x000000d4   Code   RO         5204    i.usmart_get_aparm  usmart_str.o
    0x08015344   0x08015344   0x00000036   Code   RO         5205    i.usmart_get_cmdname  usmart_str.o
    0x0801537a   0x0801537a   0x00000002   PAD
    0x0801537c   0x0801537c   0x000001c0   Code   RO         5206    i.usmart_get_fname  usmart_str.o
    0x0801553c   0x0801553c   0x0000010c   Code   RO         5207    i.usmart_get_fparam  usmart_str.o
    0x08015648   0x08015648   0x00000028   Code   RO         5154    i.usmart_get_input_string  usmart_port.o
    0x08015670   0x08015670   0x00000020   Code   RO         5208    i.usmart_get_parmpos  usmart_str.o
    0x08015690   0x08015690   0x00000028   Code   RO         5064    i.usmart_init       usmart.o
    0x080156b8   0x080156b8   0x00000016   Code   RO         5209    i.usmart_pow        usmart_str.o
    0x080156ce   0x080156ce   0x00000002   PAD
    0x080156d0   0x080156d0   0x000000a8   Code   RO         5065    i.usmart_scan       usmart.o
    0x08015778   0x08015778   0x00000016   Code   RO         5210    i.usmart_search_nextc  usmart_str.o
    0x0801578e   0x0801578e   0x00000106   Code   RO         5211    i.usmart_str2num    usmart_str.o
    0x08015894   0x08015894   0x00000022   Code   RO         5212    i.usmart_strcmp     usmart_str.o
    0x080158b6   0x080158b6   0x00000016   Code   RO         5213    i.usmart_strcopy    usmart_str.o
    0x080158cc   0x080158cc   0x00000018   Code   RO         5214    i.usmart_strlen     usmart_str.o
    0x080158e4   0x080158e4   0x000006f4   Code   RO         5066    i.usmart_sys_cmd_exe  usmart.o
    0x08015fd8   0x08015fd8   0x00000044   Code   RO         5155    i.usmart_timx_get_time  usmart_port.o
    0x0801601c   0x0801601c   0x00000064   Code   RO         5156    i.usmart_timx_init  usmart_port.o
    0x08016080   0x08016080   0x00000034   Code   RO         5157    i.usmart_timx_reset_time  usmart_port.o
    0x080160b4   0x080160b4   0x00000028   Code   RO        10164    i.uxListRemove      list.o
    0x080160dc   0x080160dc   0x0000001a   Code   RO        10165    i.vListInitialise   list.o
    0x080160f6   0x080160f6   0x00000006   Code   RO        10166    i.vListInitialiseItem  list.o
    0x080160fc   0x080160fc   0x00000034   Code   RO        10167    i.vListInsert       list.o
    0x08016130   0x08016130   0x00000018   Code   RO        10168    i.vListInsertEnd    list.o
    0x08016148   0x08016148   0x00000098   Code   RO        11320    i.vPortEnterCritical  port.o
    0x080161e0   0x080161e0   0x00000080   Code   RO        11321    i.vPortExitCritical  port.o
    0x08016260   0x08016260   0x000000d8   Code   RO        11252    i.vPortFree         heap_4.o
    0x08016338   0x08016338   0x00000028   Code   RO        11322    i.vPortSetupTimerInterrupt  port.o
    0x08016360   0x08016360   0x000000b0   Code   RO        11323    i.vPortValidateInterruptPriority  port.o
    0x08016410   0x08016410   0x0000008c   Code   RO        10227    i.vQueueAddToRegistry  queue.o
    0x0801649c   0x0801649c   0x00000058   Code   RO        10228    i.vQueueDelete      queue.o
    0x080164f4   0x080164f4   0x00000074   Code   RO        10230    i.vQueueUnregisterQueue  queue.o
    0x08016568   0x08016568   0x0000004a   Code   RO        10231    i.vQueueWaitForMessageRestricted  queue.o
    0x080165b2   0x080165b2   0x00000002   PAD
    0x080165b4   0x080165b4   0x00000084   Code   RO        10673    i.vTaskDelay        tasks.o
    0x08016638   0x08016638   0x00000124   Code   RO        10674    i.vTaskDelete       tasks.o
    0x0801675c   0x0801675c   0x00000018   Code   RO        10678    i.vTaskInternalSetTimeOutState  tasks.o
    0x08016774   0x08016774   0x0000000c   Code   RO        10680    i.vTaskMissedYield  tasks.o
    0x08016780   0x08016780   0x00000064   Code   RO        10681    i.vTaskPlaceOnEventList  tasks.o
    0x080167e4   0x080167e4   0x0000008c   Code   RO        10682    i.vTaskPlaceOnEventListRestricted  tasks.o
    0x08016870   0x08016870   0x00000138   Code   RO        10684    i.vTaskPriorityDisinheritAfterTimeout  tasks.o
    0x080169a8   0x080169a8   0x000000c4   Code   RO        10690    i.vTaskStartScheduler  tasks.o
    0x08016a6c   0x08016a6c   0x00000010   Code   RO        10692    i.vTaskSuspendAll   tasks.o
    0x08016a7c   0x08016a7c   0x000000b8   Code   RO        10693    i.vTaskSwitchContext  tasks.o
    0x08016b34   0x08016b34   0x00000004   Code   RO         5067    i.write_addr        usmart.o
    0x08016b38   0x08016b38   0x000001ac   Code   RO        11324    i.xPortStartScheduler  port.o
    0x08016ce4   0x08016ce4   0x00000034   Code   RO        11325    i.xPortSysTickHandler  port.o
    0x08016d18   0x08016d18   0x00000022   Code   RO        10234    i.xQueueCreateMutex  queue.o
    0x08016d3a   0x08016d3a   0x00000002   PAD
    0x08016d3c   0x08016d3c   0x00000090   Code   RO        10236    i.xQueueGenericCreate  queue.o
    0x08016dcc   0x08016dcc   0x000000fc   Code   RO        10237    i.xQueueGenericReset  queue.o
    0x08016ec8   0x08016ec8   0x000001e4   Code   RO        10238    i.xQueueGenericSend  queue.o
    0x080170ac   0x080170ac   0x00000124   Code   RO        10240    i.xQueueGiveFromISR  queue.o
    0x080171d0   0x080171d0   0x00000074   Code   RO        10241    i.xQueueGiveMutexRecursive  queue.o
    0x08017244   0x08017244   0x00000180   Code   RO        10246    i.xQueueReceive     queue.o
    0x080173c4   0x080173c4   0x000001c4   Code   RO        10251    i.xQueueSemaphoreTake  queue.o
    0x08017588   0x08017588   0x00000078   Code   RO        10252    i.xQueueTakeMutexRecursive  queue.o
    0x08017600   0x08017600   0x000000cc   Code   RO        10696    i.xTaskCheckForTimeOut  tasks.o
    0x080176cc   0x080176cc   0x00000060   Code   RO        10697    i.xTaskCreate       tasks.o
    0x0801772c   0x0801772c   0x0000000c   Code   RO        10703    i.xTaskGetCurrentTaskHandle  tasks.o
    0x08017738   0x08017738   0x00000020   Code   RO        10706    i.xTaskGetSchedulerState  tasks.o
    0x08017758   0x08017758   0x0000000c   Code   RO        10707    i.xTaskGetTickCount  tasks.o
    0x08017764   0x08017764   0x000001e8   Code   RO        10709    i.xTaskIncrementTick  tasks.o
    0x0801794c   0x0801794c   0x00000110   Code   RO        10710    i.xTaskPriorityDisinherit  tasks.o
    0x08017a5c   0x08017a5c   0x000000ec   Code   RO        10711    i.xTaskPriorityInherit  tasks.o
    0x08017b48   0x08017b48   0x0000014c   Code   RO        10712    i.xTaskRemoveFromEventList  tasks.o
    0x08017c94   0x08017c94   0x000001a0   Code   RO        10713    i.xTaskResumeAll    tasks.o
    0x08017e34   0x08017e34   0x00000080   Code   RO        11093    i.xTimerCreateTimerTask  timers.o
    0x08017eb4   0x08017eb4   0x00000018   Data   RO          550    .constdata          system_stm32f4xx.o
    0x08017ecc   0x08017ecc   0x00000024   Data   RO         5302    .constdata          malloc.o
    0x08017ef0   0x08017ef0   0x00000003   Data   RO         5727    .constdata          api_msg.o
    0x08017ef3   0x08017ef3   0x00000001   PAD
    0x08017ef4   0x08017ef4   0x00000118   Data   RO         7192    .constdata          memp.o
    0x0801800c   0x0801800c   0x00000050   Data   RO         7810    .constdata          tcp.o
    0x0801805c   0x0801805c   0x00000034   Data   RO         8339    .constdata          timeouts.o
    0x08018090   0x08018090   0x00000008   Data   RO         9019    .constdata          ip4_addr.o
    0x08018098   0x08018098   0x0000000c   Data   RO         9163    .constdata          ethernet_1.o
    0x080180a4   0x080180a4   0x00000028   Data   RO         5068    .conststring        usmart.o
    0x080180cc   0x080180cc   0x000000f4   Data   RO         5128    .conststring        usmart_config.o
    0x080181c0   0x080181c0   0x00000041   Data   RO         7005    .conststring        init.o
    0x08018201   0x08018201   0x00000003   PAD
    0x08018204   0x08018204   0x000000a0   Data   RO         7193    .conststring        memp.o
    0x080182a4   0x080182a4   0x0000006d   Data   RO         7811    .conststring        tcp.o
    0x08018311   0x08018311   0x00000003   PAD
    0x08018314   0x08018314   0x00000055   Data   RO         8193    .conststring        tcp_out.o
    0x08018369   0x08018369   0x00000003   PAD
    0x0801836c   0x0801836c   0x00000042   Data   RO         8603    .conststring        dhcp.o
    0x080183ae   0x080183ae   0x00000002   PAD
    0x080183b0   0x080183b0   0x00000041   Data   RO         8807    .conststring        etharp.o
    0x080183f1   0x080183f1   0x00000003   PAD
    0x080183f4   0x080183f4   0x00000012   Data   RO         9927    .conststring        lwip_demo.o
    0x08018406   0x08018406   0x00000002   PAD
    0x08018408   0x08018408   0x00000020   Data   RO        11871    Region$$Table       anon$$obj.o


    Execution Region RW_IRAM1 (Exec base: 0x20000000, Load base: 0x08018428, Size: 0x0001f908, Max: 0x00020000, ABSOLUTE, COMPRESSED[0x000000a8])

    Exec Addr    Load Addr    Size         Type   Attr      Idx    E Section Name        Object

    0x20000000   COMPRESSED   0x00000004   Data   RW          551    .data               system_stm32f4xx.o
    0x20000004   COMPRESSED   0x00000018   Data   RW          592    .data               freertos_demo.o
    0x2000001c   COMPRESSED   0x00000004   Data   RW          710    .data               delay.o
    0x20000020   COMPRESSED   0x00000007   Data   RW          832    .data               usart.o
    0x20000027   COMPRESSED   0x00000001   PAD
    0x20000028   COMPRESSED   0x00000009   Data   RW          927    .data               stm32f4xx_hal.o
    0x20000031   COMPRESSED   0x00000001   Data   RW         4636    .data               key.o
    0x20000032   COMPRESSED   0x00000002   PAD
    0x20000034   COMPRESSED   0x00000010   Data   RW         4729    .data               ethernet.o
    0x20000044   COMPRESSED   0x00000012   Data   RW         4823    .data               sensor.o
    0x20000056   COMPRESSED   0x00000001   Data   RW         4881    .data               adc.o
    0x20000057   COMPRESSED   0x00000001   Data   RW         4973    .data               ad7616.o
    0x20000058   COMPRESSED   0x0000001c   Data   RW         5069    .data               usmart.o
    0x20000074   COMPRESSED   0x0000012c   Data   RW         5129    .data               usmart_config.o
    0x200001a0   COMPRESSED   0x00000024   Data   RW         5303    .data               malloc.o
    0x200001c4   COMPRESSED   0x00000010   Data   RW         6538    .data               tcpip.o
    0x200001d4   COMPRESSED   0x0000000c   Data   RW         6806    .data               dns.o
    0x200001e0   COMPRESSED   0x00000010   Data   RW         7111    .data               mem.o
    0x200001f0   COMPRESSED   0x00000038   Data   RW         7194    .data               memp.o
    0x20000228   COMPRESSED   0x00000009   Data   RW         7315    .data               netif.o
    0x20000231   COMPRESSED   0x00000003   PAD
    0x20000234   COMPRESSED   0x00000020   Data   RW         7812    .data               tcp.o
    0x20000254   COMPRESSED   0x00000028   Data   RW         8096    .data               tcp_in.o
    0x2000027c   COMPRESSED   0x0000000c   Data   RW         8340    .data               timeouts.o
    0x20000288   COMPRESSED   0x00000008   Data   RW         8434    .data               udp.o
    0x20000290   COMPRESSED   0x00000010   Data   RW         8604    .data               dhcp.o
    0x200002a0   COMPRESSED   0x00000001   Data   RW         8808    .data               etharp.o
    0x200002a1   COMPRESSED   0x00000001   PAD
    0x200002a2   COMPRESSED   0x00000002   Data   RW         8963    .data               ip4.o
    0x200002a4   COMPRESSED   0x00000006   Data   RW         9091    .data               ip4_frag.o
    0x200002aa   COMPRESSED   0x00000002   PAD
    0x200002ac   COMPRESSED   0x00000004   Data   RW         9205    .data               ethernetif.o
    0x200002b0   COMPRESSED   0x00000001   Data   RW         9288    .data               lwip_comm.o
    0x200002b1   COMPRESSED   0x00000003   PAD
    0x200002b4   COMPRESSED   0x00000010   Data   RW         9928    .data               lwip_demo.o
    0x200002c4   COMPRESSED   0x00000040   Data   RW        10716    .data               tasks.o
    0x20000304   COMPRESSED   0x00000014   Data   RW        11102    .data               timers.o
    0x20000318   COMPRESSED   0x00000020   Data   RW        11258    .data               heap_4.o
    0x20000338   COMPRESSED   0x0000000c   Data   RW        11326    .data               port.o
    0x20000344   COMPRESSED   0x00000004   Data   RW        11480    .data               mc_w.l(rand.o)
    0x20000348        -       0x0000010c   Zero   RW          831    .bss                usart.o
    0x20000454        -       0x00000048   Zero   RW         4728    .bss                ethernet.o
    0x2000049c        -       0x00000138   Zero   RW         4822    .bss                sensor.o
    0x200005d4        -       0x00000060   Zero   RW         4972    .bss                ad7616.o
    0x20000634        -       0x00000048   Zero   RW         5158    .bss                usmart_port.o
    0x2000067c   COMPRESSED   0x00000004   PAD
    0x20000680        -       0x00006a40   Zero   RW         5301    .bss                malloc.o
    0x200070c0        -       0x00000480   Zero   RW         6804    .bss                dns.o
    0x20007540        -       0x00000018   Zero   RW         7077    .bss                ip.o
    0x20007558        -       0x00006413   Zero   RW         7110    .bss                mem.o
    0x2000d96b        -       0x00008aae   Zero   RW         7191    .bss                memp.o
    0x20016419   COMPRESSED   0x00000003   PAD
    0x2001641c        -       0x00000014   Zero   RW         8095    .bss                tcp_in.o
    0x20016430        -       0x00000032   Zero   RW         8602    .bss                dhcp.o
    0x20016462   COMPRESSED   0x00000002   PAD
    0x20016464        -       0x000000f0   Zero   RW         8806    .bss                etharp.o
    0x20016554        -       0x00000010   Zero   RW         9018    .bss                ip4_addr.o
    0x20016564        -       0x00000054   Zero   RW         9287    .bss                lwip_comm.o
    0x200165b8        -       0x00000040   Zero   RW        10253    .bss                queue.o
    0x200165f8        -       0x000002e4   Zero   RW        10715    .bss                tasks.o
    0x200168dc        -       0x00000028   Zero   RW        11101    .bss                timers.o
    0x20016904        -       0x00008c00   Zero   RW        11257    .bss                heap_4.o
    0x2001f504   COMPRESSED   0x00000004   PAD
    0x2001f508        -       0x00000400   Zero   RW            1    STACK               startup_stm32f407xx.o



  Load Region LR$$.ARM.__AT_0x10000000 (Base: 0x10000000, Size: 0x00000000, Max: 0x0000f000, ABSOLUTE)

    Execution Region ER$$.ARM.__AT_0x10000000 (Exec base: 0x10000000, Load base: 0x10000000, Size: 0x0000f000, Max: 0x0000f000, ABSOLUTE, UNINIT)

    Exec Addr    Load Addr    Size         Type   Attr      Idx    E Section Name        Object

    0x10000000        -       0x0000f000   Zero   RW         5297    .ARM.__AT_0x10000000  malloc.o



  Load Region LR$$.ARM.__AT_0x1000F000 (Base: 0x1000f000, Size: 0x00000000, Max: 0x00000f00, ABSOLUTE)

    Execution Region ER$$.ARM.__AT_0x1000F000 (Exec base: 0x1000f000, Load base: 0x1000f000, Size: 0x00000f00, Max: 0x00000f00, ABSOLUTE, UNINIT)

    Exec Addr    Load Addr    Size         Type   Attr      Idx    E Section Name        Object

    0x1000f000        -       0x00000f00   Zero   RW         5298    .ARM.__AT_0x1000F000  malloc.o



  Load Region LR$$.ARM.__AT_0x68000000 (Base: 0x68000000, Size: 0x00000000, Max: 0x0007d000, ABSOLUTE)

    Execution Region ER$$.ARM.__AT_0x68000000 (Exec base: 0x68000000, Load base: 0x68000000, Size: 0x0007d000, Max: 0x0007d000, ABSOLUTE, UNINIT)

    Exec Addr    Load Addr    Size         Type   Attr      Idx    E Section Name        Object

    0x68000000        -       0x0007d000   Zero   RW         5299    .ARM.__AT_0x68000000  malloc.o



  Load Region LR$$.ARM.__AT_0x6807D000 (Base: 0x6807d000, Size: 0x00000000, Max: 0x00007d00, ABSOLUTE)

    Execution Region ER$$.ARM.__AT_0x6807D000 (Exec base: 0x6807d000, Load base: 0x6807d000, Size: 0x00007d00, Max: 0x00007d00, ABSOLUTE, UNINIT)

    Exec Addr    Load Addr    Size         Type   Attr      Idx    E Section Name        Object

    0x6807d000        -       0x00007d00   Zero   RW         5300    .ARM.__AT_0x6807D000  malloc.o


==============================================================================

Image component sizes


      Code (inc. data)   RO Data    RW Data    ZI Data      Debug   Object Name

      1652        136          0          1         96       8390   ad7616.o
        48         10          0          1          0       1002   adc.o
       660        238          0          0          0      48813   api_lib.o
      4272       1100          3          0          0      36609   api_msg.o
        38          0          0          0          0       1170   def.o
       172          8          0          4          0       2709   delay.o
      6104        786         66         16         50      31792   dhcp.o
      1124        136          0         12       1152      16048   dns.o
         0          0          0          0          0       1728   err.o
      3208        530         65          1        240      12519   etharp.o
      1028         62          0         16         72       6036   ethernet.o
       380         58         12          0          0       2814   ethernet_1.o
       876         90          0          4          0       8738   ethernetif.o
         0          0          0          0          0      12224   event_groups.o
      1260        516          0         24          0      21688   freertos_demo.o
       848        218          0         32      35840       4403   heap_4.o
       860        156          0          0          0       5034   icmp.o
         0          0          0          0          0       4151   if_api.o
       180          0          0          0          0       2206   inet_chksum.o
        68          4         65          0          0       1860   init.o
         0          0          0          0         24       3250   ip.o
      1106         90          0          2          0       6032   ip4.o
       266          4          8          0         16      10714   ip4_addr.o
      2738        494          0          6          0      12774   ip4_frag.o
       160         16          0          1          0       1646   key.o
         0          0          0          0          0       1472   lcd.o
       152         10          0          0          0        999   led.o
       148          0          0          0          0       3622   list.o
      1774        502          0          1         84      31366   lwip_comm.o
       392         92         18         16          0      19672   lwip_demo.o
        68          6          0          0          0     738555   main.o
       484         54         36         36     636480       6923   malloc.o
      2092        660          0         16      25619       9497   mem.o
       428        148        440         56      35502      11426   memp.o
       214         66          0          0          0      11452   netbuf.o
      1384        352          0          9          0      17890   netif.o
      3570       1080          0          0          0      21046   pbuf.o
      1338        472          0         12          0      11513   port.o
      3356        662          0          0         64      22650   queue.o
      4204        198          0         18        312       5909   sensor.o
        52         14        392          0       1024        996   startup_stm32f407xx.o
       226         40          0          9          0      10806   stm32f4xx_hal.o
       344         22          0          0          0      35373   stm32f4xx_hal_cortex.o
       210          0          0          0          0       2071   stm32f4xx_hal_dma.o
      2870         50          0          0          0      17042   stm32f4xx_hal_eth.o
       564         46          0          0          0       3620   stm32f4xx_hal_gpio.o
      1820         84          0          0          0       5880   stm32f4xx_hal_rcc.o
       488         76          0          0          0       3440   stm32f4xx_hal_tim.o
      1796         16          0          0          0      10312   stm32f4xx_hal_uart.o
        20          0          0          0          0     599489   stm32f4xx_it.o
       204         12          0          0          0       1415   sys.o
      1594        622          0          0          0      13116   sys_arch.o
        20          6         24          4          0       1447   system_stm32f4xx.o
      4522       1112          0         64        740      38059   tasks.o
      6698       1828        189         32          0      43084   tcp.o
      6900       1270          0         40         20      21639   tcp_in.o
      7838       2040         85          0          0      34402   tcp_out.o
       728        226          0         16          0      10281   tcpip.o
       748        216         52         12          0       7763   timeouts.o
      1082        214          0         20         40      11836   timers.o
      2762        812          0          8          0      14839   udp.o
       460         60          0          7        268       5325   usart.o
      2898       1308         40         28          0       6266   usmart.o
         0          0        244        300          0       1652   usmart_config.o
       328         50          0          0         72       3702   usmart_port.o
      1400         20          0          0          0       9781   usmart_str.o

    ----------------------------------------------------------------------
     93312      19098       1788        836     737728    2091978   Object Totals
         0          0         32          0          0          0   (incl. Generated)
        88          0         17         12         13          0   (incl. Padding)

    ----------------------------------------------------------------------

      Code (inc. data)   RO Data    RW Data    ZI Data      Debug   Library Member Name

        20          0          0          0          0        124   fabs.o
        86          0          0          0          0          0   __dczerorl2.o
         0          0          0          0          0          0   entry.o
         0          0          0          0          0          0   entry10a.o
         0          0          0          0          0          0   entry11a.o
         4          0          0          0          0          0   entry12b.o
         8          4          0          0          0          0   entry2.o
         4          0          0          0          0          0   entry5.o
         0          0          0          0          0          0   entry7b.o
         0          0          0          0          0          0   entry8b.o
         8          4          0          0          0          0   entry9a.o
        30          0          0          0          0          0   handlers.o
        36          8          0          0          0         68   init.o
         0          0          0          0          0          0   iusefp.o
        30          0          0          0          0         68   llshl.o
        36          0          0          0          0         68   llsshr.o
        32          0          0          0          0         68   llushr.o
        26          0          0          0          0         80   memcmp.o
        64          0          0          0          0         76   memmovea.o
        36          0          0          0          0        108   memseta.o
      2268         96          0          0          0        616   printfa.o
        36         10          0          4          0        136   rand.o
        14          0          0          0          0         68   strlen.o
        44          0          0          0          0         80   uidiv.o
        98          0          0          0          0         92   uldiv.o
        48          0          0          0          0         68   cdcmple.o
        48          0          0          0          0         68   cdrcmple.o
        56          0          0          0          0         88   d2f.o
       334          0          0          0          0        148   dadd.o
       222          0          0          0          0        100   ddiv.o
       186          0          0          0          0        176   depilogue.o
        48          0          0          0          0         68   dfixul.o
        34          0          0          0          0         76   dflti.o
        26          0          0          0          0         76   dfltui.o
       228          0          0          0          0         96   dmul.o
        38          0          0          0          0         68   f2d.o
       110          0          0          0          0        168   fepilogue.o

    ----------------------------------------------------------------------
      4268        122          0          4          0       2852   Library Totals
        10          0          0          0          0          0   (incl. Padding)

    ----------------------------------------------------------------------

      Code (inc. data)   RO Data    RW Data    ZI Data      Debug   Library Name

        20          0          0          0          0        124   m_wm.l
      2860        122          0          4          0       1528   mc_w.l
      1378          0          0          0          0       1200   mf_w.l

    ----------------------------------------------------------------------
      4268        122          0          4          0       2852   Library Totals

    ----------------------------------------------------------------------

==============================================================================


      Code (inc. data)   RO Data    RW Data    ZI Data      Debug   

     97580      19220       1788        840     737728    2042058   Grand Totals
     97580      19220       1788        168     737728    2042058   ELF Image Totals (compressed)
     97580      19220       1788        168          0          0   ROM Totals

==============================================================================

    Total RO  Size (Code + RO Data)                99368 (  97.04kB)
    Total RW  Size (RW Data + ZI Data)            738568 ( 721.26kB)
    Total ROM Size (Code + RO Data + RW Data)      99536 (  97.20kB)

==============================================================================

