<html>
<body>
<pre>
<h1>µVision Build Log</h1>
<h2>Tool Versions:</h2>
IDE-Version: ¦ÌVision V5.36.0.0
Copyright (C) 2021 ARM Ltd and ARM Germany GmbH. All rights reserved.
License Information: Yangbin Bao, ZheJiang University, LIC=21E4T-RHBCI-JJB6S-LHB1F-7VGY1-XF1PX
 
Tool Versions:
Toolchain:       MDK-ARM Plus  Version: 5.36.0.0
Toolchain Path:  D:\MDK5.36\ARM\ARMCC\Bin
C Compiler:      Armcc.exe V5.06 update 7 (build 960)
Assembler:       Armasm.exe V5.06 update 7 (build 960)
Linker/Locator:  ArmLink.exe V5.06 update 7 (build 960)
Library Manager: ArmAr.exe V5.06 update 7 (build 960)
Hex Converter:   FromElf.exe V5.06 update 7 (build 960)
CPU DLL:         SARMCM3.DLL V5.36.0.0
Dialog DLL:      DCM.DLL V1.17.3.0
Target DLL:      STLink\ST-LINKIII-KEIL_SWO.dll V3.0.9.0
Dialog DLL:      TCM.DLL V1.53.0.0
 
<h2>Project:</h2>
D:\shared memory\programing\HandMod\ADexpand\HandExo_AD7616\Projects\MDK-ARM\atk_f407.uvprojx
Project File Date:  12/29/2024

<h2>Output:</h2>
*** Using Compiler 'V5.06 update 7 (build 960)', folder: 'D:\MDK5.36\ARM\ARMCC\Bin'
Build target 'lwIP'
Note: source file '..\..\Middlewares\LWIP\src\core\sys.c' - object file renamed from '..\..\Output\sys.o' to '..\..\Output\sys_1.o'.
Note: source file '..\..\Middlewares\LWIP\src\netif\ethernet.c' - object file renamed from '..\..\Output\ethernet.o' to '..\..\Output\ethernet_1.o'.
assembling startup_stm32f407xx.s...
compiling sys.c...
compiling stm32f4xx_it.c...
compiling usart.c...
compiling delay.c...
compiling system_stm32f4xx.c...
compiling stm32f4xx_hal.c...
compiling main.c...
compiling freertos_demo.c...
compiling stm32f4xx_hal_cortex.c...
compiling stm32f4xx_hal_rcc_ex.c...
compiling stm32f4xx_hal_gpio.c...
compiling stm32f4xx_hal_pwr.c...
compiling stm32f4xx_hal_usart.c...
compiling stm32f4xx_hal_rcc.c...
compiling stm32f4xx_hal_pwr_ex.c...
compiling stm32f4xx_hal_uart.c...
compiling stm32f4xx_hal_dma_ex.c...
compiling stm32f4xx_hal_sram.c...
compiling stm32f4xx_hal_tim_ex.c...
compiling stm32f4xx_ll_fsmc.c...
compiling stm32f4xx_hal_flash.c...
compiling stm32f4xx_hal_dma.c...
compiling stm32f4xx_hal_flash_ex.c...
compiling stm32f4xx_hal_tim.c...
compiling stm32f4xx_ll_adc.c...
compiling stm32f4xx_hal_eth.c...
compiling stm32f4xx_hal_adc_ex.c...
compiling stm32f4xx_hal_adc.c...
compiling ODcalc.c...
compiling led.c...
compiling stm32f4xx_hal_dma2d.c...
compiling key.c...
compiling sram.c...
compiling lcd.c...
compiling ethernet.c...
compiling sensor.c...
..\..\Drivers\BSP\SENSOR\sensor.c(573): warning:  #177-D: variable "dat"  was declared but never referenced
    	uint8_t dat=0;
..\..\Drivers\BSP\SENSOR\sensor.c: 1 warning, 0 errors
compiling adc.c...
compiling AD7616.c...
compiling usmart_str.c...
compiling usmart_port.c...
compiling usmart.c...
compiling usmart_config.c...
compiling malloc.c...
compiling api_msg.c...
compiling err.c...
compiling api_lib.c...
compiling netbuf.c...
compiling netifapi.c...
compiling if_api.c...
compiling netdb.c...
compiling sockets.c...
compiling tcpip.c...
compiling altcp.c...
compiling altcp_alloc.c...
compiling altcp_tcp.c...
compiling dns.c...
compiling def.c...
compiling inet_chksum.c...
compiling init.c...
compiling stats.c...
compiling ip.c...
compiling sys.c...
compiling raw.c...
compiling mem.c...
compiling pbuf.c...
compiling netif.c...
compiling memp.c...
compiling autoip.c...
compiling tcp.c...
compiling tcp_in.c...
compiling udp.c...
compiling etharp.c...
compiling timeouts.c...
compiling dhcp.c...
compiling tcp_out.c...
compiling igmp.c...
compiling icmp.c...
compiling ip4_addr.c...
compiling ethernet.c...
compiling lwip_comm.c...
compiling ip4.c...
compiling ip4_frag.c...
compiling ethernetif.c...
compiling sys_arch.c...
compiling croutine.c...
compiling event_groups.c...
compiling queue.c...
compiling list.c...
compiling stream_buffer.c...
compiling tasks.c...
compiling lwip_demo.c...
compiling heap_4.c...
compiling port.c...
compiling timers.c...
linking...
Program Size: Code=97480 RO-data=1788 RW-data=840 ZI-data=737728  
FromELF: creating hex file...
"..\..\Output\atk_f407.axf" - 0 Error(s), 1 Warning(s).

<h2>Software Packages used:</h2>

Package Vendor: Keil
                https://www.keil.com/pack/Keil.STM32F4xx_DFP.2.17.1.pack
                Keil.STM32F4xx_DFP.2.17.1
                STMicroelectronics STM32F4 Series Device Support, Drivers and Examples

<h2>Collection of Component include folders:</h2>
  D:\MDK5.36\Packs\Keil\STM32F4xx_DFP\2.17.1\Drivers\CMSIS\Device\ST\STM32F4xx\Include

<h2>Collection of Component Files used:</h2>
Build Time Elapsed:  00:03:27
</pre>
</body>
</html>
