<html>
<body>
<pre>
<h1>µVision Build Log</h1>
<h2>Tool Versions:</h2>
IDE-Version: ¦ÌVision V5.14.0.0
Copyright (C) 2015 ARM Ltd and ARM Germany GmbH. All rights reserved.
License Information: a Trouble, a, LIC=X96CK-Z675D-EVF1R-K1833-TA5NN-TRDAQ
 
Tool Versions:
Toolchain:       MDK-ARM Standard  Version: 5.14.0.0
Toolchain Path:  D:\Keil_v5\ARM\ARMCC\Bin
C Compiler:      Armcc.exe V5.05 update 1 (build 106)
Assembler:       Armasm.exe V5.05 update 1 (build 106)
Linker/Locator:  ArmLink.exe V5.05 update 1 (build 106)
Library Manager: ArmAr.exe V5.05 update 1 (build 106)
Hex Converter:   FromElf.exe V5.05 update 1 (build 106)
CPU DLL:         SARMCM3.DLL V5.14.0.0
Dialog DLL:      DCM.DLL V1.13.1.0
Target DLL:      STLink\ST-LINKIII-KEIL_SWO.dll V2.0.14.0_KEIL
Dialog DLL:      TCM.DLL V1.14.4.0
 
<h2>Project:</h2>
D:\TeleRobotics and Manipulation\HandExo_SCM-master\HandExo_SCM-master\USER\Template.uvprojx
Project File Date:  12/20/2023

<h2>Output:</h2>
Build target 'Template'
compiling udp_demo.c...
..\LWIP\lwip_app\udp_demo\udp_demo.c(42): warning:  #177-D: variable "cpu_sr" was declared but never referenced
        OS_CPU_SR cpu_sr;
..\LWIP\lwip_app\udp_demo\udp_demo.c(48): warning:  #177-D: variable "data_len" was declared but never referenced
        u32 data_len = 0;
..\LWIP\lwip_app\udp_demo\udp_demo.c(49): warning:  #177-D: variable "q" was declared but never referenced
        struct pbuf *q;
..\LWIP\lwip_app\udp_demo\udp_demo.c: 3 warnings, 0 errors
linking...
Program Size: Code=133562 RO-data=8678 RW-data=928 ZI-data=403544  
FromELF: creating hex file...
"..\OBJ\Template.axf" - 0 Error(s), 3 Warning(s).

<h2>Collection of Component include folders:</h2>
  D:\TeleRobotics and Manipulation\HandExo_SCM-master\HandExo_SCM-master\USER\RTE
  D:\Keil_v5\ARM\PACK\Keil\STM32F4xx_DFP\1.0.8\Device\Include

<h2>Collection of Component Files used:</h2>
</pre>
</body>
</html>
