Component: ARM Compiler 5.05 update 1 (build 106) Tool: armlink [4d0efa]

==============================================================================

Section Cross References

    main.o(.text) refers to _printf_percent.o(.ARM.Collect$$_printf_percent$$00000000) for _printf_percent
    main.o(.text) refers to _printf_d.o(.ARM.Collect$$_printf_percent$$00000009) for _printf_d
    main.o(.text) refers to _printf_dec.o(.text) for _printf_int_dec
    main.o(.text) refers to noretval__2sprintf.o(.text) for __2sprintf
    main.o(.text) refers to lcd.o(.text) for LCD_ShowString
    main.o(.text) refers to os_task.o(.text) for OSTaskSuspend
    main.o(.text) refers to os_time.o(.text) for OSTimeDlyHMSM
    main.o(.text) refers to key.o(.text) for KEY_Scan
    main.o(.text) refers to os_core.o(.text) for OSStatInit
    main.o(.text) refers to os_cpu_a.o(.text) for OS_CPU_SR_Save
    main.o(.text) refers to lwip_comm.o(.text) for lwip_comm_dhcp_creat
    main.o(.text) refers to delay.o(.text) for delay_init
    main.o(.text) refers to misc.o(.text) for NVIC_PriorityGroupConfig
    main.o(.text) refers to usart.o(.text) for uart_init
    main.o(.text) refers to led.o(.text) for LED_Init
    main.o(.text) refers to sensor.o(.text) for Sensor_GPIO
    main.o(.text) refers to sram.o(.text) for FSMC_SRAM_Init
    main.o(.text) refers to malloc.o(.text) for mymem_init
    main.o(.text) refers to udp_demo.o(.text) for udp_demo_init
    main.o(.text) refers to lwip_comm.o(.bss) for lwipdev
    main.o(.text) refers to udp_demo.o(.data) for udp_flag
    main.o(.text) refers to main.o(.bss) for LED_TASK_STK
    main.o(.text) refers to usmart_config.o(.data) for usmart_dev
    main.o(.text) refers to lcd.o(.data) for POINT_COLOR
    system_stm32f4xx.o(.text) refers to system_stm32f4xx.o(.data) for SystemCoreClock
    key.o(.text) refers to stm32f4xx_rcc.o(.text) for RCC_AHB1PeriphClockCmd
    key.o(.text) refers to stm32f4xx_gpio.o(.text) for GPIO_Init
    key.o(.text) refers to delay.o(.text) for delay_ms
    key.o(.text) refers to key.o(.data) for key_up
    led.o(.text) refers to stm32f4xx_rcc.o(.text) for RCC_AHB1PeriphClockCmd
    led.o(.text) refers to stm32f4xx_gpio.o(.text) for GPIO_Init
    timer.o(.text) refers to stm32f4xx_rcc.o(.text) for RCC_APB1PeriphClockCmd
    timer.o(.text) refers to stm32f4xx_tim.o(.text) for TIM_TimeBaseInit
    timer.o(.text) refers to misc.o(.text) for NVIC_Init
    lcd.o(.text) refers to _printf_percent.o(.ARM.Collect$$_printf_percent$$00000000) for _printf_percent
    lcd.o(.text) refers to _printf_x.o(.ARM.Collect$$_printf_percent$$0000000C) for _printf_x
    lcd.o(.text) refers to _printf_hex_int.o(.text) for _printf_longlong_hex
    lcd.o(.text) refers to delay.o(.text) for delay_us
    lcd.o(.text) refers to lcd.o(.bss) for lcddev
    lcd.o(.text) refers to lcd.o(.data) for POINT_COLOR
    lcd.o(.text) refers to dflt_clz.o(x$fpl$dfltu) for __aeabi_ui2d
    lcd.o(.text) refers to dmul.o(x$fpl$dmul) for __aeabi_dmul
    lcd.o(.text) refers to dfixu.o(x$fpl$dfixu) for __aeabi_d2uiz
    lcd.o(.text) refers to stm32f4xx_rcc.o(.text) for RCC_AHB1PeriphClockCmd
    lcd.o(.text) refers to stm32f4xx_gpio.o(.text) for GPIO_Init
    lcd.o(.text) refers to stm32f4xx_fsmc.o(.text) for FSMC_NORSRAMInit
    lcd.o(.text) refers to noretval__2printf.o(.text) for __2printf
    lcd.o(.text) refers to lcd.o(.constdata) for asc2_1206
    lan8720.o(.text) refers to stm32f4xx_rcc.o(.text) for RCC_AHB1PeriphClockCmd
    lan8720.o(.text) refers to stm32f4x7_eth.o(.text) for ETH_DeInit
    lan8720.o(.text) refers to misc.o(.text) for NVIC_Init
    lan8720.o(.text) refers to stm32f4xx_syscfg.o(.text) for SYSCFG_ETH_MediaInterfaceConfig
    lan8720.o(.text) refers to stm32f4xx_gpio.o(.text) for GPIO_Init
    lan8720.o(.text) refers to delay.o(.text) for delay_ms
    lan8720.o(.text) refers to lwip_comm.o(.text) for lwip_pkt_handle
    lan8720.o(.text) refers to malloc.o(.text) for myfree
    lan8720.o(.text) refers to stm32f4x7_eth.o(.data) for DMARxDescToGet
    lan8720.o(.text) refers to lan8720.o(.data) for DMARxDscrTab
    sram.o(.text) refers to stm32f4xx_rcc.o(.text) for RCC_AHB1PeriphClockCmd
    sram.o(.text) refers to stm32f4xx_gpio.o(.text) for GPIO_Init
    sram.o(.text) refers to stm32f4xx_fsmc.o(.text) for FSMC_NORSRAMInit
    sensor.o(.text) refers to _printf_percent.o(.ARM.Collect$$_printf_percent$$00000000) for _printf_percent
    sensor.o(.text) refers to _printf_d.o(.ARM.Collect$$_printf_percent$$00000009) for _printf_d
    sensor.o(.text) refers to _printf_dec.o(.text) for _printf_int_dec
    sensor.o(.text) refers to _printf_f.o(.ARM.Collect$$_printf_percent$$00000003) for _printf_f
    sensor.o(.text) refers to printf1.o(x$fpl$printf1) for _printf_fp_dec
    sensor.o(.text) refers to stm32f4xx_rcc.o(.text) for RCC_AHB1PeriphClockCmd
    sensor.o(.text) refers to stm32f4xx_gpio.o(.text) for GPIO_Init
    sensor.o(.text) refers to delay.o(.text) for delay_us
[...]
    icmp_input                               0x0800d4a5   Thumb Code   492  icmp.o(.text)
    icmp_dest_unreach                        0x0800d731   Thumb Code    18  icmp.o(.text)
    icmp_time_exceeded                       0x0800d743   Thumb Code    18  icmp.o(.text)
    inet_chksum_pseudo                       0x0800d927   Thumb Code   170  inet_chksum.o(.text)
    inet_chksum_pseudo_partial               0x0800d9d1   Thumb Code   218  inet_chksum.o(.text)
    inet_chksum                              0x0800daab   Thumb Code    20  inet_chksum.o(.text)
    inet_chksum_pbuf                         0x0800dabf   Thumb Code    86  inet_chksum.o(.text)
    ip_route                                 0x0800db7d   Thumb Code    80  ip.o(.text)
    ip_input                                 0x0800dbcd   Thumb Code   484  ip.o(.text)
    ip_output_if                             0x0800ddb1   Thumb Code   252  ip.o(.text)
    ip_output                                0x0800dead   Thumb Code    84  ip.o(.text)
    ip4_addr_isbroadcast                     0x0800dfad   Thumb Code    78  ip_addr.o(.text)
    ip4_addr_netmask_valid                   0x0800dffb   Thumb Code    56  ip_addr.o(.text)
    ipaddr_aton                              0x0800e033   Thumb Code   364  ip_addr.o(.text)
    ipaddr_addr                              0x0800e19f   Thumb Code    24  ip_addr.o(.text)
    ipaddr_ntoa_r                            0x0800e1b7   Thumb Code   168  ip_addr.o(.text)
    ipaddr_ntoa                              0x0800e25f   Thumb Code    16  ip_addr.o(.text)
    ip_reass_tmr                             0x0800e429   Thumb Code    56  ip_frag.o(.text)
    ip_reass                                 0x0800e865   Thumb Code   410  ip_frag.o(.text)
    ip_frag                                  0x0800ea85   Thumb Code   630  ip_frag.o(.text)
    lwip_htons                               0x0800ed01   Thumb Code    12  def.o(.text)
    lwip_ntohs                               0x0800ed0d   Thumb Code    12  def.o(.text)
    lwip_htonl                               0x0800ed19   Thumb Code    26  def.o(.text)
    lwip_ntohl                               0x0800ed33   Thumb Code    12  def.o(.text)
    dhcp_renew                               0x0800f61d   Thumb Code   150  dhcp.o(.text)
    dhcp_coarse_tmr                          0x0800f7e9   Thumb Code    74  dhcp.o(.text)
    dhcp_release                             0x0800f8e7   Thumb Code   178  dhcp.o(.text)
    dhcp_fine_tmr                            0x0800fb8d   Thumb Code   132  dhcp.o(.text)
    dhcp_set_struct                          0x0800fc81   Thumb Code   106  dhcp.o(.text)
    dhcp_cleanup                             0x0800fceb   Thumb Code    48  dhcp.o(.text)
    dhcp_stop                                0x0800fd1b   Thumb Code   112  dhcp.o(.text)
    dhcp_start                               0x080103e9   Thumb Code   438  dhcp.o(.text)
    dhcp_inform                              0x0801059f   Thumb Code   210  dhcp.o(.text)
    dhcp_network_changed                     0x08010671   Thumb Code    80  dhcp.o(.text)
    dhcp_arp_reply                           0x0801074f   Thumb Code    80  dhcp.o(.text)
    lwip_init                                0x080107ad   Thumb Code    36  init.o(.text)
    memp_get_memorysize                      0x080107d1   Thumb Code     8  memp.o(.text)
    memp_init                                0x080107d9   Thumb Code    86  memp.o(.text)
    memp_malloc                              0x0801082f   Thumb Code   104  memp.o(.text)
    memp_free                                0x08010897   Thumb Code    74  memp.o(.text)
    netif_init                               0x080109a5   Thumb Code     2  netif.o(.text)
    netif_set_gw                             0x080109a7   Thumb Code    16  netif.o(.text)
    netif_set_netmask                        0x080109b7   Thumb Code    16  netif.o(.text)
    netif_set_ipaddr                         0x080109c7   Thumb Code   124  netif.o(.text)
    netif_set_addr                           0x08010a43   Thumb Code    40  netif.o(.text)
    netif_add                                0x08010a6b   Thumb Code   148  netif.o(.text)
    netif_set_default                        0x08010aff   Thumb Code    10  netif.o(.text)
    netif_set_down                           0x08010b09   Thumb Code    42  netif.o(.text)
    netif_remove                             0x08010b33   Thumb Code    94  netif.o(.text)
    netif_find                               0x08010b91   Thumb Code    72  netif.o(.text)
    netif_set_up                             0x08010bd9   Thumb Code    54  netif.o(.text)
    netif_set_link_up                        0x08010c0f   Thumb Code    66  netif.o(.text)
    netif_set_link_down                      0x08010c51   Thumb Code    24  netif.o(.text)
    pbuf_free                                0x08010ce5   Thumb Code   272  pbuf.o(.text)
    pbuf_alloc                               0x08010df5   Thumb Code   652  pbuf.o(.text)
    pbuf_alloced_custom                      0x08011081   Thumb Code   656  pbuf.o(.text)
    pbuf_realloc                             0x08011311   Thumb Code   268  pbuf.o(.text)
    pbuf_header                              0x0801141d   Thumb Code   214  pbuf.o(.text)
    pbuf_clen                                0x080114f3   Thumb Code    18  pbuf.o(.text)
    pbuf_ref                                 0x08011505   Thumb Code    26  pbuf.o(.text)
    pbuf_cat                                 0x0801151f   Thumb Code   138  pbuf.o(.text)
    pbuf_chain                               0x080115a9   Thumb Code    26  pbuf.o(.text)
    pbuf_dechain                             0x080115c3   Thumb Code   132  pbuf.o(.text)
    pbuf_copy                                0x08011647   Thumb Code   790  pbuf.o(.text)
    pbuf_copy_partial                        0x0801195d   Thumb Code   190  pbuf.o(.text)
    pbuf_take                                0x08011a1b   Thumb Code   210  pbuf.o(.text)
    pbuf_coalesce                            0x08011aed   Thumb Code    84  pbuf.o(.text)
    pbuf_get_at                              0x08011b41   Thumb Code    46  pbuf.o(.text)
    pbuf_memcmp                              0x08011b6f   Thumb Code    96  pbuf.o(.text)
    pbuf_memfind                             0x08011bcf   Thumb Code    76  pbuf.o(.text)
    pbuf_strstr                              0x08011c1b   Thumb Code    60  pbuf.o(.text)
    raw_input                                0x08011d85   Thumb Code   102  raw.o(.text)
    raw_bind                                 0x08011deb   Thumb Code    16  raw.o(.text)
    raw_connect                              0x08011dfb   Thumb Code    16  raw.o(.text)
    raw_recv                                 0x08011e0b   Thumb Code     6  raw.o(.text)
    raw_sendto                               0x08011e11   Thumb Code   190  raw.o(.text)
    raw_send                                 0x08011ecf   Thumb Code    18  raw.o(.text)
    raw_remove                               0x08011ee1   Thumb Code    60  raw.o(.text)
    raw_new                                  0x08011f1d   Thumb Code    46  raw.o(.text)
    tcp_init                                 0x08011fd1   Thumb Code     2  tcp.o(.text)
    tcp_seg_free                             0x08011fd3   Thumb Code    26  tcp.o(.text)
    tcp_segs_free                            0x08011fed   Thumb Code    24  tcp.o(.text)
    tcp_pcb_purge                            0x08012005   Thumb Code    88  tcp.o(.text)
    tcp_slowtmr                              0x0801205d   Thumb Code  1436  tcp.o(.text)
    tcp_pcb_remove                           0x080125f9   Thumb Code   192  tcp.o(.text)
    tcp_close                                0x08012885   Thumb Code    28  tcp.o(.text)
    tcp_update_rcv_ann_wnd                   0x080128a1   Thumb Code   106  tcp.o(.text)
    tcp_recved                               0x0801290b   Thumb Code   392  tcp.o(.text)
    tcp_recv_null                            0x08012a93   Thumb Code    46  tcp.o(.text)
    tcp_process_refused_data                 0x08012ac1   Thumb Code   148  tcp.o(.text)
    tcp_fasttmr                              0x08012b55   Thumb Code   114  tcp.o(.text)
    tcp_tmr                                  0x08012bc7   Thumb Code    30  tcp.o(.text)
    tcp_shutdown                             0x08012be5   Thumb Code    98  tcp.o(.text)
    tcp_abandon                              0x08012c47   Thumb Code   168  tcp.o(.text)
    tcp_abort                                0x08012cef   Thumb Code    14  tcp.o(.text)
    tcp_bind                                 0x08012d5d   Thumb Code   170  tcp.o(.text)
    tcp_listen_with_backlog                  0x08012e0f   Thumb Code   420  tcp.o(.text)
    tcp_eff_send_mss                         0x08012fb3   Thumb Code    46  tcp.o(.text)
    tcp_next_iss                             0x08012fe1   Thumb Code    20  tcp.o(.text)
    tcp_connect                              0x08012ff5   Thumb Code   352  tcp.o(.text)
    tcp_setprio                              0x08013155   Thumb Code     4  tcp.o(.text)
    tcp_alloc                                0x080131df   Thumb Code   182  tcp.o(.text)
    tcp_new                                  0x08013295   Thumb Code    10  tcp.o(.text)
    tcp_arg                                  0x0801329f   Thumb Code     4  tcp.o(.text)
    tcp_recv                                 0x080132a3   Thumb Code    42  tcp.o(.text)
    tcp_sent                                 0x080132cd   Thumb Code    42  tcp.o(.text)
    tcp_err                                  0x080132f7   Thumb Code   258  tcp.o(.text)
    tcp_accept                               0x080133f9   Thumb Code     4  tcp.o(.text)
    tcp_poll                                 0x080133fd   Thumb Code    50  tcp.o(.text)
    tcp_debug_state_str                      0x0801342f   Thumb Code    10  tcp.o(.text)
    tcp_input                                0x08014627   Thumb Code  1674  tcp_in.o(.text)
    tcp_enqueue_flags                        0x08014e21   Thumb Code   418  tcp_out.o(.text)
    tcp_send_fin                             0x08014fc3   Thumb Code    74  tcp_out.o(.text)
    tcp_write                                0x080152a7   Thumb Code  1744  tcp_out.o(.text)
    tcp_send_empty_ack                       0x08015977   Thumb Code    86  tcp_out.o(.text)
    tcp_output                               0x08015a9f   Thumb Code   710  tcp_out.o(.text)
    tcp_rst                                  0x08015d65   Thumb Code   162  tcp_out.o(.text)
    tcp_rexmit_rto                           0x08015e07   Thumb Code    58  tcp_out.o(.text)
    tcp_rexmit                               0x08015e41   Thumb Code    90  tcp_out.o(.text)
    tcp_rexmit_fast                          0x08015e9b   Thumb Code   120  tcp_out.o(.text)
    tcp_keepalive                            0x08015f13   Thumb Code    84  tcp_out.o(.text)
    tcp_zero_window_probe                    0x08015f67   Thumb Code   180  tcp_out.o(.text)
    sys_timeout                              0x0801601d   Thumb Code   174  timers.o(.text)
    tcp_timer_needed                         0x080160f3   Thumb Code    38  timers.o(.text)
    sys_timeouts_init                        0x08016181   Thumb Code    52  timers.o(.text)
    sys_untimeout                            0x080161b5   Thumb Code    90  timers.o(.text)
    sys_timeouts_mbox_fetch                  0x0801620f   Thumb Code   132  timers.o(.text)
    udp_init                                 0x0801634d   Thumb Code     2  udp.o(.text)
    udp_input                                0x0801639f   Thumb Code   512  udp.o(.text)
    udp_bind                                 0x0801659f   Thumb Code   170  udp.o(.text)
    udp_sendto_if                            0x08016649   Thumb Code   460  udp.o(.text)
    udp_sendto                               0x08016815   Thumb Code    54  udp.o(.text)
    udp_send                                 0x0801684b   Thumb Code    20  udp.o(.text)
    udp_connect                              0x0801685f   Thumb Code    98  udp.o(.text)
    udp_disconnect                           0x080168c1   Thumb Code    16  udp.o(.text)
    udp_recv                                 0x080168d1   Thumb Code     6  udp.o(.text)
    udp_remove                               0x080168d7   Thumb Code    60  udp.o(.text)
    udp_new                                  0x08016913   Thumb Code    28  udp.o(.text)
    mem_init                                 0x08016a0f   Thumb Code   114  mem.o(.text)
    mem_free                                 0x08016a81   Thumb Code   182  mem.o(.text)
    mem_trim                                 0x08016b37   Thumb Code   338  mem.o(.text)
    mem_malloc                               0x08016c89   Thumb Code   796  mem.o(.text)
    mem_calloc                               0x08016fa5   Thumb Code    34  mem.o(.text)
    sys_mbox_new                             0x08017079   Thumb Code   108  sys_arch.o(.text)
    sys_mbox_free                            0x080170e5   Thumb Code    56  sys_arch.o(.text)
    sys_mbox_post                            0x0801711d   Thumb Code    28  sys_arch.o(.text)
    sys_mbox_trypost                         0x08017139   Thumb Code    32  sys_arch.o(.text)
    sys_arch_mbox_fetch                      0x08017159   Thumb Code   154  sys_arch.o(.text)
    sys_arch_mbox_tryfetch                   0x080171f3   Thumb Code    18  sys_arch.o(.text)
    sys_mbox_valid                           0x08017205   Thumb Code    56  sys_arch.o(.text)
    sys_mbox_set_invalid                     0x0801723d   Thumb Code     6  sys_arch.o(.text)
    sys_sem_new                              0x08017243   Thumb Code    62  sys_arch.o(.text)
    sys_arch_sem_wait                        0x08017281   Thumb Code    96  sys_arch.o(.text)
    sys_sem_signal                           0x080172e1   Thumb Code    12  sys_arch.o(.text)
    sys_sem_free                             0x080172ed   Thumb Code    52  sys_arch.o(.text)
    sys_sem_valid                            0x08017321   Thumb Code    22  sys_arch.o(.text)
    sys_sem_set_invalid                      0x08017337   Thumb Code     6  sys_arch.o(.text)
    sys_init                                 0x0801733d   Thumb Code     2  sys_arch.o(.text)
    sys_thread_new                           0x0801733f   Thumb Code    66  sys_arch.o(.text)
    sys_msleep                               0x08017381   Thumb Code    12  sys_arch.o(.text)
    sys_now                                  0x0801738d   Thumb Code    26  sys_arch.o(.text)
    netconn_new_with_proto_and_callback      0x0801744d   Thumb Code   194  api_lib.o(.text)
    netconn_delete                           0x0801750f   Thumb Code    36  api_lib.o(.text)
    netconn_getaddr                          0x08017533   Thumb Code   160  api_lib.o(.text)
    netconn_bind                             0x080175d3   Thumb Code    98  api_lib.o(.text)
    netconn_connect                          0x08017635   Thumb Code    98  api_lib.o(.text)
    netconn_disconnect                       0x08017697   Thumb Code    84  api_lib.o(.text)
    netconn_listen_with_backlog              0x080176eb   Thumb Code    86  api_lib.o(.text)
    netconn_accept                           0x08017741   Thumb Code   808  api_lib.o(.text)
    netconn_recv_tcp_pbuf                    0x08017bdf   Thumb Code    56  api_lib.o(.text)
    netconn_recv                             0x08017c17   Thumb Code   270  api_lib.o(.text)
    netconn_recved                           0x08017d25   Thumb Code    46  api_lib.o(.text)
    netconn_send                             0x08017d53   Thumb Code    98  api_lib.o(.text)
    netconn_sendto                           0x08017db5   Thumb Code    44  api_lib.o(.text)
    netconn_write_partly                     0x08017de1   Thumb Code   434  api_lib.o(.text)
    netconn_close                            0x08017ff3   Thumb Code    14  api_lib.o(.text)
    netconn_shutdown                         0x08018001   Thumb Code    36  api_lib.o(.text)
    netconn_free                             0x08018a23   Thumb Code   330  api_msg.o(.text)
    netconn_alloc                            0x08018b6d   Thumb Code   174  api_msg.o(.text)
    do_newconn                               0x08018d7d   Thumb Code    32  api_msg.o(.text)
    do_delconn                               0x08018e69   Thumb Code   636  api_msg.o(.text)
    do_bind                                  0x080190e5   Thumb Code   116  api_msg.o(.text)
    do_connect                               0x0801922d   Thumb Code   230  api_msg.o(.text)
    do_disconnect                            0x08019313   Thumb Code    46  api_msg.o(.text)
    do_listen                                0x08019341   Thumb Code   388  api_msg.o(.text)
    do_send                                  0x080194c5   Thumb Code   166  api_msg.o(.text)
    do_recv                                  0x0801956b   Thumb Code    72  api_msg.o(.text)
    do_write                                 0x080195b3   Thumb Code   166  api_msg.o(.text)
    do_getaddr                               0x08019659   Thumb Code   198  api_msg.o(.text)
    do_close                                 0x0801971f   Thumb Code   184  api_msg.o(.text)
    netbuf_new                               0x08019809   Thumb Code    30  netbuf.o(.text)
    netbuf_delete                            0x08019827   Thumb Code    32  netbuf.o(.text)
    netbuf_alloc                             0x08019847   Thumb Code   102  netbuf.o(.text)
    netbuf_free                              0x080198ad   Thumb Code    48  netbuf.o(.text)
    netbuf_ref                               0x080198dd   Thumb Code    92  netbuf.o(.text)
    netbuf_chain                             0x08019939   Thumb Code    78  netbuf.o(.text)
    netbuf_data                              0x08019987   Thumb Code   122  netbuf.o(.text)
    netbuf_next                              0x08019a01   Thumb Code    64  netbuf.o(.text)
    netbuf_first                             0x08019a41   Thumb Code    36  netbuf.o(.text)
    lwip_socket_init                         0x08019bb9   Thumb Code     2  sockets.o(.text)
    lwip_accept                              0x08019e65   Thumb Code   668  sockets.o(.text)
    lwip_bind                                0x0801a101   Thumb Code   186  sockets.o(.text)
    lwip_close                               0x0801a1bb   Thumb Code    94  sockets.o(.text)
    lwip_connect                             0x0801a219   Thumb Code   206  sockets.o(.text)
    lwip_listen                              0x0801a2e7   Thumb Code   136  sockets.o(.text)
    lwip_recvfrom                            0x0801a36f   Thumb Code   816  sockets.o(.text)
    lwip_read                                0x0801a69f   Thumb Code    28  sockets.o(.text)
    lwip_recv                                0x0801a6bb   Thumb Code    34  sockets.o(.text)
    lwip_sendto                              0x0801a6dd   Thumb Code   278  sockets.o(.text)
    lwip_send                                0x0801a7f3   Thumb Code   156  sockets.o(.text)
    lwip_socket                              0x0801a88f   Thumb Code   296  sockets.o(.text)
    lwip_write                               0x0801a9b7   Thumb Code    22  sockets.o(.text)
    lwip_select                              0x0801ab49   Thumb Code   868  sockets.o(.text)
    lwip_shutdown                            0x0801aead   Thumb Code   298  sockets.o(.text)
    lwip_getpeername                         0x0801b059   Thumb Code    22  sockets.o(.text)
    lwip_getsockname                         0x0801b06f   Thumb Code    22  sockets.o(.text)
    lwip_getsockopt                          0x0801b281   Thumb Code   410  sockets.o(.text)
    lwip_setsockopt                          0x0801b5d1   Thumb Code   318  sockets.o(.text)
    lwip_ioctl                               0x0801b70f   Thumb Code   116  sockets.o(.text)
    lwip_fcntl                               0x0801b783   Thumb Code   142  sockets.o(.text)
    tcpip_input                              0x0801b8f7   Thumb Code    72  tcpip.o(.text)
    tcpip_callback_with_block                0x0801b93f   Thumb Code    90  tcpip.o(.text)
    tcpip_timeout                            0x0801b999   Thumb Code    64  tcpip.o(.text)
    tcpip_untimeout                          0x0801b9d9   Thumb Code    56  tcpip.o(.text)
    tcpip_apimsg                             0x0801ba11   Thumb Code    60  tcpip.o(.text)
    tcpip_callbackmsg_new                    0x0801ba4d   Thumb Code    32  tcpip.o(.text)
    tcpip_callbackmsg_delete                 0x0801ba6d   Thumb Code    14  tcpip.o(.text)
    tcpip_trycallback                        0x0801ba7b   Thumb Code    28  tcpip.o(.text)
    tcpip_init                               0x0801ba97   Thumb Code    72  tcpip.o(.text)
    pbuf_free_callback                       0x0801baed   Thumb Code    16  tcpip.o(.text)
    mem_free_callback                        0x0801bafd   Thumb Code    16  tcpip.o(.text)
    OS_StrLen                                0x0801bbc9   Thumb Code    20  os_core.o(.text)
    OSEventNameGet                           0x0801bbdd   Thumb Code    98  os_core.o(.text)
    OSEventNameSet                           0x0801bc3f   Thumb Code    84  os_core.o(.text)
    OS_TaskStatStkChk                        0x0801bc93   Thumb Code    54  os_core.o(.text)
    OS_TaskStat                              0x0801bcc9   Thumb Code   116  os_core.o(.text)
    OS_TaskIdle                              0x0801bd71   Thumb Code    34  os_core.o(.text)
    OS_MemClr                                0x0801bdc7   Thumb Code    18  os_core.o(.text)
    OSInit                                   0x0801beed   Thumb Code    52  os_core.o(.text)
    OSIntEnter                               0x0801bf21   Thumb Code    28  os_core.o(.text)
    OSIntExit                                0x0801bf57   Thumb Code   262  os_core.o(.text)
    OSSchedLock                              0x0801c05d   Thumb Code    50  os_core.o(.text)
    OS_Sched                                 0x0801c08f   Thumb Code    88  os_core.o(.text)
    OSSchedUnlock                            0x0801c0e7   Thumb Code    82  os_core.o(.text)
    OSStart                                  0x0801c139   Thumb Code    48  os_core.o(.text)
    OSStatInit                               0x0801c169   Thumb Code    62  os_core.o(.text)
    OSTimeTick                               0x0801c1a7   Thumb Code   210  os_core.o(.text)
    OSVersion                                0x0801c279   Thumb Code     6  os_core.o(.text)
    OS_Dummy                                 0x0801c27f   Thumb Code     2  os_core.o(.text)
    OS_EventTaskRemove                       0x0801c281   Thumb Code    42  os_core.o(.text)
    OS_EventTaskRdy                          0x0801c2ab   Thumb Code   114  os_core.o(.text)
    OS_EventTaskWait                         0x0801c31d   Thumb Code   112  os_core.o(.text)
    OS_EventWaitListInit                     0x0801c38d   Thumb Code    28  os_core.o(.text)
    OS_MemCopy                               0x0801c3a9   Thumb Code    20  os_core.o(.text)
    OS_TCBInit                               0x0801c3bd   Thumb Code   360  os_core.o(.text)
    OSFlagAccept                             0x0801c539   Thumb Code   252  os_flag.o(.text)
    OSFlagCreate                             0x0801c635   Thumb Code    86  os_flag.o(.text)
    OS_FlagUnlink                            0x0801c68b   Thumb Code    36  os_flag.o(.text)
    OSFlagDel                                0x0801c701   Thumb Code   214  os_flag.o(.text)
    OSFlagNameGet                            0x0801c7d7   Thumb Code    80  os_flag.o(.text)
    OSFlagNameSet                            0x0801c827   Thumb Code    66  os_flag.o(.text)
    OSFlagPend                               0x0801c901   Thumb Code   614  os_flag.o(.text)
    OSFlagPendGetFlagsRdy                    0x0801cb67   Thumb Code    26  os_flag.o(.text)
    OSFlagPost                               0x0801cb81   Thumb Code   312  os_flag.o(.text)
    OSFlagQuery                              0x0801ccb9   Thumb Code    48  os_flag.o(.text)
    OS_FlagInit                              0x0801cce9   Thumb Code    78  os_flag.o(.text)
    OSMemCreate                              0x0801cd45   Thumb Code   118  os_mem.o(.text)
    OSMemGet                                 0x0801cdbb   Thumb Code    62  os_mem.o(.text)
    OSMemNameGet                             0x0801cdf9   Thumb Code    60  os_mem.o(.text)
    OSMemNameSet                             0x0801ce35   Thumb Code    48  os_mem.o(.text)
    OSMemPut                                 0x0801ce65   Thumb Code    54  os_mem.o(.text)
    OSMemQuery                               0x0801ce9b   Thumb Code    52  os_mem.o(.text)
    OS_MemInit                               0x0801cecf   Thumb Code    74  os_mem.o(.text)
    OSQAccept                                0x0801cf29   Thumb Code    88  os_q.o(.text)
    OSQCreate                                0x0801cf81   Thumb Code   144  os_q.o(.text)
    OSQDel                                   0x0801d011   Thumb Code   244  os_q.o(.text)
    OSQFlush                                 0x0801d105   Thumb Code    36  os_q.o(.text)
    OSQPend                                  0x0801d129   Thumb Code   272  os_q.o(.text)
    OSQPendAbort                             0x0801d239   Thumb Code   128  os_q.o(.text)
    OSQPost                                  0x0801d2b9   Thumb Code   114  os_q.o(.text)
    OSQPostFront                             0x0801d32b   Thumb Code   140  os_q.o(.text)
    OSQPostOpt                               0x0801d3b7   Thumb Code   182  os_q.o(.text)
    OSQQuery                                 0x0801d46d   Thumb Code    98  os_q.o(.text)
    OS_QInit                                 0x0801d4cf   Thumb Code    72  os_q.o(.text)
    OSSemAccept                              0x0801d521   Thumb Code    42  os_sem.o(.text)
    OSSemCreate                              0x0801d54b   Thumb Code    72  os_sem.o(.text)
    OSSemDel                                 0x0801d593   Thumb Code   230  os_sem.o(.text)
    OSSemPend                                0x0801d679   Thumb Code   222  os_sem.o(.text)
    OSSemPendAbort                           0x0801d757   Thumb Code   128  os_sem.o(.text)
    OSSemPost                                0x0801d7d7   Thumb Code    88  os_sem.o(.text)
    OSSemQuery                               0x0801d82f   Thumb Code    76  os_sem.o(.text)
    OSSemSet                                 0x0801d87b   Thumb Code    66  os_sem.o(.text)
    OSTaskChangePrio                         0x0801d8fd   Thumb Code   308  os_task.o(.text)
    OSTaskCreate                             0x0801da31   Thumb Code   148  os_task.o(.text)
    OS_TaskStkClr                            0x0801dac5   Thumb Code    26  os_task.o(.text)
    OSTaskCreateExt                          0x0801dadf   Thumb Code   170  os_task.o(.text)
    OSTaskDel                                0x0801db89   Thumb Code   294  os_task.o(.text)
    OSTaskDelReq                             0x0801dcaf   Thumb Code   144  os_task.o(.text)
    OSTaskNameGet                            0x0801dd3f   Thumb Code   114  os_task.o(.text)
    OSTaskNameSet                            0x0801ddb1   Thumb Code    98  os_task.o(.text)
    OSTaskResume                             0x0801de13   Thumb Code   154  os_task.o(.text)
    OSTaskStkChk                             0x0801dead   Thumb Code   132  os_task.o(.text)
    OSTaskSuspend                            0x0801df31   Thumb Code   152  os_task.o(.text)
    OSTaskQuery                              0x0801dfc9   Thumb Code    82  os_task.o(.text)
    OSTaskRegGet                             0x0801e01b   Thumb Code    60  os_task.o(.text)
    OSTaskRegSet                             0x0801e057   Thumb Code    62  os_task.o(.text)
    OS_TaskReturn                            0x0801e095   Thumb Code    18  os_task.o(.text)
    OSTimeDly                                0x0801e0c1   Thumb Code   100  os_time.o(.text)
    OSTimeDlyHMSM                            0x0801e125   Thumb Code    86  os_time.o(.text)
    OSTimeDlyResume                          0x0801e17b   Thumb Code   168  os_time.o(.text)
    OSTimeGet                                0x0801e223   Thumb Code    24  os_time.o(.text)
    OSTimeSet                                0x0801e23b   Thumb Code    24  os_time.o(.text)
    OSTmrCreate                              0x0801e2a3   Thumb Code    96  os_tmr.o(.text)
    OSTmrDel                                 0x0801e37b   Thumb Code   124  os_tmr.o(.text)
    OSTmrNameGet                             0x0801e3f7   Thumb Code   114  os_tmr.o(.text)
    OSTmrRemainGet                           0x0801e469   Thumb Code   164  os_tmr.o(.text)
    OSTmrStateGet                            0x0801e50d   Thumb Code    86  os_tmr.o(.text)
    OSTmrStart                               0x0801e5c7   Thumb Code   128  os_tmr.o(.text)
    OSTmrStop                                0x0801e647   Thumb Code   210  os_tmr.o(.text)
    OSTmrSignal                              0x0801e719   Thumb Code    16  os_tmr.o(.text)
    OSTmr_Init                               0x0801e7cd   Thumb Code   172  os_tmr.o(.text)
    OSInitHookBegin                          0x0801e8e1   Thumb Code     8  os_cpu_c.o(.text)
    OSInitHookEnd                            0x0801e8e9   Thumb Code     2  os_cpu_c.o(.text)
    OSTaskCreateHook                         0x0801e8eb   Thumb Code     2  os_cpu_c.o(.text)
    OSTaskDelHook                            0x0801e8ed   Thumb Code     2  os_cpu_c.o(.text)
    OSTaskIdleHook                           0x0801e8ef   Thumb Code     2  os_cpu_c.o(.text)
    OSTaskStatHook                           0x0801e8f1   Thumb Code     2  os_cpu_c.o(.text)
    OSTaskStkInit                            0x0801e8f3   Thumb Code   426  os_cpu_c.o(.text)
    OSTaskSwHook                             0x0801ea9d   Thumb Code     2  os_cpu_c.o(.text)
    OSTCBInitHook                            0x0801ea9f   Thumb Code     2  os_cpu_c.o(.text)
    OSTimeTickHook                           0x0801eaa1   Thumb Code    30  os_cpu_c.o(.text)
    OSTaskReturnHook                         0x0801eabf   Thumb Code     2  os_cpu_c.o(.text)
    OS_CPU_SR_Save                           0x0801eac9   Thumb Code     0  os_cpu_a.o(.text)
    OS_CPU_SR_Restore                        0x0801ead1   Thumb Code     0  os_cpu_a.o(.text)
    OSStartHighRdy                           0x0801ead7   Thumb Code     0  os_cpu_a.o(.text)
    OSCtxSw                                  0x0801eafb   Thumb Code     0  os_cpu_a.o(.text)
    OSIntCtxSw                               0x0801eb09   Thumb Code     0  os_cpu_a.o(.text)
    PendSV_Handler                           0x0801eb19   Thumb Code     0  os_cpu_a.o(.text)
    mymemcpy                                 0x0801eb91   Thumb Code    26  malloc.o(.text)
    mymemset                                 0x0801ebab   Thumb Code    20  malloc.o(.text)
    mymem_init                               0x0801ebbf   Thumb Code    54  malloc.o(.text)
    mem_perused                              0x0801ebf5   Thumb Code    54  malloc.o(.text)
    mymem_malloc                             0x0801ec2b   Thumb Code   162  malloc.o(.text)
    mymem_free                               0x0801eccd   Thumb Code    94  malloc.o(.text)
    myfree                                   0x0801ed2b   Thumb Code    32  malloc.o(.text)
    mymalloc                                 0x0801ed4b   Thumb Code    36  malloc.o(.text)
    myrealloc                                0x0801ed6f   Thumb Code    68  malloc.o(.text)
    __use_no_semihosting                     0x0801edc5   Thumb Code     2  use_no_semi_2.o(.text)
    __rt_ctype_table                         0x0801edc9   Thumb Code    16  rt_ctype_table.o(.text)
    __2printf                                0x0801edd9   Thumb Code    20  noretval__2printf.o(.text)
    __2sprintf                               0x0801edf1   Thumb Code    34  noretval__2sprintf.o(.text)
    _printf_pre_padding                      0x0801ee19   Thumb Code    44  _printf_pad.o(.text)
    _printf_post_padding                     0x0801ee45   Thumb Code    34  _printf_pad.o(.text)
    _printf_str                              0x0801ee67   Thumb Code    82  _printf_str.o(.text)
    _printf_int_dec                          0x0801eeb9   Thumb Code   104  _printf_dec.o(.text)
    _printf_int_hex                          0x0801ef31   Thumb Code    84  _printf_hex_int.o(.text)
    _printf_longlong_hex                     0x0801ef31   Thumb Code     0  _printf_hex_int.o(.text)
    __printf                                 0x0801ef89   Thumb Code   388  __printf_flags_ss_wp.o(.text)
    memcmp                                   0x0801f111   Thumb Code    88  memcmp.o(.text)
    strlen                                   0x0801f169   Thumb Code    62  strlen.o(.text)
    __aeabi_memcpy                           0x0801f1a7   Thumb Code     0  rt_memcpy_v6.o(.text)
    __rt_memcpy                              0x0801f1a7   Thumb Code   138  rt_memcpy_v6.o(.text)
    _memcpy_lastbytes                        0x0801f20d   Thumb Code     0  rt_memcpy_v6.o(.text)
    __aeabi_memclr                           0x0801f231   Thumb Code     0  rt_memclr.o(.text)
    __rt_memclr                              0x0801f231   Thumb Code    68  rt_memclr.o(.text)
    _memset                                  0x0801f235   Thumb Code     0  rt_memclr.o(.text)
    __aeabi_memclr4                          0x0801f275   Thumb Code     0  rt_memclr_w.o(.text)
    __aeabi_memclr8                          0x0801f275   Thumb Code     0  rt_memclr_w.o(.text)
    __rt_memclr_w                            0x0801f275   Thumb Code    78  rt_memclr_w.o(.text)
    _memset_w                                0x0801f279   Thumb Code     0  rt_memclr_w.o(.text)
    strcmp                                   0x0801f2c5   Thumb Code   128  strcmpv7m.o(.text)
    __use_two_region_memory                  0x0801f345   Thumb Code     2  heapauxi.o(.text)
    __rt_heap_escrow$2region                 0x0801f347   Thumb Code     2  heapauxi.o(.text)
    __rt_heap_expand$2region                 0x0801f349   Thumb Code     2  heapauxi.o(.text)
    __I$use$semihosting                      0x0801f34b   Thumb Code     0  use_no_semi.o(.text)
    __use_no_semihosting_swi                 0x0801f34b   Thumb Code     2  use_no_semi.o(.text)
    __rt_locale                              0x0801f34d   Thumb Code     8  rt_locale_intlibspace.o(.text)
    _printf_int_common                       0x0801f355   Thumb Code   178  _printf_intcommon.o(.text)
    __lib_sel_fp_printf                      0x0801f407   Thumb Code     2  _printf_fp_dec.o(.text)
    _printf_fp_dec_real                      0x0801f5b5   Thumb Code   620  _printf_fp_dec.o(.text)
    _printf_char_common                      0x0801f82b   Thumb Code    32  _printf_char_common.o(.text)
    _sputc                                   0x0801f851   Thumb Code    10  _sputc.o(.text)
    _printf_cs_common                        0x0801f85b   Thumb Code    20  _printf_char.o(.text)
    _printf_char                             0x0801f86f   Thumb Code    16  _printf_char.o(.text)
    _printf_string                           0x0801f87f   Thumb Code     8  _printf_char.o(.text)
    _printf_char_file                        0x0801f889   Thumb Code    32  _printf_char_file.o(.text)
    __aeabi_memcpy4                          0x0801f8ad   Thumb Code     0  rt_memcpy_w.o(.text)
    __aeabi_memcpy8                          0x0801f8ad   Thumb Code     0  rt_memcpy_w.o(.text)
    __rt_memcpy_w                            0x0801f8ad   Thumb Code   100  rt_memcpy_w.o(.text)
    _memcpy_lastbytes_aligned                0x0801f8f5   Thumb Code     0  rt_memcpy_w.o(.text)
    __user_libspace                          0x0801f911   Thumb Code     8  libspace.o(.text)
    __user_perproc_libspace                  0x0801f911   Thumb Code     0  libspace.o(.text)
    __user_perthread_libspace                0x0801f911   Thumb Code     0  libspace.o(.text)
    _ll_udiv10                               0x0801f919   Thumb Code   138  lludiv10.o(.text)
    _printf_fp_infnan                        0x0801f9a5   Thumb Code   112  _printf_fp_infnan.o(.text)
    _btod_etento                             0x0801fa25   Thumb Code   216  bigflt0.o(.text)
    ferror                                   0x0801fb01   Thumb Code     8  ferror.o(.text)
    __user_setup_stackheap                   0x0801fb09   Thumb Code    74  sys_stackheap_outer.o(.text)
    exit                                     0x0801fb53   Thumb Code    12  exit.o(.text)
    _btod_d2e                                0x0801fb5f   Thumb Code    62  btod.o(CL$$btod_d2e)
    _d2e_denorm_low                          0x0801fb9d   Thumb Code    70  btod.o(CL$$btod_d2e_denorm_low)
    _d2e_norm_op1                            0x0801fbe3   Thumb Code    96  btod.o(CL$$btod_d2e_norm_op1)
    __btod_div_common                        0x0801fc43   Thumb Code   696  btod.o(CL$$btod_div_common)
    _e2e                                     0x0801ff7b   Thumb Code   198  btod.o(CL$$btod_e2e)
    _btod_ediv                               0x08020041   Thumb Code    40  btod.o(CL$$btod_ediv)
    _btod_emul                               0x08020069   Thumb Code    40  btod.o(CL$$btod_emul)
    __btod_mult_common                       0x08020091   Thumb Code   580  btod.o(CL$$btod_mult_common)
    __ARM_fpclassify                         0x080202d5   Thumb Code    48  fpclassify.o(i.__ARM_fpclassify)
    __hardfp_fabs                            0x08020305   Thumb Code    20  fabs.o(i.__hardfp_fabs)
    _is_digit                                0x08020319   Thumb Code    14  __printf_wp.o(i._is_digit)
    _get_lc_ctype                            0x08020329   Thumb Code    44  lc_ctype_c.o(locale$$code)
    _get_lc_numeric                          0x08020355   Thumb Code    44  lc_numeric_c.o(locale$$code)
    __aeabi_d2f                              0x08020381   Thumb Code     0  d2f.o(x$fpl$d2f)
    _d2f                                     0x08020381   Thumb Code    98  d2f.o(x$fpl$d2f)
    __fpl_dcmp_Inf                           0x080203e3   Thumb Code    24  dcmpi.o(x$fpl$dcmpinf)
    __aeabi_ddiv                             0x080203fd   Thumb Code     0  ddiv.o(x$fpl$ddiv)
    _ddiv                                    0x080203fd   Thumb Code   552  ddiv.o(x$fpl$ddiv)
    __aeabi_cdcmpeq                          0x080206ad   Thumb Code     0  deqf.o(x$fpl$deqf)
    _dcmpeq                                  0x080206ad   Thumb Code   120  deqf.o(x$fpl$deqf)
    __aeabi_d2uiz                            0x08020725   Thumb Code     0  dfixu.o(x$fpl$dfixu)
    _dfixu                                   0x08020725   Thumb Code    90  dfixu.o(x$fpl$dfixu)
    __aeabi_i2d                              0x0802077f   Thumb Code     0  dflt_clz.o(x$fpl$dflt)
    _dflt                                    0x0802077f   Thumb Code    46  dflt_clz.o(x$fpl$dflt)
    __aeabi_ui2d                             0x080207ad   Thumb Code     0  dflt_clz.o(x$fpl$dfltu)
    _dfltu                                   0x080207ad   Thumb Code    38  dflt_clz.o(x$fpl$dfltu)
    __aeabi_cdcmple                          0x080207d5   Thumb Code     0  dleqf.o(x$fpl$dleqf)
    _dcmple                                  0x080207d5   Thumb Code   120  dleqf.o(x$fpl$dleqf)
    __fpl_dcmple_InfNaN                      0x08020837   Thumb Code     0  dleqf.o(x$fpl$dleqf)
    __aeabi_dmul                             0x0802084d   Thumb Code     0  dmul.o(x$fpl$dmul)
    _dmul                                    0x0802084d   Thumb Code   332  dmul.o(x$fpl$dmul)
    __fpl_dnaninf                            0x080209a1   Thumb Code   156  dnaninf.o(x$fpl$dnaninf)
    __fpl_dretinf                            0x08020a3d   Thumb Code    12  dretinf.o(x$fpl$dretinf)
    __aeabi_f2d                              0x08020a49   Thumb Code     0  f2d.o(x$fpl$f2d)
    _f2d                                     0x08020a49   Thumb Code    86  f2d.o(x$fpl$f2d)
    __fpl_fnaninf                            0x08020a9f   Thumb Code   140  fnaninf.o(x$fpl$fnaninf)
    _fp_init                                 0x08020b2b   Thumb Code    10  fpinit.o(x$fpl$fpinit)
    __fplib_config_fpu_vfp                   0x08020b33   Thumb Code     0  fpinit.o(x$fpl$fpinit)
    __fplib_config_pureend_doubles           0x08020b33   Thumb Code     0  fpinit.o(x$fpl$fpinit)
    __fpl_fretinf                            0x08020b35   Thumb Code    10  fretinf.o(x$fpl$fretinf)
    _printf_fp_dec                           0x08020b3f   Thumb Code     4  printf1.o(x$fpl$printf1)
    __I$use$fp                               0x08020b42   Number         0  usenofp.o(x$fpl$usenofp)
    asc2_1206                                0x08020b42   Data        1140  lcd.o(.constdata)
    asc2_1608                                0x08020fb6   Data        1520  lcd.o(.constdata)
    asc2_2412                                0x080215a6   Data        3420  lcd.o(.constdata)
    FSMC_DefaultTimingStruct                 0x08022304   Data          28  stm32f4xx_fsmc.o(.constdata)
    ethbroadcast                             0x08022320   Data           6  etharp.o(.constdata)
    ethzero                                  0x08022326   Data           6  etharp.o(.constdata)
    ip_addr_any                              0x0802232c   Data           4  ip_addr.o(.constdata)
    ip_addr_broadcast                        0x08022330   Data           4  ip_addr.o(.constdata)
    tcp_state_str                            0x0802236c   Data          44  tcp.o(.constdata)
    tcp_backoff                              0x08022398   Data          13  tcp.o(.constdata)
    tcp_persist_backoff                      0x080223a5   Data           7  tcp.o(.constdata)
    tcp_pcb_lists                            0x080223ac   Data          16  tcp.o(.constdata)
    pvNullPointer                            0x080223bc   Data           4  sys_arch.o(.constdata)
    OSUnMapTbl                               0x08022400   Data         256  os_core.o(.constdata)
    memtblsize                               0x08022500   Data          12  malloc.o(.constdata)
    memblksize                               0x0802250c   Data          12  malloc.o(.constdata)
    memsize                                  0x08022518   Data          12  malloc.o(.constdata)
    Region$$Table$$Base                      0x08022a54   Number         0  anon$$obj.o(Region$$Table)
    Region$$Table$$Limit                     0x08022a74   Number         0  anon$$obj.o(Region$$Table)
    __ctype                                  0x08022a81   Data           0  lc_ctype_c.o(locale$$data)
    mem3base                                 0x10000000   Data       61440  malloc.o(.ARM.__AT_0x10000000)
    mem3mapbase                              0x1000f000   Data        3840  malloc.o(.ARM.__AT_0x1000F000)
    SystemCoreClock                          0x20000000   Data           4  system_stm32f4xx.o(.data)
    AHBPrescTable                            0x20000004   Data          16  system_stm32f4xx.o(.data)
    POINT_COLOR                              0x20000016   Data           2  lcd.o(.data)
    BACK_COLOR                               0x20000018   Data           2  lcd.o(.data)
    DMARxDscrTab                             0x2000001c   Data           4  lan8720.o(.data)
    DMATxDscrTab                             0x20000020   Data           4  lan8720.o(.data)
    Rx_Buff                                  0x20000024   Data           4  lan8720.o(.data)
    Tx_Buff                                  0x20000028   Data           4  lan8720.o(.data)
    ADDR                                     0x2000002c   Data           1  sensor.o(.data)
    ZF_flag                                  0x2000002d   Data           6  sensor.o(.data)
    xun                                      0x20000033   Data           1  sensor.o(.data)
    Rx_Buffer                                0x20000034   Data           6  sensor.o(.data)
    Rx_Cnt                                   0x2000003a   Data           1  sensor.o(.data)
    Rx_Cmd                                   0x2000003b   Data           1  sensor.o(.data)
    Rx_Num                                   0x2000003c   Data           1  sensor.o(.data)
    Rx_Flag                                  0x2000003d   Data           1  sensor.o(.data)
    DMATxDescToSet                           0x20000050   Data           4  stm32f4x7_eth.o(.data)
    DMARxDescToGet                           0x20000054   Data           4  stm32f4x7_eth.o(.data)
    DMA_RX_FRAME_infos                       0x20000058   Data           4  stm32f4x7_eth.o(.data)
    Frame_Rx_index                           0x2000005c   Data           4  stm32f4x7_eth.o(.data)
    __stdout                                 0x20000064   Data           4  usart.o(.data)
    USART_RX_STA                             0x20000068   Data           2  usart.o(.data)
    sys_cmd_tab                              0x2000006c   Data          28  usmart.o(.data)
    usmart_nametab                           0x20000088   Data          72  usmart_config.o(.data)
    usmart_dev                               0x200000d0   Data         244  usmart_config.o(.data)
    TCPIP_THREAD_TASK_STK                    0x200001c4   Data           4  lwip_comm.o(.data)
    LWIP_DHCP_TASK_STK                       0x200001c8   Data           4  lwip_comm.o(.data)
    udp_demo_sendbuf                         0x200001cc   Data           4  udp_demo.o(.data)
    udp_flag                                 0x200001d0   Data           1  udp_demo.o(.data)
    test                                     0x200001d4   Data          72  udp_demo.o(.data)
    current_netif                            0x2000022c   Data           4  ip.o(.data)
    current_header                           0x20000230   Data           4  ip.o(.data)
    current_iphdr_src                        0x20000234   Data           4  ip.o(.data)
    current_iphdr_dest                       0x20000238   Data           4  ip.o(.data)
    memp_memory                              0x20000284   Data           4  memp.o(.data)
    netif_list                               0x20000288   Data           4  netif.o(.data)
    netif_default                            0x2000028c   Data           4  netif.o(.data)
    tcp_ticks                                0x2000029c   Data           4  tcp.o(.data)
    tcp_bound_pcbs                           0x200002a0   Data           4  tcp.o(.data)
    tcp_listen_pcbs                          0x200002a4   Data           4  tcp.o(.data)
    tcp_active_pcbs                          0x200002a8   Data           4  tcp.o(.data)
    tcp_tw_pcbs                              0x200002ac   Data           4  tcp.o(.data)
    tcp_tmp_pcb                              0x200002b0   Data           4  tcp.o(.data)
    tcp_active_pcbs_changed                  0x200002b4   Data           1  tcp.o(.data)
    tcp_input_pcb                            0x200002d8   Data           4  tcp_in.o(.data)
    udp_pcbs                                 0x200002e8   Data           4  udp.o(.data)
    ram_heap                                 0x200002ec   Data           4  mem.o(.data)
    OSCtxSwCtr                               0x20000314   Data           4  os_core.o(.data)
    OSEventFreeList                          0x20000318   Data           4  os_core.o(.data)
    OSFlagFreeList                           0x2000031c   Data           4  os_core.o(.data)
    OSCPUUsage                               0x20000320   Data           1  os_core.o(.data)
    OSIdleCtrMax                             0x20000324   Data           4  os_core.o(.data)
    OSIdleCtrRun                             0x20000328   Data           4  os_core.o(.data)
    OSStatRdy                                0x2000032c   Data           1  os_core.o(.data)
    OSIntNesting                             0x2000032d   Data           1  os_core.o(.data)
    OSLockNesting                            0x2000032e   Data           1  os_core.o(.data)
    OSPrioCur                                0x2000032f   Data           1  os_core.o(.data)
    OSPrioHighRdy                            0x20000330   Data           1  os_core.o(.data)
    OSRdyGrp                                 0x20000331   Data           1  os_core.o(.data)
    OSRdyTbl                                 0x20000332   Data           8  os_core.o(.data)
    OSRunning                                0x2000033a   Data           1  os_core.o(.data)
    OSTaskCtr                                0x2000033b   Data           1  os_core.o(.data)
    OSIdleCtr                                0x2000033c   Data           4  os_core.o(.data)
    OSTCBCur                                 0x20000340   Data           4  os_core.o(.data)
    OSTCBFreeList                            0x20000344   Data           4  os_core.o(.data)
    OSTCBHighRdy                             0x20000348   Data           4  os_core.o(.data)
    OSTCBList                                0x2000034c   Data           4  os_core.o(.data)
    OSTickStepState                          0x20000350   Data           1  os_core.o(.data)
    OSMemFreeList                            0x20000354   Data           4  os_core.o(.data)
    OSQFreeList                              0x20000358   Data           4  os_core.o(.data)
    OSTime                                   0x2000035c   Data           4  os_core.o(.data)
    OSTmrFree                                0x20000360   Data           2  os_core.o(.data)
    OSTmrUsed                                0x20000362   Data           2  os_core.o(.data)
    OSTmrTime                                0x20000364   Data           4  os_core.o(.data)
    OSTmrSem                                 0x20000368   Data           4  os_core.o(.data)
    OSTmrSemSignal                           0x2000036c   Data           4  os_core.o(.data)
    OSTmrFreeList                            0x20000370   Data           4  os_core.o(.data)
    OSInterrputSum                           0x20000374   Data           4  os_cpu_c.o(.data)
    mallco_dev                               0x2000037c   Data          36  malloc.o(.data)
    KEY_TASK_STK                             0x200003a0   Data         512  main.o(.bss)
    LED_TASK_STK                             0x200005a0   Data         256  main.o(.bss)
    DISPLAY_TASK_STK                         0x200006a0   Data         512  main.o(.bss)
    START_TASK_STK                           0x200008a0   Data         512  main.o(.bss)
    lcddev                                   0x20000aa0   Data          14  lcd.o(.bss)
    out                                      0x20000ab0   Data          24  sensor.o(.bss)
    out2                                     0x20000ac8   Data          24  sensor.o(.bss)
    out3                                     0x20000ae0   Data          24  sensor.o(.bss)
    out4                                     0x20000af8   Data          24  sensor.o(.bss)
    out5                                     0x20000b10   Data          24  sensor.o(.bss)
    anglef                                   0x20000b28   Data          24  sensor.o(.bss)
    anglef2                                  0x20000b40   Data          24  sensor.o(.bss)
    anglef3                                  0x20000b58   Data          24  sensor.o(.bss)
    anglef4                                  0x20000b70   Data          24  sensor.o(.bss)
    anglem                                   0x20000b88   Data          24  sensor.o(.bss)
    angle                                    0x20000ba0   Data          24  sensor.o(.bss)
    angle2                                   0x20000bb8   Data          24  sensor.o(.bss)
    angle3                                   0x20000bd0   Data          24  sensor.o(.bss)
    angle4                                   0x20000be8   Data          24  sensor.o(.bss)
    angle_udp                                0x20000c00   Data          96  sensor.o(.bss)
    RX_Frame_Descriptor                      0x20000c60   Data          12  stm32f4x7_eth.o(.bss)
    USART_RX_BUF                             0x20000c6c   Data         200  usart.o(.bss)
    lwipdev                                  0x20000d34   Data          23  lwip_comm.o(.bss)
    lwip_netif                               0x20000d4c   Data          52  lwip_comm.o(.bss)
    UDP_TASK_STK                             0x20000d80   Data        1200  udp_demo.o(.bss)
    udp_demo_recvbuf                         0x20001230   Data        2000  udp_demo.o(.bss)
    dhcp_rx_options_val                      0x20001ad8   Data          40  dhcp.o(.bss)
    dhcp_rx_options_given                    0x20001b00   Data          10  dhcp.o(.bss)
    OSEventTbl                               0x20001bb8   Data         240  os_core.o(.bss)
    OSFlagTbl                                0x20001ca8   Data          80  os_core.o(.bss)
    OSTaskStatStk                            0x20001cf8   Data         512  os_core.o(.bss)
    OSTaskIdleStk                            0x20001ef8   Data         512  os_core.o(.bss)
    OSTCBPrioTbl                             0x200020f8   Data         256  os_core.o(.bss)
    OSTCBTbl                                 0x200021f8   Data        1008  os_core.o(.bss)
    OSMemTbl                                 0x200025e8   Data         120  os_core.o(.bss)
    OSQTbl                                   0x20002660   Data         120  os_core.o(.bss)
    OSTmrTbl                                 0x200026d8   Data         640  os_core.o(.bss)
    OSTmrTaskStk                             0x20002958   Data         512  os_core.o(.bss)
    OSTmrWheelTbl                            0x20002b58   Data          64  os_core.o(.bss)
    mem1base                                 0x20002b98   Data       102400  malloc.o(.bss)
    mem1mapbase                              0x2001bb98   Data        6400  malloc.o(.bss)
    __libspace_start                         0x2001d498   Data          96  libspace.o(.bss)
    __temporary_stack_top$libspace           0x2001d4f8   Data           0  libspace.o(.bss)
    mem2base                                 0x68000000   Data       204800  malloc.o(.ARM.__AT_0x68000000)
    mem2mapbase                              0x68032000   Data       12800  malloc.o(.ARM.__AT_0x68032000)



==============================================================================

Memory Map of the image

  Image Entry point : 0x08000189

  Load Region LR_IROM1 (Base: 0x08000000, Size: 0x00022f40, Max: 0x00100000, ABSOLUTE, COMPRESSED[0x00022ccc])

    Execution Region ER_IROM1 (Base: 0x08000000, Size: 0x00022ba0, Max: 0x00100000, ABSOLUTE)

    Base Addr    Size         Type   Attr      Idx    E Section Name        Object

    0x08000000   0x00000188   Data   RO          480    RESET               startup_stm32f40_41xxx.o
    0x08000188   0x00000008   Code   RO         2258  * !!!main             c_w.l(__main.o)
    0x08000190   0x00000034   Code   RO         2522    !!!scatter          c_w.l(__scatter.o)
    0x080001c4   0x0000005a   Code   RO         2520    !!dczerorl2         c_w.l(__dczerorl2.o)
    0x0800021e   0x00000002   PAD
    0x08000220   0x0000001c   Code   RO         2524    !!handler_zi        c_w.l(__scatter_zi.o)
    0x0800023c   0x00000000   Code   RO         2243    .ARM.Collect$$_printf_percent$$00000000  c_w.l(_printf_percent.o)
    0x0800023c   0x00000006   Code   RO         2242    .ARM.Collect$$_printf_percent$$00000003  c_w.l(_printf_f.o)
    0x08000242   0x00000006   Code   RO         2240    .ARM.Collect$$_printf_percent$$00000009  c_w.l(_printf_d.o)
    0x08000248   0x00000006   Code   RO         2241    .ARM.Collect$$_printf_percent$$0000000A  c_w.l(_printf_u.o)
    0x0800024e   0x00000006   Code   RO         2239    .ARM.Collect$$_printf_percent$$0000000C  c_w.l(_printf_x.o)
    0x08000254   0x00000006   Code   RO         2237    .ARM.Collect$$_printf_percent$$00000013  c_w.l(_printf_c.o)
    0x0800025a   0x00000006   Code   RO         2238    .ARM.Collect$$_printf_percent$$00000014  c_w.l(_printf_s.o)
    0x08000260   0x00000004   Code   RO         2312    .ARM.Collect$$_printf_percent$$00000017  c_w.l(_printf_percent_end.o)
    0x08000264   0x00000002   Code   RO         2445    .ARM.Collect$$libinit$$00000000  c_w.l(libinit.o)
    0x08000266   0x00000004   Code   RO         2385    .ARM.Collect$$libinit$$00000001  c_w.l(libinit2.o)
    0x0800026a   0x00000000   Code   RO         2388    .ARM.Collect$$libinit$$00000004  c_w.l(libinit2.o)
    0x0800026a   0x00000000   Code   RO         2391    .ARM.Collect$$libinit$$0000000A  c_w.l(libinit2.o)
    0x0800026a   0x00000000   Code   RO         2393    .ARM.Collect$$libinit$$0000000C  c_w.l(libinit2.o)
    0x0800026a   0x00000000   Code   RO         2395    .ARM.Collect$$libinit$$0000000E  c_w.l(libinit2.o)
    0x0800026a   0x00000006   Code   RO         2396    .ARM.Collect$$libinit$$0000000F  c_w.l(libinit2.o)
    0x08000270   0x00000000   Code   RO         2398    .ARM.Collect$$libinit$$00000011  c_w.l(libinit2.o)
    0x08000270   0x0000000c   Code   RO         2399    .ARM.Collect$$libinit$$00000012  c_w.l(libinit2.o)
    0x0800027c   0x00000000   Code   RO         2400    .ARM.Collect$$libinit$$00000013  c_w.l(libinit2.o)
    0x0800027c   0x00000000   Code   RO         2402    .ARM.Collect$$libinit$$00000015  c_w.l(libinit2.o)
    0x0800027c   0x0000000a   Code   RO         2403    .ARM.Collect$$libinit$$00000016  c_w.l(libinit2.o)
    0x08000286   0x00000000   Code   RO         2404    .ARM.Collect$$libinit$$00000017  c_w.l(libinit2.o)
    0x08000286   0x00000000   Code   RO         2406    .ARM.Collect$$libinit$$00000019  c_w.l(libinit2.o)
    0x08000286   0x00000000   Code   RO         2408    .ARM.Collect$$libinit$$0000001B  c_w.l(libinit2.o)
    0x08000286   0x00000000   Code   RO         2410    .ARM.Collect$$libinit$$0000001D  c_w.l(libinit2.o)
    0x08000286   0x00000000   Code   RO         2412    .ARM.Collect$$libinit$$0000001F  c_w.l(libinit2.o)
    0x08000286   0x00000000   Code   RO         2414    .ARM.Collect$$libinit$$00000021  c_w.l(libinit2.o)
    0x08000286   0x00000000   Code   RO         2416    .ARM.Collect$$libinit$$00000023  c_w.l(libinit2.o)
    0x08000286   0x00000000   Code   RO         2418    .ARM.Collect$$libinit$$00000025  c_w.l(libinit2.o)
    0x08000286   0x00000000   Code   RO         2422    .ARM.Collect$$libinit$$0000002C  c_w.l(libinit2.o)
    0x08000286   0x00000000   Code   RO         2424    .ARM.Collect$$libinit$$0000002E  c_w.l(libinit2.o)
    0x08000286   0x00000000   Code   RO         2426    .ARM.Collect$$libinit$$00000030  c_w.l(libinit2.o)
    0x08000286   0x00000000   Code   RO         2428    .ARM.Collect$$libinit$$00000032  c_w.l(libinit2.o)
    0x08000286   0x00000002   Code   RO         2429    .ARM.Collect$$libinit$$00000033  c_w.l(libinit2.o)
    0x08000288   0x00000002   Code   RO         2478    .ARM.Collect$$libshutdown$$00000000  c_w.l(libshutdown.o)
    0x0800028a   0x00000000   Code   RO         2485    .ARM.Collect$$libshutdown$$00000003  c_w.l(libshutdown2.o)
    0x0800028a   0x00000000   Code   RO         2488    .ARM.Collect$$libshutdown$$00000006  c_w.l(libshutdown2.o)
    0x0800028a   0x00000000   Code   RO         2491    .ARM.Collect$$libshutdown$$00000009  c_w.l(libshutdown2.o)
    0x0800028a   0x00000000   Code   RO         2493    .ARM.Collect$$libshutdown$$0000000B  c_w.l(libshutdown2.o)
    0x0800028a   0x00000000   Code   RO         2496    .ARM.Collect$$libshutdown$$0000000E  c_w.l(libshutdown2.o)
    0x0800028a   0x00000002   Code   RO         2497    .ARM.Collect$$libshutdown$$0000000F  c_w.l(libshutdown2.o)
    0x0800028c   0x00000000   Code   RO         2294    .ARM.Collect$$rtentry$$00000000  c_w.l(__rtentry.o)
    0x0800028c   0x00000000   Code   RO         2333    .ARM.Collect$$rtentry$$00000002  c_w.l(__rtentry2.o)
    0x0800028c   0x00000006   Code   RO         2345    .ARM.Collect$$rtentry$$00000004  c_w.l(__rtentry4.o)
    0x08000292   0x00000000   Code   RO         2335    .ARM.Collect$$rtentry$$00000009  c_w.l(__rtentry2.o)
    0x08000292   0x00000004   Code   RO         2336    .ARM.Collect$$rtentry$$0000000A  c_w.l(__rtentry2.o)
    0x08000296   0x00000000   Code   RO         2338    .ARM.Collect$$rtentry$$0000000C  c_w.l(__rtentry2.o)
    0x08000296   0x00000008   Code   RO         2339    .ARM.Collect$$rtentry$$0000000D  c_w.l(__rtentry2.o)
    0x0800029e   0x00000002   Code   RO         2448    .ARM.Collect$$rtexit$$00000000  c_w.l(rtexit.o)
    0x080002a0   0x00000000   Code   RO         2457    .ARM.Collect$$rtexit$$00000002  c_w.l(rtexit2.o)
    0x080002a0   0x00000004   Code   RO         2458    .ARM.Collect$$rtexit$$00000003  c_w.l(rtexit2.o)
    0x080002a4   0x00000006   Code   RO         2459    .ARM.Collect$$rtexit$$00000004  c_w.l(rtexit2.o)
    0x080002aa   0x00000002   PAD
    0x080002ac   0x00000614   Code   RO            3    .text               main.o
    0x080008c0   0x00000014   Code   RO          230    .text               stm32f4xx_it.o
    0x080008d4   0x00000210   Code   RO          279    .text               system_stm32f4xx.o
    0x08000ae4   0x000000e0   Code   RO          305    .text               key.o
    0x08000bc4   0x00000084   Code   RO          326    .text               led.o
    0x08000c48   0x00000070   Code   RO          346    .text               timer.o
    0x08000cb8   0x00004ca8   Code   RO          366    .text               lcd.o
    0x08005960   0x00000390   Code   RO          404    .text               lan8720.o
    0x08005cf0   0x000002a4   Code   RO          435    .text               sram.o
    0x08005f94   0x00001a70   Code   RO          455    .text               sensor.o
    0x08007a04   0x00000040   Code   RO          481    .text               startup_stm32f40_41xxx.o
    0x08007a44   0x000000e0   Code   RO          487    .text               misc.o
    0x08007b24   0x00000294   Code   RO          507    .text               stm32f4xx_gpio.o
    0x08007db8   0x0000065c   Code   RO          527    .text               stm32f4xx_rcc.o
    0x08008414   0x00000094   Code   RO          549    .text               stm32f4xx_syscfg.o
    0x080084a8   0x00000ca2   Code   RO          569    .text               stm32f4xx_tim.o
    0x0800914a   0x00000002   PAD
    0x0800914c   0x00000454   Code   RO          589    .text               stm32f4xx_usart.o
    0x080095a0   0x00000e40   Code   RO          609    .text               stm32f4x7_eth.o
    0x0800a3e0   0x000005c8   Code   RO          656    .text               stm32f4xx_fsmc.o
    0x0800a9a8   0x00000128   Code   RO          679    .text               delay.o
    0x0800aad0   0x0000015c   Code   RO          719    .text               usart.o
    0x0800ac2c   0x00000c3c   Code   RO          750    .text               usmart.o
    0x0800b868   0x00000528   Code   RO          795    .text               usmart_str.o
    0x0800bd90   0x00000518   Code   RO          815    .text               lwip_comm.o
    0x0800c2a8   0x00000150   Code   RO          940    .text               udp_demo.o
    0x0800c3f8   0x00000e84   Code   RO          983    .text               etharp.o
    0x0800d27c   0x00000228   Code   RO         1027    .text               ethernetif.o
    0x0800d4a4   0x00000424   Code   RO         1083    .text               icmp.o
    0x0800d8c8   0x000002b4   Code   RO         1148    .text               inet_chksum.o
    0x0800db7c   0x00000430   Code   RO         1168    .text               ip.o
    0x0800dfac   0x0000032c   Code   RO         1203    .text               ip_addr.o
    0x0800e2d8   0x00000a28   Code   RO         1240    .text               ip_frag.o
    0x0800ed00   0x0000003e   Code   RO         1265    .text               def.o
    0x0800ed3e   0x00000002   PAD
    0x0800ed40   0x00001a6c   Code   RO         1285    .text               dhcp.o
    0x080107ac   0x00000024   Code   RO         1327    .text               init.o
    0x080107d0   0x000001d4   Code   RO         1362    .text               memp.o
    0x080109a4   0x00000340   Code   RO         1403    .text               netif.o
    0x08010ce4   0x000010a0   Code   RO         1433    .text               pbuf.o
    0x08011d84   0x0000024c   Code   RO         1453    .text               raw.o
    0x08011fd0   0x0000148c   Code   RO         1489    .text               tcp.o
    0x0801345c   0x00001878   Code   RO         1521    .text               tcp_in.o
    0x08014cd4   0x00001346   Code   RO         1552    .text               tcp_out.o
    0x0801601a   0x00000002   PAD
    0x0801601c   0x00000330   Code   RO         1573    .text               timers.o
    0x0801634c   0x000005e8   Code   RO         1622    .text               udp.o
    0x08016934   0x00000744   Code   RO         1659    .text               mem.o
    0x08017078   0x000003d4   Code   RO         1682    .text               sys_arch.o
    0x0801744c   0x00000bfc   Code   RO         1715    .text               api_lib.o
    0x08018048   0x000017c0   Code   RO         1754    .text               api_msg.o
    0x08019808   0x000003b0   Code   RO         1797    .text               netbuf.o
    0x08019bb8   0x00001c58   Code   RO         1848    .text               sockets.o
    0x0801b810   0x000003b8   Code   RO         1872    .text               tcpip.o
    0x0801bbc8   0x00000970   Code   RO         1903    .text               os_core.o
    0x0801c538   0x0000080c   Code   RO         1931    .text               os_flag.o
    0x0801cd44   0x000001e4   Code   RO         1971    .text               os_mem.o
    0x0801cf28   0x000005f8   Code   RO         2011    .text               os_q.o
    0x0801d520   0x000003dc   Code   RO         2031    .text               os_sem.o
    0x0801d8fc   0x000007c4   Code   RO         2051    .text               os_task.o
    0x0801e0c0   0x000001b0   Code   RO         2071    .text               os_time.o
    0x0801e270   0x00000670   Code   RO         2091    .text               os_tmr.o
    0x0801e8e0   0x000001e8   Code   RO         2111    .text               os_cpu_c.o
    0x0801eac8   0x000000c8   Code   RO         2139    .text               os_cpu_a.o
    0x0801eb90   0x00000234   Code   RO         2144    .text               malloc.o
    0x0801edc4   0x00000002   Code   RO         2176    .text               c_w.l(use_no_semi_2.o)
    0x0801edc6   0x00000002   PAD
    0x0801edc8   0x00000010   Code   RO         2178    .text               c_w.l(rt_ctype_table.o)
    0x0801edd8   0x00000018   Code   RO         2184    .text               c_w.l(noretval__2printf.o)
    0x0801edf0   0x00000028   Code   RO         2186    .text               c_w.l(noretval__2sprintf.o)
    0x0801ee18   0x0000004e   Code   RO         2190    .text               c_w.l(_printf_pad.o)
    0x0801ee66   0x00000052   Code   RO         2192    .text               c_w.l(_printf_str.o)
    0x0801eeb8   0x00000078   Code   RO         2194    .text               c_w.l(_printf_dec.o)
    0x0801ef30   0x00000058   Code   RO         2199    .text               c_w.l(_printf_hex_int.o)
    0x0801ef88   0x00000188   Code   RO         2234    .text               c_w.l(__printf_flags_ss_wp.o)
    0x0801f110   0x00000058   Code   RO         2244    .text               c_w.l(memcmp.o)
    0x0801f168   0x0000003e   Code   RO         2246    .text               c_w.l(strlen.o)
    0x0801f1a6   0x0000008a   Code   RO         2248    .text               c_w.l(rt_memcpy_v6.o)
    0x0801f230   0x00000044   Code   RO         2250    .text               c_w.l(rt_memclr.o)
    0x0801f274   0x0000004e   Code   RO         2252    .text               c_w.l(rt_memclr_w.o)
    0x0801f2c2   0x00000002   PAD
    0x0801f2c4   0x00000080   Code   RO         2254    .text               c_w.l(strcmpv7m.o)
    0x0801f344   0x00000006   Code   RO         2256    .text               c_w.l(heapauxi.o)
    0x0801f34a   0x00000002   Code   RO         2292    .text               c_w.l(use_no_semi.o)
    0x0801f34c   0x00000008   Code   RO         2298    .text               c_w.l(rt_locale_intlibspace.o)
    0x0801f354   0x000000b2   Code   RO         2300    .text               c_w.l(_printf_intcommon.o)
    0x0801f406   0x0000041a   Code   RO         2302    .text               c_w.l(_printf_fp_dec.o)
    0x0801f820   0x00000030   Code   RO         2304    .text               c_w.l(_printf_char_common.o)
    0x0801f850   0x0000000a   Code   RO         2306    .text               c_w.l(_sputc.o)
    0x0801f85a   0x0000002c   Code   RO         2308    .text               c_w.l(_printf_char.o)
    0x0801f886   0x00000002   PAD
    0x0801f888   0x00000024   Code   RO         2310    .text               c_w.l(_printf_char_file.o)
    0x0801f8ac   0x00000064   Code   RO         2316    .text               c_w.l(rt_memcpy_w.o)
    0x0801f910   0x00000008   Code   RO         2329    .text               c_w.l(libspace.o)
    0x0801f918   0x0000008a   Code   RO         2347    .text               c_w.l(lludiv10.o)
    0x0801f9a2   0x00000002   PAD
    0x0801f9a4   0x00000080   Code   RO         2349    .text               c_w.l(_printf_fp_infnan.o)
    0x0801fa24   0x000000dc   Code   RO         2353    .text               c_w.l(bigflt0.o)
    0x0801fb00   0x00000008   Code   RO         2378    .text               c_w.l(ferror.o)
    0x0801fb08   0x0000004a   Code   RO         2434    .text               c_w.l(sys_stackheap_outer.o)
    0x0801fb52   0x0000000c   Code   RO         2436    .text               c_w.l(exit.o)
    0x0801fb5e   0x0000003e   Code   RO         2356    CL$$btod_d2e        c_w.l(btod.o)
    0x0801fb9c   0x00000046   Code   RO         2358    CL$$btod_d2e_denorm_low  c_w.l(btod.o)
    0x0801fbe2   0x00000060   Code   RO         2357    CL$$btod_d2e_norm_op1  c_w.l(btod.o)
    0x0801fc42   0x00000338   Code   RO         2366    CL$$btod_div_common  c_w.l(btod.o)
    0x0801ff7a   0x000000c6   Code   RO         2363    CL$$btod_e2e        c_w.l(btod.o)
    0x08020040   0x00000028   Code   RO         2360    CL$$btod_ediv       c_w.l(btod.o)
    0x08020068   0x00000028   Code   RO         2359    CL$$btod_emul       c_w.l(btod.o)
    0x08020090   0x00000244   Code   RO         2365    CL$$btod_mult_common  c_w.l(btod.o)
    0x080202d4   0x00000030   Code   RO         2432    i.__ARM_fpclassify  m_wm.l(fpclassify.o)
    0x08020304   0x00000014   Code   RO         2286    i.__hardfp_fabs     m_wm.l(fabs.o)
    0x08020318   0x0000000e   Code   RO         2227    i._is_digit         c_w.l(__printf_wp.o)
    0x08020326   0x00000002   PAD
    0x08020328   0x0000002c   Code   RO         2314    locale$$code        c_w.l(lc_ctype_c.o)
    0x08020354   0x0000002c   Code   RO         2383    locale$$code        c_w.l(lc_numeric_c.o)
    0x08020380   0x00000062   Code   RO         2260    x$fpl$d2f           fz_wm.l(d2f.o)
    0x080203e2   0x00000018   Code   RO         2318    x$fpl$dcmpinf       fz_wm.l(dcmpi.o)
    0x080203fa   0x00000002   PAD
    0x080203fc   0x000002b0   Code   RO         2263    x$fpl$ddiv          fz_wm.l(ddiv.o)
    0x080206ac   0x00000078   Code   RO         2266    x$fpl$deqf          fz_wm.l(deqf.o)
    0x08020724   0x0000005a   Code   RO         2268    x$fpl$dfixu         fz_wm.l(dfixu.o)
    0x0802077e   0x0000002e   Code   RO         2273    x$fpl$dflt          fz_wm.l(dflt_clz.o)
    0x080207ac   0x00000026   Code   RO         2272    x$fpl$dfltu         fz_wm.l(dflt_clz.o)
    0x080207d2   0x00000002   PAD
    0x080207d4   0x00000078   Code   RO         2278    x$fpl$dleqf         fz_wm.l(dleqf.o)
    0x0802084c   0x00000154   Code   RO         2280    x$fpl$dmul          fz_wm.l(dmul.o)
    0x080209a0   0x0000009c   Code   RO         2320    x$fpl$dnaninf       fz_wm.l(dnaninf.o)
    0x08020a3c   0x0000000c   Code   RO         2322    x$fpl$dretinf       fz_wm.l(dretinf.o)
    0x08020a48   0x00000056   Code   RO         2282    x$fpl$f2d           fz_wm.l(f2d.o)
    0x08020a9e   0x0000008c   Code   RO         2324    x$fpl$fnaninf       fz_wm.l(fnaninf.o)
    0x08020b2a   0x0000000a   Code   RO         2446    x$fpl$fpinit        fz_wm.l(fpinit.o)
    0x08020b34   0x0000000a   Code   RO         2326    x$fpl$fretinf       fz_wm.l(fretinf.o)
    0x08020b3e   0x00000004   Code   RO         2284    x$fpl$printf1       fz_wm.l(printf1.o)
    0x08020b42   0x00000000   Code   RO         2328    x$fpl$usenofp       fz_wm.l(usenofp.o)
    0x08020b42   0x000017c0   Data   RO          368    .constdata          lcd.o
    0x08022302   0x00000002   PAD
    0x08022304   0x0000001c   Data   RO          657    .constdata          stm32f4xx_fsmc.o
    0x08022320   0x0000000c   Data   RO          985    .constdata          etharp.o
    0x0802232c   0x00000008   Data   RO         1205    .constdata          ip_addr.o
    0x08022334   0x00000038   Data   RO         1364    .constdata          memp.o
    0x0802236c   0x00000050   Data   RO         1490    .constdata          tcp.o
    0x080223bc   0x00000004   Data   RO         1683    .constdata          sys_arch.o
    0x080223c0   0x00000040   Data   RO         1850    .constdata          sockets.o
    0x08022400   0x00000100   Data   RO         1905    .constdata          os_core.o
    0x08022500   0x00000024   Data   RO         2150    .constdata          malloc.o
    0x08022524   0x00000028   Data   RO         2200    .constdata          c_w.l(_printf_hex_int.o)
    0x0802254c   0x00000011   Data   RO         2235    .constdata          c_w.l(__printf_flags_ss_wp.o)
    0x0802255d   0x00000003   PAD
    0x08022560   0x00000094   Data   RO         2354    .constdata          c_w.l(bigflt0.o)
    0x080225f4   0x0000007c   Data   RO          457    .conststring        sensor.o
    0x08022670   0x00000028   Data   RO          751    .conststring        usmart.o
    0x08022698   0x00000153   Data   RO          774    .conststring        usmart_config.o
    0x080227eb   0x00000001   PAD
    0x080227ec   0x00000030   Data   RO          942    .conststring        udp_demo.o
    0x0802281c   0x00000044   Data   RO          986    .conststring        etharp.o
    0x08022860   0x0000008c   Data   RO         1287    .conststring        dhcp.o
    0x080228ec   0x000000a0   Data   RO         1365    .conststring        memp.o
    0x0802298c   0x0000006d   Data   RO         1491    .conststring        tcp.o
    0x080229f9   0x00000003   PAD
    0x080229fc   0x00000055   Data   RO         1553    .conststring        tcp_out.o
    0x08022a51   0x00000003   PAD
    0x08022a54   0x00000020   Data   RO         2518    Region$$Table       anon$$obj.o
    0x08022a74   0x00000110   Data   RO         2313    locale$$data        c_w.l(lc_ctype_c.o)
    0x08022b84   0x0000001c   Data   RO         2382    locale$$data        c_w.l(lc_numeric_c.o)


    Execution Region RW_IRAM1 (Base: 0x20000000, Size: 0x0001daf8, Max: 0x00020000, ABSOLUTE, COMPRESSED[0x0000012c])

    Base Addr    Size         Type   Attr      Idx    E Section Name        Object

    0x20000000   0x00000014   Data   RW          280    .data               system_stm32f4xx.o
    0x20000014   0x00000001   Data   RW          306    .data               key.o
    0x20000015   0x00000001   PAD
    0x20000016   0x00000004   Data   RW          369    .data               lcd.o
    0x2000001a   0x00000002   PAD
    0x2000001c   0x00000010   Data   RW          405    .data               lan8720.o
    0x2000002c   0x00000012   Data   RW          458    .data               sensor.o
    0x2000003e   0x00000010   Data   RW          528    .data               stm32f4xx_rcc.o
    0x2000004e   0x00000002   PAD
    0x20000050   0x00000010   Data   RW          611    .data               stm32f4x7_eth.o
    0x20000060   0x00000004   Data   RW          680    .data               delay.o
    0x20000064   0x00000006   Data   RW          721    .data               usart.o
    0x2000006a   0x00000002   PAD
    0x2000006c   0x0000001c   Data   RW          752    .data               usmart.o
    0x20000088   0x0000013c   Data   RW          775    .data               usmart_config.o
    0x200001c4   0x00000008   Data   RW          817    .data               lwip_comm.o
    0x200001cc   0x0000005c   Data   RW          943    .data               udp_demo.o
    0x20000228   0x00000001   Data   RW          987    .data               etharp.o
    0x20000229   0x00000003   PAD
    0x2000022c   0x00000012   Data   RW         1169    .data               ip.o
    0x2000023e   0x00000002   PAD
    0x20000240   0x00000006   Data   RW         1241    .data               ip_frag.o
    0x20000246   0x00000002   PAD
    0x20000248   0x00000004   Data   RW         1288    .data               dhcp.o
    0x2000024c   0x0000003c   Data   RW         1366    .data               memp.o
    0x20000288   0x00000009   Data   RW         1404    .data               netif.o
    0x20000291   0x00000003   PAD
    0x20000294   0x00000004   Data   RW         1454    .data               raw.o
    0x20000298   0x00000024   Data   RW         1492    .data               tcp.o
    0x200002bc   0x00000020   Data   RW         1523    .data               tcp_in.o
    0x200002dc   0x00000008   Data   RW         1574    .data               timers.o
    0x200002e4   0x00000008   Data   RW         1623    .data               udp.o
    0x200002ec   0x00000014   Data   RW         1660    .data               mem.o
    0x20000300   0x00000008   Data   RW         1851    .data               sockets.o
    0x20000308   0x0000000c   Data   RW         1873    .data               tcpip.o
    0x20000314   0x00000060   Data   RW         1906    .data               os_core.o
    0x20000374   0x00000006   Data   RW         2112    .data               os_cpu_c.o
    0x2000037a   0x00000002   PAD
    0x2000037c   0x00000024   Data   RW         2151    .data               malloc.o
    0x200003a0   0x00000700   Zero   RW            4    .bss                main.o
    0x20000aa0   0x0000000e   Zero   RW          367    .bss                lcd.o
    0x20000aae   0x00000002   PAD
    0x20000ab0   0x000001b0   Zero   RW          456    .bss                sensor.o
    0x20000c60   0x0000000c   Zero   RW          610    .bss                stm32f4x7_eth.o
    0x20000c6c   0x000000c8   Zero   RW          720    .bss                usart.o
    0x20000d34   0x0000004c   Zero   RW          816    .bss                lwip_comm.o
    0x20000d80   0x00000c80   Zero   RW          941    .bss                udp_demo.o
    0x20001a00   0x000000c8   Zero   RW          984    .bss                etharp.o
    0x20001ac8   0x00000010   Zero   RW         1204    .bss                ip_addr.o
    0x20001ad8   0x00000032   Zero   RW         1286    .bss                dhcp.o
    0x20001b0a   0x00000002   PAD
    0x20001b0c   0x00000038   Zero   RW         1363    .bss                memp.o
    0x20001b44   0x00000014   Zero   RW         1522    .bss                tcp_in.o
    0x20001b58   0x00000060   Zero   RW         1849    .bss                sockets.o
    0x20001bb8   0x00000fe0   Zero   RW         1904    .bss                os_core.o
    0x20002b98   0x0001a900   Zero   RW         2149    .bss                malloc.o
    0x2001d498   0x00000060   Zero   RW         2330    .bss                c_w.l(libspace.o)
    0x2001d4f8   0x00000200   Zero   RW          479    HEAP                startup_stm32f40_41xxx.o
    0x2001d6f8   0x00000400   Zero   RW          478    STACK               startup_stm32f40_41xxx.o



  Load Region LR$$.ARM.__AT_0x10000000 (Base: 0x10000000, Size: 0x00000000, Max: 0x0000f000, ABSOLUTE)

    Execution Region ER$$.ARM.__AT_0x10000000 (Base: 0x10000000, Size: 0x0000f000, Max: 0x0000f000, ABSOLUTE, UNINIT)

    Base Addr    Size         Type   Attr      Idx    E Section Name        Object

    0x10000000   0x0000f000   Zero   RW         2145    .ARM.__AT_0x10000000  malloc.o



  Load Region LR$$.ARM.__AT_0x1000F000 (Base: 0x1000f000, Size: 0x00000000, Max: 0x00000f00, ABSOLUTE)

    Execution Region ER$$.ARM.__AT_0x1000F000 (Base: 0x1000f000, Size: 0x00000f00, Max: 0x00000f00, ABSOLUTE, UNINIT)

    Base Addr    Size         Type   Attr      Idx    E Section Name        Object

    0x1000f000   0x00000f00   Zero   RW         2146    .ARM.__AT_0x1000F000  malloc.o



  Load Region LR$$.ARM.__AT_0x68000000 (Base: 0x68000000, Size: 0x00000000, Max: 0x00032000, ABSOLUTE)

    Execution Region ER$$.ARM.__AT_0x68000000 (Base: 0x68000000, Size: 0x00032000, Max: 0x00032000, ABSOLUTE, UNINIT)

    Base Addr    Size         Type   Attr      Idx    E Section Name        Object

    0x68000000   0x00032000   Zero   RW         2147    .ARM.__AT_0x68000000  malloc.o



  Load Region LR$$.ARM.__AT_0x68032000 (Base: 0x68032000, Size: 0x00000000, Max: 0x00003200, ABSOLUTE)

    Execution Region ER$$.ARM.__AT_0x68032000 (Base: 0x68032000, Size: 0x00003200, Max: 0x00003200, ABSOLUTE, UNINIT)

    Base Addr    Size         Type   Attr      Idx    E Section Name        Object

    0x68032000   0x00003200   Zero   RW         2148    .ARM.__AT_0x68032000  malloc.o


==============================================================================

Image component sizes


      Code (inc. data)   RO Data    RW Data    ZI Data      Debug   Object Name

      3068        818          0          0          0      17761   api_lib.o
      6080       1222          0          0          0      10255   api_msg.o
        62          0          0          0          0       1258   def.o
       296         16          0          4          0       1853   delay.o
      6764       1090        140          4         50      13274   dhcp.o
      3716        604         80          1        200      10667   etharp.o
       552        134          0          0          0       4874   ethernetif.o
      1060        372          0          0          0       6917   icmp.o
         0          0          0          0          0       1888   inet.o
       692        104          0          0          0       3057   inet_chksum.o
        36          0          0          0          0       4636   init.o
      1072        172          0         18          0       7283   ip.o
       812        112          8          0         16       9659   ip_addr.o
      2600        486          0          6          0       7456   ip_frag.o
       224         20          0          1          0        892   key.o
       912         56          0         16          0       3809   lan8720.o
     19624        168       6080          4         14      22378   lcd.o
       132         10          0          0          0        863   led.o
      1304        474          0          8         76      31372   lwip_comm.o
      1556        544          0          0       1792     340107   main.o
       564         18         36         36     391680       4951   malloc.o
      1860        568          0         20          0       4210   mem.o
       468        196        216         60         56       3212   memp.o
       224         20          0          0          0       2013   misc.o
       944        340          0          0          0       3065   netbuf.o
       832        124          0          9          0       6521   netif.o
      2416        248        256         96       4064      17128   os_core.o
       200         32          0          0          0        356   os_cpu_a.o
       488          8          0          6          0      12366   os_cpu_c.o
      2060         42          0          0          0       6960   os_flag.o
       484         16          0          0          0       3184   os_mem.o
      1528         34          0          0          0       5601   os_q.o
       988         64          0          0          0       3966   os_sem.o
      1988         70          0          0          0       7617   os_task.o
       432         30          0          0          0       1834   os_time.o
      1648        134          0          0          0       5581   os_tmr.o
      4256       1236          0          0          0       9317   pbuf.o
       588        134          0          4          0       3453   raw.o
      6768        338        124         18        432       6320   sensor.o
      7256        666         64          8         96      17590   sockets.o
       676         18          0          0          0       2293   sram.o
        64         26        392          0       1536        864   startup_stm32f40_41xxx.o
      3648         96          0         16         12      19814   stm32f4x7_eth.o
      1480         18         28          0          0       5862   stm32f4xx_fsmc.o
       660         44          0          0          0       4289   stm32f4xx_gpio.o
        20          0          0          0          0        975   stm32f4xx_it.o
      1628         52          0         16          0      13128   stm32f4xx_rcc.o
       148         12          0          0          0       1929   stm32f4xx_syscfg.o
      3234         60          0          0          0      22492   stm32f4xx_tim.o
      1108         34          0          0          0       7992   stm32f4xx_usart.o
       980        166          4          0          0       6446   sys_arch.o
       528         46          0         20          0       1867   system_stm32f4xx.o
      5260       1092        189         36          0      21827   tcp.o
      6264        964          0         32         20      15235   tcp_in.o
      4934        954         85          0          0       9759   tcp_out.o
       952        194          0         12          0      10036   tcpip.o
       112          4          0          0          0        824   timer.o
       816        186          0          8          0       3627   timers.o
      1512        202          0          8          0      14433   udp.o
       336         84         48         92       3200      10402   udp_demo.o
       348         18          0          6        200       3410   usart.o
      3132       1290         40         28          0       4366   usmart.o
         0          0        339        316          0       1704   usmart_config.o
      1320         12          0          0          0       5217   usmart_str.o

    ----------------------------------------------------------------------
    125720      16292       8170        928     403448     814295   Object Totals
         0          0         32          0          0          0   (incl. Generated)
         6          0          9         19          4          0   (incl. Padding)

    ----------------------------------------------------------------------

      Code (inc. data)   RO Data    RW Data    ZI Data      Debug   Library Member Name

        90          0          0          0          0          0   __dczerorl2.o
         8          0          0          0          0         68   __main.o
       392          4         17          0          0         92   __printf_flags_ss_wp.o
        14          0          0          0          0         68   __printf_wp.o
         0          0          0          0          0          0   __rtentry.o
        12          0          0          0          0          0   __rtentry2.o
         6          0          0          0          0          0   __rtentry4.o
        52          8          0          0          0          0   __scatter.o
        28          0          0          0          0          0   __scatter_zi.o
         6          0          0          0          0          0   _printf_c.o
        44          0          0          0          0        108   _printf_char.o
        48          6          0          0          0         96   _printf_char_common.o
        36          4          0          0          0         80   _printf_char_file.o
         6          0          0          0          0          0   _printf_d.o
       120         16          0          0          0         92   _printf_dec.o
         6          0          0          0          0          0   _printf_f.o
      1050          0          0          0          0        216   _printf_fp_dec.o
       128         16          0          0          0         84   _printf_fp_infnan.o
        88          4         40          0          0         88   _printf_hex_int.o
       178          0          0          0          0         88   _printf_intcommon.o
        78          0          0          0          0        108   _printf_pad.o
         0          0          0          0          0          0   _printf_percent.o
         4          0          0          0          0          0   _printf_percent_end.o
         6          0          0          0          0          0   _printf_s.o
        82          0          0          0          0         80   _printf_str.o
         6          0          0          0          0          0   _printf_u.o
         6          0          0          0          0          0   _printf_x.o
        10          0          0          0          0         68   _sputc.o
       220          4        148          0          0         96   bigflt0.o
      1910        128          0          0          0        672   btod.o
        12          0          0          0          0         72   exit.o
         8          0          0          0          0         68   ferror.o
         6          0          0          0          0        152   heapauxi.o
        44         10        272          0          0         76   lc_ctype_c.o
        44         10         28          0          0         76   lc_numeric_c.o
         2          0          0          0          0          0   libinit.o
        34          0          0          0          0          0   libinit2.o
         2          0          0          0          0          0   libshutdown.o
         2          0          0          0          0          0   libshutdown2.o
         8          4          0          0         96         68   libspace.o
       138          0          0          0          0         80   lludiv10.o
        88          0          0          0          0         76   memcmp.o
        24          4          0          0          0         84   noretval__2printf.o
        40          6          0          0          0         84   noretval__2sprintf.o
        16          4          0          0          0         76   rt_ctype_table.o
         8          4          0          0          0         68   rt_locale_intlibspace.o
        68          0          0          0          0         68   rt_memclr.o
        78          0          0          0          0         80   rt_memclr_w.o
       138          0          0          0          0         68   rt_memcpy_v6.o
       100          0          0          0          0         80   rt_memcpy_w.o
         2          0          0          0          0          0   rtexit.o
        10          0          0          0          0          0   rtexit2.o
       128          0          0          0          0         68   strcmpv7m.o
        62          0          0          0          0         76   strlen.o
        74          0          0          0          0         80   sys_stackheap_outer.o
         2          0          0          0          0         68   use_no_semi.o
         2          0          0          0          0         68   use_no_semi_2.o
        98          4          0          0          0        140   d2f.o
        24          0          0          0          0        116   dcmpi.o
       688        140          0          0          0        256   ddiv.o
       120          4          0          0          0        140   deqf.o
        90          4          0          0          0        140   dfixu.o
        84          0          0          0          0        232   dflt_clz.o
       120          4          0          0          0        140   dleqf.o
       340         12          0          0          0        152   dmul.o
       156          4          0          0          0        140   dnaninf.o
        12          0          0          0          0        116   dretinf.o
        86          4          0          0          0        132   f2d.o
       140          4          0          0          0        132   fnaninf.o
        10          0          0          0          0        116   fpinit.o
        10          0          0          0          0        116   fretinf.o
         4          0          0          0          0        116   printf1.o
         0          0          0          0          0          0   usenofp.o
        20          0          0          0          0        124   fabs.o
        48          0          0          0          0        124   fpclassify.o

    ----------------------------------------------------------------------
      7842        412        508          0         96       6172   Library Totals
        18          0          3          0          0          0   (incl. Padding)

    ----------------------------------------------------------------------

      Code (inc. data)   RO Data    RW Data    ZI Data      Debug   Library Name

      5774        232        505          0         96       3740   c_w.l
      1982        180          0          0          0       2184   fz_wm.l
        68          0          0          0          0        248   m_wm.l

    ----------------------------------------------------------------------
      7842        412        508          0         96       6172   Library Totals

    ----------------------------------------------------------------------

==============================================================================


      Code (inc. data)   RO Data    RW Data    ZI Data      Debug   

    133562      16704       8678        928     403544     804335   Grand Totals
    133562      16704       8678        300     403544     804335   ELF Image Totals (compressed)
    133562      16704       8678        300          0          0   ROM Totals

==============================================================================

    Total RO  Size (Code + RO Data)               142240 ( 138.91kB)
    Total RW  Size (RW Data + ZI Data)            404472 ( 394.99kB)
    Total ROM Size (Code + RO Data + RW Data)     142540 ( 139.20kB)

==============================================================================

